<html>
<body>
<pre>
<h1>µVision Build Log</h1>
<h2>Tool Versions:</h2>
IDE-Version: µVision V5.36.0.0
Copyright (C) 2021 ARM Ltd and ARM Germany GmbH. All rights reserved.
License Information: 123 KHOA, 123, LIC=LSNXV-PBBAB-Y8JFK-ZMRK3-NS046-L0YQY
 
Tool Versions:
Toolchain:       MDK-ARM Plus  Version: 5.36.0.0
Toolchain Path:  C:\Keil_v5\ARM\ARMCC\Bin
C Compiler:      Armcc.exe V5.06 update 7 (build 960)
Assembler:       Armasm.exe V5.06 update 7 (build 960)
Linker/Locator:  ArmLink.exe V5.06 update 7 (build 960)
Library Manager: ArmAr.exe V5.06 update 7 (build 960)
Hex Converter:   FromElf.exe V5.06 update 7 (build 960)
CPU DLL:         SARMCM3.DLL V5.36.0.0
Dialog DLL:      DCM.DLL V1.17.3.0
Target DLL:      STLink\ST-LINKIII-KEIL_SWO.dll V3.0.9.0
Dialog DLL:      TCM.DLL V1.53.0.0
 
<h2>Project:</h2>
C:\Users\KHOA\OneDrive\Desktop\V-FLAME_MR2\NEW\V_FLAME_MR 21\6\robot_shot\V_FLAME_MR1\V_FLAME_MR1\ROBOT_MR1\MDK-ARM\Project.uvprojx
Project File Date:  01/09/2025

<h2>Output:</h2>
*** Using Compiler 'V5.06 update 7 (build 960)', folder: 'C:\Keil_v5\ARM\ARMCC\Bin'
Build target 'Project'
compiling main.c...
..\LID_HMI.h(16): warning:  #223-D: function "strlen" declared implicitly
      int len = strlen(_buf1);
..\LID_HMI.h(17): warning:  #223-D: function "strcmp" declared implicitly
      if (strcmp(Buffer_HMI, _buf1) != 0) {	
..\LID_HMI.h(18): warning:  #223-D: function "strncpy" declared implicitly
          strncpy(Buffer_HMI, _buf1, sizeof(Buffer_HMI) - 1);  // Sao chép n?i dung m?i vào Buffer_HMI v?i gi?i h?n kích thu?c
..\LID_HMI.h(114): warning:  #223-D: function "strcat" declared implicitly
  strcat (ky_tu,ky_tu_1);
..\LID_HMI.h(97): warning:  #177-D: variable "k"  was declared but never referenced
  	char k=0xff,i;
..\LID_HMI.h(147): warning:  #223-D: function "strcat" declared implicitly
  strcat (ky_tu,ky_tu_1);
..\LID_HMI.h(132): warning:  #177-D: variable "k"  was declared but never referenced
  	char k=0xff,i;
..\LID_HMI.h(188): warning:  #223-D: function "strcat" declared implicitly
  strcat (ky_tu,ky_tu_1);
..\LID_HMI.h(171): warning:  #177-D: variable "k"  was declared but never referenced
  	char k=0xff,i;
..\doc_tay_game.h(350): warning:  #177-D: variable "CANH_A"  was declared but never referenced
  	   float CANH_A,CANH_B;
..\doc_tay_game.h(350): warning:  #177-D: variable "CANH_B"  was declared but never referenced
  	   float CANH_A,CANH_B;
..\config.h(310): warning:  #940-D: missing return statement at end of non-void function "ENCODER_TONG" 
  }
..\config.h(600): warning:  #177-D: variable "NVIC_InitStructure"  was declared but never referenced
  	NVIC_InitTypeDef NVIC_InitStructure;
..\config.h(1527): warning:  #188-D: enumerated type mixed with another type
  											GPIO_WriteBit(GPIOC,GPIO_Pin_15,0);
..\config.h(1531): warning:  #188-D: enumerated type mixed with another type
  											GPIO_WriteBit(GPIOC,GPIO_Pin_15,1);
..\config.h(1569): warning:  #111-D: statement is unreachable
  										break;
..\config.h(1518): warning:  #177-D: variable "camera"  was declared but never referenced
  		char*camera="11111111111111111111110111111111";
..\config.h(1521): warning:  #550-D: variable "_chu_cac_bit"  was set but never used
  									char _chu_cac_bit[40];
..\config.h(1649): warning:  #177-D: variable "_k"  was declared but never referenced
  	{int _k,_i;
..\config.h(1649): warning:  #177-D: variable "_i"  was declared but never referenced
  	{int _k,_i;
..\config.h(1661): warning:  #1-D: last line of file ends without a newline
  }
..\4OmniControler.h(432): warning:  #1035-D: single-precision operand implicitly converted to double-precision
  			robotRotate(robotAngle, (abs(robotAngle - _robotIMUAngle) > 100? (robotAngle > _robotIMUAngle ? rotate: -rotate):(robotAngle - _robotIMUAngle)*0.005), 0);
..\DieuKhienCoCau.h(52): warning:  #177-D: variable "td_x"  was declared but never referenced
  	int tocdo = 15 , td_x = 5;
..\DieuKhienCoCau.h(229): warning:  #188-D: enumerated type mixed with another type
  			XI_LANH_RE_RA;
..\DieuKhienCoCau.h(230): warning:  #188-D: enumerated type mixed with another type
  			if(!CB_XI_LANH_TRUOT_DAY_RA)	XI_LANH_KEPBONG_MO;
..\DieuKhienCoCau.h(235): warning:  #188-D: enumerated type mixed with another type
  			XI_LANH_KEPBONG_DONG;
..\DieuKhienCoCau.h(237): warning:  #188-D: enumerated type mixed with another type
  			XI_LANH_RE_VAO;
..\DieuKhienCoCau.h(248): warning:  #188-D: enumerated type mixed with another type
  			XI_LANH_RE_RA;
..\DieuKhienCoCau.h(252): warning:  #188-D: enumerated type mixed with another type
  			XI_LANH_DAYBONG_XUONG;
..\DieuKhienCoCau.h(255): warning:  #188-D: enumerated type mixed with another type
  			XI_LANH_KEPBONG_MO;
..\DieuKhienCoCau.h(262): warning:  #188-D: enumerated type mixed with another type
  			XI_LANH_DAYBONG_LEN;
..\DieuKhienCoCau.h(267): warning:  #188-D: enumerated type mixed with another type
  			XI_LANH_KEPBONG_DONG;
..\DieuKhienCoCau.h(271): warning:  #188-D: enumerated type mixed with another type
  			XI_LANH_RE_VAO;
..\DieuKhienCoCau.h(284): warning:  #188-D: enumerated type mixed with another type
  		XI_LANH_KEPBONG_MO;
..\DieuKhienCoCau.h(290): warning:  #188-D: enumerated type mixed with another type
  		XI_LANH_KEPBONG_DONG;
..\DieuKhienCoCau.h(301): warning:  #188-D: enumerated type mixed with another type
  			XI_LANH_RE_RA;
..\DieuKhienCoCau.h(306): warning:  #188-D: enumerated type mixed with another type
  			XI_LANH_RE_VAO;
..\DieuKhienCoCau.h(320): warning:  #188-D: enumerated type mixed with another type
  										XI_LANH_DAY_BONG_RA;
..\DieuKhienCoCau.h(323): warning:  #188-D: enumerated type mixed with another type
  										XI_LANH_DAY_BONG_VAO;
..\DieuKhienCoCau.h(350): warning:  #188-D: enumerated type mixed with another type
  										XI_LANH_DAY_BONG_RA;
..\DieuKhienCoCau.h(354): warning:  #188-D: enumerated type mixed with another type
  										XI_LANH_DAY_BONG_VAO;
..\DieuKhienCoCau.h(556): warning:  #188-D: enumerated type mixed with another type
  					if(hs_goc<=571) XI_LANH_RE_RA;
..\DieuKhienCoCau.h(559): warning:  #188-D: enumerated type mixed with another type
  			if(hs_goc_lidar<=571) XI_LANH_RE_RA;
..\DieuKhienCoCau.h(581): warning:  #188-D: enumerated type mixed with another type
              XI_LANH_DAY_BONG_RA;
..\DieuKhienCoCau.h(584): warning:  #188-D: enumerated type mixed with another type
              XI_LANH_DAY_BONG_VAO;
..\DieuKhienCoCau.h(598): warning:  #188-D: enumerated type mixed with another type
              XI_LANH_DAY_BONG_RA;
..\DieuKhienCoCau.h(601): warning:  #188-D: enumerated type mixed with another type
              XI_LANH_DAY_BONG_VAO;
..\DieuKhienCoCau.h(633): warning:  #140-D: too many arguments in function call
              robotRotateStop(0); 
..\DieuKhienCoCau.h(647): warning:  #188-D: enumerated type mixed with another type
  						LED_TAM_LECH;
..\DieuKhienCoCau.h(649): warning:  #188-D: enumerated type mixed with another type
  						LED_TAM_LECH;
..\DieuKhienCoCau.h(651): warning:  #188-D: enumerated type mixed with another type
              LED_TAM_CHUAN;	
..\DieuKhienCoCau.h(753): warning:  #1035-D: single-precision operand implicitly converted to double-precision
      gocBanlidar = GOC_MOC + ((received_distance - MOCCHUAN) / MOCCHUAN) * (GOC_MAX1 - GOC_MIN1) * GOC_ALPHA;
..\BasicFunction.h(593): warning:  #1-D: last line of file ends without a newline
  //}
..\San_Xanh.h(700): warning:  #1-D: last line of file ends without a newline
  //}
..\San_Do.h(702): warning:  #1-D: last line of file ends without a newline
  //}
..\main.c: 55 warnings, 0 errors
linking...
Program Size: Code=49392 RO-data=944 RW-data=820 ZI-data=12172  
FromELF: creating hex file...
".\Project\Project.axf" - 0 Error(s), 55 Warning(s).

<h2>Software Packages used:</h2>

Package Vendor: ARM
                http://www.keil.com/pack/ARM.CMSIS.5.9.0.pack
                ARM.CMSIS.5.9.0
                CMSIS (Common Microcontroller Software Interface Standard)
   * Component: CORE Version: 5.6.0

Package Vendor: Keil
                http://www.keil.com/pack/Keil.STM32F4xx_DFP.2.5.0.pack
                Keil.STM32F4xx_DFP.2.5.0
                STMicroelectronics STM32F4 Series Device Support, Drivers and Examples

<h2>Collection of Component include folders:</h2>
  .\RTE\_Project
  C:\Users\KHOA\AppData\Local\Arm\Packs\ARM\CMSIS\5.9.0\CMSIS\Core\Include
  C:\Users\KHOA\AppData\Local\Arm\Packs\Keil\STM32F4xx_DFP\2.5.0\Drivers\CMSIS\Device\ST\STM32F4xx\Include

<h2>Collection of Component Files used:</h2>

   * Component: ARM::CMSIS:CORE:5.6.0
Build Time Elapsed:  00:00:03
</pre>
</body>
</html>
