Component: ARM Compiler 5.06 update 6 (build 750) Tool: armlink [4d35ed]

==============================================================================

Section Cross References

    stm32f4xx_it.o(.text) refers to stm32f4xx_usart.o(.text) for USART_GetITStatus
    stm32f4xx_it.o(.text) refers to stm32f4xx_dma.o(.text) for DMA_ClearITPendingBit
    stm32f4xx_it.o(.text) refers to main.o(.text) for ProcessReceivedData
    stm32f4xx_it.o(.text) refers to stm32f4xx_tim.o(.text) for TIM_ClearITPendingBit
    stm32f4xx_it.o(.text) refers to stm32f4xx_exti.o(.text) for EXTI_GetITStatus
    stm32f4xx_it.o(.text) refers to stm32f4xx_gpio.o(.text) for GPIO_ToggleBits
    stm32f4xx_it.o(.text) refers to main.o(.bss) for RX_USART1
    stm32f4xx_it.o(.text) refers to main.o(.data) for IMU
    main.o(.text) refers to strlen.o(.text) for strlen
    main.o(.text) refers to strcmp.o(.text) for strcmp
    main.o(.text) refers to strncpy.o(.text) for strncpy
    main.o(.text) refers to stm32f4xx_dma.o(.text) for DMA_Cmd
    main.o(.text) refers to stm32f4xx_usart.o(.text) for USART_SendData
    main.o(.text) refers to printf3.o(i.__0snprintf$3) for __2snprintf
    main.o(.text) refers to printf3.o(i.__0sprintf$3) for __2sprintf
    main.o(.text) refers to strcat.o(.text) for strcat
    main.o(.text) refers to stm32f4xx_tim.o(.text) for TIM_GetCounter
    main.o(.text) refers to main.o(.bss) for Buffer_HMI
    main.o(.text) refers to main.o(.data) for num_over_t5
    main.o(.text) refers to stm32f4xx_rcc.o(.text) for RCC_AHB1PeriphClockCmd
    main.o(.text) refers to stm32f4xx_gpio.o(.text) for GPIO_Init
    main.o(.text) refers to misc.o(.text) for NVIC_PriorityGroupConfig
    main.o(.text) refers to stm32f4xx_adc.o(.text) for ADC_CommonInit
    main.o(.text) refers to stm32f4xx_syscfg.o(.text) for SYSCFG_EXTILineConfig
    main.o(.text) refers to stm32f4xx_exti.o(.text) for EXTI_Init
    main.o(.text) refers to dflti.o(.text) for __aeabi_i2d
    main.o(.text) refers to fmod.o(i.__hardfp_fmod) for __hardfp_fmod
    main.o(.text) refers to dfixi.o(.text) for __aeabi_d2iz
    main.o(.text) refers to dadd.o(.text) for __aeabi_dsub
    main.o(.text) refers to dmul.o(.text) for __aeabi_dmul
    main.o(.text) refers to ddiv.o(.text) for __aeabi_ddiv
    main.o(.text) refers to d2f.o(.text) for __aeabi_d2f
    main.o(.text) refers to powf.o(i.__hardfp_powf) for __hardfp_powf
    main.o(.text) refers to sqrtf.o(i.__hardfp_sqrtf) for __hardfp_sqrtf
    main.o(.text) refers to sinf.o(i.__hardfp_sinf) for __hardfp_sinf
    main.o(.text) refers to cosf.o(i.__hardfp_cosf) for __hardfp_cosf
    main.o(.text) refers to atan2f.o(i.__hardfp_atan2f) for __hardfp_atan2f
    main.o(.text) refers to f2d.o(.text) for __aeabi_f2d
    main.o(.text) refers to tasks.o(.text) for vTaskDelay
    main.o(.text) refers to tanh.o(i.__hardfp_tanh) for __hardfp_tanh
    main.o(.text) refers to pow.o(i.__hardfp_pow) for __hardfp_pow
    main.o(.text) refers to sqrt.o(i.__hardfp_sqrt) for __hardfp_sqrt
    system_stm32f4xx.o(.text) refers to system_stm32f4xx.o(.data) for SystemCoreClock
    startup_stm32f4xx.o(RESET) refers to startup_stm32f4xx.o(STACK) for __initial_sp
    startup_stm32f4xx.o(RESET) refers to startup_stm32f4xx.o(.text) for Reset_Handler
    startup_stm32f4xx.o(RESET) refers to stm32f4xx_it.o(.text) for NMI_Handler
    startup_stm32f4xx.o(RESET) refers to port.o(.emb_text) for SVC_Handler
    startup_stm32f4xx.o(RESET) refers to port.o(.text) for SysTick_Handler
    startup_stm32f4xx.o(.text) refers to system_stm32f4xx.o(.text) for SystemInit
    startup_stm32f4xx.o(.text) refers to entry.o(.ARM.Collect$$$$00000000) for __main
    stm32f4xx_gpio.o(.text) refers to stm32f4xx_rcc.o(.text) for RCC_AHB1PeriphResetCmd
    stm32f4xx_rcc.o(.text) refers to stm32f4xx_rcc.o(.data) for APBAHBPrescTable
    stm32f4xx_adc.o(.text) refers to stm32f4xx_rcc.o(.text) for RCC_APB2PeriphResetCmd
    stm32f4xx_spi.o(.text) refers to stm32f4xx_rcc.o(.text) for RCC_APB2PeriphResetCmd
    stm32f4xx_tim.o(.text) refers to stm32f4xx_rcc.o(.text) for RCC_APB2PeriphResetCmd
    stm32f4xx_usart.o(.text) refers to stm32f4xx_rcc.o(.text) for RCC_APB2PeriphResetCmd
    stm32f4xx_syscfg.o(.text) refers to stm32f4xx_rcc.o(.text) for RCC_APB2PeriphResetCmd
    stm32f4xx_i2c.o(.text) refers to stm32f4xx_rcc.o(.text) for RCC_APB1PeriphResetCmd
    croutine.o(.text) refers to list.o(.text) for vListInitialise
    croutine.o(.text) refers to heap_2.o(.text) for pvPortMalloc
    croutine.o(.text) refers to port.o(.emb_text) for ulPortSetInterruptMask
    croutine.o(.text) refers to tasks.o(.text) for xTaskGetTickCount
    croutine.o(.text) refers to croutine.o(.bss) for pxReadyCoRoutineLists
    croutine.o(.text) refers to croutine.o(.data) for pxDelayedCoRoutineList
    queue.o(.text) refers to port.o(.emb_text) for ulPortSetInterruptMask
    queue.o(.text) refers to port.o(.text) for vPortEnterCritical
    queue.o(.text) refers to tasks.o(.text) for xTaskRemoveFromEventList
[...]
    RESET_ENCODER_BAN                        0x08001efd   Thumb Code    12  main.o(.text)
    run_read_gyro_uart1                      0x08001f09   Thumb Code    46  main.o(.text)
    run_read_gyro_uart3                      0x08001f37   Thumb Code    46  main.o(.text)
    HMI_TRAN                                 0x08001f65   Thumb Code  1320  main.o(.text)
    DATA_SPEED_RUN_LOOP                      0x0800248d   Thumb Code    12  main.o(.text)
    HMI_RUN_LOOP                             0x08002499   Thumb Code    40  main.o(.text)
    Curent_angle_4_wheel                     0x080024c1   Thumb Code    36  main.o(.text)
    close_angle                              0x080024e5   Thumb Code   216  main.o(.text)
    motorMinFix                              0x080025bd   Thumb Code    20  main.o(.text)
    setMotor                                 0x080025d1   Thumb Code   240  main.o(.text)
    SetRotateMotor                           0x080026c1   Thumb Code    20  main.o(.text)
    setAllMotor                              0x080026d5   Thumb Code    12  main.o(.text)
    robotIsStop                              0x080026e1   Thumb Code    40  main.o(.text)
    robotLock                                0x08002709   Thumb Code     8  main.o(.text)
    robotIsRun                               0x08002711   Thumb Code    20  main.o(.text)
    robotResetIMU                            0x08002725   Thumb Code     8  main.o(.text)
    robotAngle                               0x0800272d   Thumb Code    10  main.o(.text)
    roundF                                   0x08002737   Thumb Code    50  main.o(.text)
    fixMotorValue                            0x08002769   Thumb Code   176  main.o(.text)
    absF                                     0x08002819   Thumb Code    26  main.o(.text)
    absI                                     0x08002833   Thumb Code    14  main.o(.text)
    giaToc                                   0x08002841   Thumb Code   188  main.o(.text)
    maxF4                                    0x080028fd   Thumb Code   142  main.o(.text)
    robotSpeed                               0x0800298b   Thumb Code     6  main.o(.text)
    robotFixAngle                            0x08002991   Thumb Code     6  main.o(.text)
    swervecalculatemotor                     0x08002997   Thumb Code   820  main.o(.text)
    calculateMotor                           0x08002ccb   Thumb Code   810  main.o(.text)
    robotStop                                0x08002ff5   Thumb Code    82  main.o(.text)
    robotRotateStop                          0x08003047   Thumb Code    70  main.o(.text)
    robotSetACC                              0x0800308d   Thumb Code    14  main.o(.text)
    robotCurve                               0x0800309b   Thumb Code   102  main.o(.text)
    robotRotate                              0x08003101   Thumb Code   296  main.o(.text)
    robotRotateFree                          0x08003229   Thumb Code    32  main.o(.text)
    robotRun                                 0x08003249   Thumb Code    20  main.o(.text)
    robotRunAngle                            0x0800325d   Thumb Code   264  main.o(.text)
    robotAngleAnalytics                      0x08003365   Thumb Code   138  main.o(.text)
    robotDirectionAnalytics                  0x080033ef   Thumb Code   746  main.o(.text)
    ac_Stop                                  0x080036d9   Thumb Code   114  main.o(.text)
    ac_SpeedACC                              0x0800374b   Thumb Code    32  main.o(.text)
    robotAnalytics                           0x0800376b   Thumb Code   350  main.o(.text)
    Ban_bong                                 0x080038c9   Thumb Code   282  main.o(.text)
    test                                     0x080039e3   Thumb Code    30  main.o(.text)
    saveOffset                               0x08003a01   Thumb Code    32  main.o(.text)
    getLatestOffset                          0x08003a21   Thumb Code   168  main.o(.text)
    calculateSpeed                           0x08003ac9   Thumb Code   252  main.o(.text)
    xoaytam                                  0x08003bc5   Thumb Code    94  main.o(.text)
    autorun                                  0x08003c23   Thumb Code    60  main.o(.text)
    tinhlucban_depthcam                      0x08003c5f   Thumb Code   296  main.o(.text)
    lucbanlazer                              0x08003d87   Thumb Code   620  main.o(.text)
    lucbanlazer2                             0x08003ff3   Thumb Code   230  main.o(.text)
    ADCValue_Control                         0x080040d9   Thumb Code   394  main.o(.text)
    robotGamePadControl                      0x08004263   Thumb Code   852  main.o(.text)
    Home_wheel_RL_Out                        0x080045b7   Thumb Code    42  main.o(.text)
    Home_wheel_RL                            0x080045e1   Thumb Code   102  main.o(.text)
    Home_wheel_RR_Out                        0x08004647   Thumb Code    40  main.o(.text)
    Home_wheel_RR                            0x0800466f   Thumb Code    94  main.o(.text)
    Home_wheel_FL_Out                        0x080046cd   Thumb Code    42  main.o(.text)
    Home_wheel_FL                            0x080046f7   Thumb Code   102  main.o(.text)
    Home_wheel_FR_Out                        0x0800475d   Thumb Code    40  main.o(.text)
    Home_wheel_FR                            0x08004785   Thumb Code    96  main.o(.text)
    Rear_Left_Angle                          0x080047e5   Thumb Code   210  main.o(.text)
    Rear_Right_Angle                         0x080048b7   Thumb Code   120  main.o(.text)
    Front_Left_Angle                         0x0800492f   Thumb Code   120  main.o(.text)
    Front_Right_Angle                        0x080049a7   Thumb Code   120  main.o(.text)
    main                                     0x08004c15   Thumb Code   216  main.o(.text)
    SystemInit                               0x08004dc9   Thumb Code    74  system_stm32f4xx.o(.text)
    SystemCoreClockUpdate                    0x08004e13   Thumb Code   174  system_stm32f4xx.o(.text)
    Reset_Handler                            0x08004eed   Thumb Code     8  startup_stm32f4xx.o(.text)
    ADC_IRQHandler                           0x08004f07   Thumb Code     0  startup_stm32f4xx.o(.text)
    CAN1_RX0_IRQHandler                      0x08004f07   Thumb Code     0  startup_stm32f4xx.o(.text)
    CAN1_RX1_IRQHandler                      0x08004f07   Thumb Code     0  startup_stm32f4xx.o(.text)
    CAN1_SCE_IRQHandler                      0x08004f07   Thumb Code     0  startup_stm32f4xx.o(.text)
    CAN1_TX_IRQHandler                       0x08004f07   Thumb Code     0  startup_stm32f4xx.o(.text)
    CAN2_RX0_IRQHandler                      0x08004f07   Thumb Code     0  startup_stm32f4xx.o(.text)
    CAN2_RX1_IRQHandler                      0x08004f07   Thumb Code     0  startup_stm32f4xx.o(.text)
    CAN2_SCE_IRQHandler                      0x08004f07   Thumb Code     0  startup_stm32f4xx.o(.text)
    CAN2_TX_IRQHandler                       0x08004f07   Thumb Code     0  startup_stm32f4xx.o(.text)
    CRYP_IRQHandler                          0x08004f07   Thumb Code     0  startup_stm32f4xx.o(.text)
    DCMI_IRQHandler                          0x08004f07   Thumb Code     0  startup_stm32f4xx.o(.text)
    DMA1_Stream3_IRQHandler                  0x08004f07   Thumb Code     0  startup_stm32f4xx.o(.text)
    DMA1_Stream5_IRQHandler                  0x08004f07   Thumb Code     0  startup_stm32f4xx.o(.text)
    DMA2_Stream0_IRQHandler                  0x08004f07   Thumb Code     0  startup_stm32f4xx.o(.text)
    DMA2_Stream3_IRQHandler                  0x08004f07   Thumb Code     0  startup_stm32f4xx.o(.text)
    DMA2_Stream4_IRQHandler                  0x08004f07   Thumb Code     0  startup_stm32f4xx.o(.text)
    DMA2_Stream6_IRQHandler                  0x08004f07   Thumb Code     0  startup_stm32f4xx.o(.text)
    DMA2_Stream7_IRQHandler                  0x08004f07   Thumb Code     0  startup_stm32f4xx.o(.text)
    ETH_IRQHandler                           0x08004f07   Thumb Code     0  startup_stm32f4xx.o(.text)
    ETH_WKUP_IRQHandler                      0x08004f07   Thumb Code     0  startup_stm32f4xx.o(.text)
    EXTI0_IRQHandler                         0x08004f07   Thumb Code     0  startup_stm32f4xx.o(.text)
    EXTI15_10_IRQHandler                     0x08004f07   Thumb Code     0  startup_stm32f4xx.o(.text)
    EXTI1_IRQHandler                         0x08004f07   Thumb Code     0  startup_stm32f4xx.o(.text)
    EXTI4_IRQHandler                         0x08004f07   Thumb Code     0  startup_stm32f4xx.o(.text)
    EXTI9_5_IRQHandler                       0x08004f07   Thumb Code     0  startup_stm32f4xx.o(.text)
    FLASH_IRQHandler                         0x08004f07   Thumb Code     0  startup_stm32f4xx.o(.text)
    FPU_IRQHandler                           0x08004f07   Thumb Code     0  startup_stm32f4xx.o(.text)
    FSMC_IRQHandler                          0x08004f07   Thumb Code     0  startup_stm32f4xx.o(.text)
    HASH_RNG_IRQHandler                      0x08004f07   Thumb Code     0  startup_stm32f4xx.o(.text)
    I2C1_ER_IRQHandler                       0x08004f07   Thumb Code     0  startup_stm32f4xx.o(.text)
    I2C1_EV_IRQHandler                       0x08004f07   Thumb Code     0  startup_stm32f4xx.o(.text)
    I2C2_ER_IRQHandler                       0x08004f07   Thumb Code     0  startup_stm32f4xx.o(.text)
    I2C2_EV_IRQHandler                       0x08004f07   Thumb Code     0  startup_stm32f4xx.o(.text)
    I2C3_ER_IRQHandler                       0x08004f07   Thumb Code     0  startup_stm32f4xx.o(.text)
    I2C3_EV_IRQHandler                       0x08004f07   Thumb Code     0  startup_stm32f4xx.o(.text)
    OTG_FS_IRQHandler                        0x08004f07   Thumb Code     0  startup_stm32f4xx.o(.text)
    OTG_FS_WKUP_IRQHandler                   0x08004f07   Thumb Code     0  startup_stm32f4xx.o(.text)
    OTG_HS_EP1_IN_IRQHandler                 0x08004f07   Thumb Code     0  startup_stm32f4xx.o(.text)
    OTG_HS_EP1_OUT_IRQHandler                0x08004f07   Thumb Code     0  startup_stm32f4xx.o(.text)
    OTG_HS_IRQHandler                        0x08004f07   Thumb Code     0  startup_stm32f4xx.o(.text)
    OTG_HS_WKUP_IRQHandler                   0x08004f07   Thumb Code     0  startup_stm32f4xx.o(.text)
    PVD_IRQHandler                           0x08004f07   Thumb Code     0  startup_stm32f4xx.o(.text)
    RCC_IRQHandler                           0x08004f07   Thumb Code     0  startup_stm32f4xx.o(.text)
    RTC_Alarm_IRQHandler                     0x08004f07   Thumb Code     0  startup_stm32f4xx.o(.text)
    RTC_WKUP_IRQHandler                      0x08004f07   Thumb Code     0  startup_stm32f4xx.o(.text)
    SDIO_IRQHandler                          0x08004f07   Thumb Code     0  startup_stm32f4xx.o(.text)
    SPI2_IRQHandler                          0x08004f07   Thumb Code     0  startup_stm32f4xx.o(.text)
    TAMP_STAMP_IRQHandler                    0x08004f07   Thumb Code     0  startup_stm32f4xx.o(.text)
    TIM1_BRK_TIM9_IRQHandler                 0x08004f07   Thumb Code     0  startup_stm32f4xx.o(.text)
    TIM1_CC_IRQHandler                       0x08004f07   Thumb Code     0  startup_stm32f4xx.o(.text)
    TIM8_BRK_TIM12_IRQHandler                0x08004f07   Thumb Code     0  startup_stm32f4xx.o(.text)
    TIM8_CC_IRQHandler                       0x08004f07   Thumb Code     0  startup_stm32f4xx.o(.text)
    TIM8_TRG_COM_TIM14_IRQHandler            0x08004f07   Thumb Code     0  startup_stm32f4xx.o(.text)
    TIM8_UP_TIM13_IRQHandler                 0x08004f07   Thumb Code     0  startup_stm32f4xx.o(.text)
    UART4_IRQHandler                         0x08004f07   Thumb Code     0  startup_stm32f4xx.o(.text)
    UART5_IRQHandler                         0x08004f07   Thumb Code     0  startup_stm32f4xx.o(.text)
    USART2_IRQHandler                        0x08004f07   Thumb Code     0  startup_stm32f4xx.o(.text)
    USART3_IRQHandler                        0x08004f07   Thumb Code     0  startup_stm32f4xx.o(.text)
    USART6_IRQHandler                        0x08004f07   Thumb Code     0  startup_stm32f4xx.o(.text)
    WWDG_IRQHandler                          0x08004f07   Thumb Code     0  startup_stm32f4xx.o(.text)
    NVIC_PriorityGroupConfig                 0x08004f11   Thumb Code    10  misc.o(.text)
    NVIC_Init                                0x08004f1b   Thumb Code   106  misc.o(.text)
    NVIC_SetVectorTable                      0x08004f85   Thumb Code    14  misc.o(.text)
    NVIC_SystemLPConfig                      0x08004f93   Thumb Code    34  misc.o(.text)
    SysTick_CLKSourceConfig                  0x08004fb5   Thumb Code    40  misc.o(.text)
    GPIO_DeInit                              0x08004ff1   Thumb Code   220  stm32f4xx_gpio.o(.text)
    GPIO_Init                                0x080050cd   Thumb Code   144  stm32f4xx_gpio.o(.text)
    GPIO_StructInit                          0x0800515d   Thumb Code    18  stm32f4xx_gpio.o(.text)
    GPIO_PinLockConfig                       0x0800516f   Thumb Code    34  stm32f4xx_gpio.o(.text)
    GPIO_ReadInputDataBit                    0x08005191   Thumb Code    18  stm32f4xx_gpio.o(.text)
    GPIO_ReadInputData                       0x080051a3   Thumb Code     8  stm32f4xx_gpio.o(.text)
    GPIO_ReadOutputDataBit                   0x080051ab   Thumb Code    18  stm32f4xx_gpio.o(.text)
    GPIO_ReadOutputData                      0x080051bd   Thumb Code     8  stm32f4xx_gpio.o(.text)
    GPIO_SetBits                             0x080051c5   Thumb Code     4  stm32f4xx_gpio.o(.text)
    GPIO_ResetBits                           0x080051c9   Thumb Code     4  stm32f4xx_gpio.o(.text)
    GPIO_WriteBit                            0x080051cd   Thumb Code    10  stm32f4xx_gpio.o(.text)
    GPIO_Write                               0x080051d7   Thumb Code     4  stm32f4xx_gpio.o(.text)
    GPIO_ToggleBits                          0x080051db   Thumb Code     8  stm32f4xx_gpio.o(.text)
    GPIO_PinAFConfig                         0x080051e3   Thumb Code    70  stm32f4xx_gpio.o(.text)
    RCC_DeInit                               0x0800524d   Thumb Code    60  stm32f4xx_rcc.o(.text)
    RCC_HSEConfig                            0x08005289   Thumb Code    14  stm32f4xx_rcc.o(.text)
    RCC_GetFlagStatus                        0x08005297   Thumb Code    60  stm32f4xx_rcc.o(.text)
    RCC_WaitForHSEStartUp                    0x080052d3   Thumb Code    56  stm32f4xx_rcc.o(.text)
    RCC_AdjustHSICalibrationValue            0x0800530b   Thumb Code    20  stm32f4xx_rcc.o(.text)
    RCC_HSICmd                               0x0800531f   Thumb Code     6  stm32f4xx_rcc.o(.text)
    RCC_LSEConfig                            0x08005325   Thumb Code    46  stm32f4xx_rcc.o(.text)
    RCC_LSICmd                               0x08005353   Thumb Code     6  stm32f4xx_rcc.o(.text)
    RCC_PLLConfig                            0x08005359   Thumb Code    32  stm32f4xx_rcc.o(.text)
    RCC_PLLCmd                               0x08005379   Thumb Code     6  stm32f4xx_rcc.o(.text)
    RCC_PLLI2SConfig                         0x0800537f   Thumb Code    14  stm32f4xx_rcc.o(.text)
    RCC_PLLI2SCmd                            0x0800538d   Thumb Code     6  stm32f4xx_rcc.o(.text)
    RCC_ClockSecuritySystemCmd               0x08005393   Thumb Code     6  stm32f4xx_rcc.o(.text)
    RCC_MCO1Config                           0x08005399   Thumb Code    28  stm32f4xx_rcc.o(.text)
    RCC_MCO2Config                           0x080053b5   Thumb Code    28  stm32f4xx_rcc.o(.text)
    RCC_SYSCLKConfig                         0x080053d1   Thumb Code    20  stm32f4xx_rcc.o(.text)
    RCC_GetSYSCLKSource                      0x080053e5   Thumb Code    12  stm32f4xx_rcc.o(.text)
    RCC_HCLKConfig                           0x080053f1   Thumb Code    20  stm32f4xx_rcc.o(.text)
    RCC_PCLK1Config                          0x08005405   Thumb Code    20  stm32f4xx_rcc.o(.text)
    RCC_PCLK2Config                          0x08005419   Thumb Code    22  stm32f4xx_rcc.o(.text)
    RCC_GetClocksFreq                        0x0800542f   Thumb Code   222  stm32f4xx_rcc.o(.text)
    RCC_RTCCLKConfig                         0x0800550d   Thumb Code    54  stm32f4xx_rcc.o(.text)
    RCC_RTCCLKCmd                            0x08005543   Thumb Code     8  stm32f4xx_rcc.o(.text)
    RCC_BackupResetCmd                       0x0800554b   Thumb Code     8  stm32f4xx_rcc.o(.text)
    RCC_I2SCLKConfig                         0x08005553   Thumb Code     6  stm32f4xx_rcc.o(.text)
    RCC_AHB1PeriphClockCmd                   0x08005559   Thumb Code    34  stm32f4xx_rcc.o(.text)
    RCC_AHB2PeriphClockCmd                   0x0800557b   Thumb Code    34  stm32f4xx_rcc.o(.text)
    RCC_AHB3PeriphClockCmd                   0x0800559d   Thumb Code    34  stm32f4xx_rcc.o(.text)
    RCC_APB1PeriphClockCmd                   0x080055bf   Thumb Code    34  stm32f4xx_rcc.o(.text)
    RCC_APB2PeriphClockCmd                   0x080055e1   Thumb Code    34  stm32f4xx_rcc.o(.text)
    RCC_AHB1PeriphResetCmd                   0x08005603   Thumb Code    34  stm32f4xx_rcc.o(.text)
    RCC_AHB2PeriphResetCmd                   0x08005625   Thumb Code    72  stm32f4xx_rcc.o(.text)
    RCC_AHB3PeriphResetCmd                   0x0800566d   Thumb Code    34  stm32f4xx_rcc.o(.text)
    RCC_APB1PeriphResetCmd                   0x0800568f   Thumb Code    34  stm32f4xx_rcc.o(.text)
    RCC_APB2PeriphResetCmd                   0x080056b1   Thumb Code    34  stm32f4xx_rcc.o(.text)
    RCC_AHB1PeriphClockLPModeCmd             0x080056d3   Thumb Code    34  stm32f4xx_rcc.o(.text)
    RCC_AHB2PeriphClockLPModeCmd             0x080056f5   Thumb Code    34  stm32f4xx_rcc.o(.text)
    RCC_AHB3PeriphClockLPModeCmd             0x08005717   Thumb Code    34  stm32f4xx_rcc.o(.text)
    RCC_APB1PeriphClockLPModeCmd             0x08005739   Thumb Code    34  stm32f4xx_rcc.o(.text)
    RCC_APB2PeriphClockLPModeCmd             0x0800575b   Thumb Code    34  stm32f4xx_rcc.o(.text)
    RCC_ITConfig                             0x0800577d   Thumb Code    34  stm32f4xx_rcc.o(.text)
    RCC_ClearFlag                            0x0800579f   Thumb Code    18  stm32f4xx_rcc.o(.text)
    RCC_GetITStatus                          0x080057b1   Thumb Code    22  stm32f4xx_rcc.o(.text)
    RCC_ClearITPendingBit                    0x080057c7   Thumb Code     8  stm32f4xx_rcc.o(.text)
    ADC_DeInit                               0x080057d5   Thumb Code    22  stm32f4xx_adc.o(.text)
    ADC_Init                                 0x080057eb   Thumb Code    74  stm32f4xx_adc.o(.text)
    ADC_StructInit                           0x08005835   Thumb Code    20  stm32f4xx_adc.o(.text)
    ADC_CommonInit                           0x08005849   Thumb Code    34  stm32f4xx_adc.o(.text)
    ADC_CommonStructInit                     0x0800586b   Thumb Code    12  stm32f4xx_adc.o(.text)
    ADC_Cmd                                  0x08005877   Thumb Code    22  stm32f4xx_adc.o(.text)
    ADC_AnalogWatchdogCmd                    0x0800588d   Thumb Code    16  stm32f4xx_adc.o(.text)
    ADC_AnalogWatchdogThresholdsConfig       0x0800589d   Thumb Code     6  stm32f4xx_adc.o(.text)
    ADC_AnalogWatchdogSingleChannelConfig    0x080058a3   Thumb Code    16  stm32f4xx_adc.o(.text)
    ADC_TempSensorVrefintCmd                 0x080058b3   Thumb Code    34  stm32f4xx_adc.o(.text)
    ADC_VBATCmd                              0x080058d5   Thumb Code    34  stm32f4xx_adc.o(.text)
    ADC_RegularChannelConfig                 0x080058f7   Thumb Code   184  stm32f4xx_adc.o(.text)
    ADC_SoftwareStartConv                    0x080059af   Thumb Code    10  stm32f4xx_adc.o(.text)
    ADC_GetSoftwareStartConvStatus           0x080059b9   Thumb Code    20  stm32f4xx_adc.o(.text)
    ADC_EOCOnEachRegularChannelCmd           0x080059cd   Thumb Code    22  stm32f4xx_adc.o(.text)
    ADC_ContinuousModeCmd                    0x080059e3   Thumb Code    22  stm32f4xx_adc.o(.text)
    ADC_DiscModeChannelCountConfig           0x080059f9   Thumb Code    24  stm32f4xx_adc.o(.text)
    ADC_DiscModeCmd                          0x08005a11   Thumb Code    22  stm32f4xx_adc.o(.text)
    ADC_GetConversionValue                   0x08005a27   Thumb Code     8  stm32f4xx_adc.o(.text)
    ADC_GetMultiModeConversionValue          0x08005a2f   Thumb Code     8  stm32f4xx_adc.o(.text)
    ADC_DMACmd                               0x08005a37   Thumb Code    22  stm32f4xx_adc.o(.text)
    ADC_DMARequestAfterLastTransferCmd       0x08005a4d   Thumb Code    22  stm32f4xx_adc.o(.text)
    ADC_MultiModeDMARequestAfterLastTransferCmd 0x08005a63   Thumb Code    34  stm32f4xx_adc.o(.text)
    ADC_InjectedChannelConfig                0x08005a85   Thumb Code   130  stm32f4xx_adc.o(.text)
    ADC_InjectedSequencerLengthConfig        0x08005b07   Thumb Code    24  stm32f4xx_adc.o(.text)
    ADC_SetInjectedOffset                    0x08005b1f   Thumb Code    20  stm32f4xx_adc.o(.text)
    ADC_ExternalTrigInjectedConvConfig       0x08005b33   Thumb Code    16  stm32f4xx_adc.o(.text)
    ADC_ExternalTrigInjectedConvEdgeConfig   0x08005b43   Thumb Code    16  stm32f4xx_adc.o(.text)
    ADC_SoftwareStartInjectedConv            0x08005b53   Thumb Code    10  stm32f4xx_adc.o(.text)
    ADC_GetSoftwareStartInjectedConvCmdStatus 0x08005b5d   Thumb Code    20  stm32f4xx_adc.o(.text)
    ADC_AutoInjectedConvCmd                  0x08005b71   Thumb Code    22  stm32f4xx_adc.o(.text)
    ADC_InjectedDiscModeCmd                  0x08005b87   Thumb Code    22  stm32f4xx_adc.o(.text)
    ADC_GetInjectedConversionValue           0x08005b9d   Thumb Code    28  stm32f4xx_adc.o(.text)
    ADC_ITConfig                             0x08005bb9   Thumb Code    56  stm32f4xx_adc.o(.text)
    ADC_GetFlagStatus                        0x08005bf1   Thumb Code    18  stm32f4xx_adc.o(.text)
    ADC_ClearFlag                            0x08005c03   Thumb Code     6  stm32f4xx_adc.o(.text)
    ADC_GetITStatus                          0x08005c09   Thumb Code    38  stm32f4xx_adc.o(.text)
    ADC_ClearITPendingBit                    0x08005c2f   Thumb Code    10  stm32f4xx_adc.o(.text)
    DMA_DeInit                               0x08005c39   Thumb Code   324  stm32f4xx_dma.o(.text)
    DMA_Init                                 0x08005d7d   Thumb Code    82  stm32f4xx_dma.o(.text)
    DMA_StructInit                           0x08005dcf   Thumb Code    34  stm32f4xx_dma.o(.text)
    DMA_Cmd                                  0x08005df1   Thumb Code    22  stm32f4xx_dma.o(.text)
    DMA_PeriphIncOffsetSizeConfig            0x08005e07   Thumb Code    22  stm32f4xx_dma.o(.text)
    DMA_FlowControllerConfig                 0x08005e1d   Thumb Code    22  stm32f4xx_dma.o(.text)
    DMA_SetCurrDataCounter                   0x08005e33   Thumb Code     4  stm32f4xx_dma.o(.text)
    DMA_GetCurrDataCounter                   0x08005e37   Thumb Code     8  stm32f4xx_dma.o(.text)
    DMA_DoubleBufferModeConfig               0x08005e3f   Thumb Code    24  stm32f4xx_dma.o(.text)
    DMA_DoubleBufferModeCmd                  0x08005e57   Thumb Code    22  stm32f4xx_dma.o(.text)
    DMA_MemoryTargetConfig                   0x08005e6d   Thumb Code    10  stm32f4xx_dma.o(.text)
    DMA_GetCurrentMemoryTarget               0x08005e77   Thumb Code    20  stm32f4xx_dma.o(.text)
    DMA_GetCmdStatus                         0x08005e8b   Thumb Code    20  stm32f4xx_dma.o(.text)
    DMA_GetFIFOStatus                        0x08005e9f   Thumb Code    12  stm32f4xx_dma.o(.text)
    DMA_GetFlagStatus                        0x08005eab   Thumb Code    56  stm32f4xx_dma.o(.text)
    DMA_ClearFlag                            0x08005ee3   Thumb Code    40  stm32f4xx_dma.o(.text)
    DMA_ITConfig                             0x08005f0b   Thumb Code    58  stm32f4xx_dma.o(.text)
    DMA_GetITStatus                          0x08005f45   Thumb Code    84  stm32f4xx_dma.o(.text)
    DMA_ClearITPendingBit                    0x08005f99   Thumb Code    40  stm32f4xx_dma.o(.text)
    EXTI_DeInit                              0x08005fe1   Thumb Code    28  stm32f4xx_exti.o(.text)
    EXTI_Init                                0x08005ffd   Thumb Code   142  stm32f4xx_exti.o(.text)
    EXTI_StructInit                          0x0800608b   Thumb Code    16  stm32f4xx_exti.o(.text)
    EXTI_GenerateSWInterrupt                 0x0800609b   Thumb Code    16  stm32f4xx_exti.o(.text)
    EXTI_GetFlagStatus                       0x080060ab   Thumb Code    22  stm32f4xx_exti.o(.text)
    EXTI_ClearFlag                           0x080060c1   Thumb Code     8  stm32f4xx_exti.o(.text)
    EXTI_GetITStatus                         0x080060c9   Thumb Code    34  stm32f4xx_exti.o(.text)
    EXTI_ClearITPendingBit                   0x080060eb   Thumb Code     8  stm32f4xx_exti.o(.text)
    TIM_DeInit                               0x080060fd   Thumb Code   346  stm32f4xx_tim.o(.text)
    TIM_TimeBaseInit                         0x08006257   Thumb Code   104  stm32f4xx_tim.o(.text)
    TIM_TimeBaseStructInit                   0x080062bf   Thumb Code    18  stm32f4xx_tim.o(.text)
    TIM_PrescalerConfig                      0x080062d1   Thumb Code     6  stm32f4xx_tim.o(.text)
    TIM_CounterModeConfig                    0x080062d7   Thumb Code    18  stm32f4xx_tim.o(.text)
    TIM_SetCounter                           0x080062e9   Thumb Code     4  stm32f4xx_tim.o(.text)
    TIM_SetAutoreload                        0x080062ed   Thumb Code     4  stm32f4xx_tim.o(.text)
    TIM_GetCounter                           0x080062f1   Thumb Code     6  stm32f4xx_tim.o(.text)
    TIM_GetPrescaler                         0x080062f7   Thumb Code     6  stm32f4xx_tim.o(.text)
    TIM_UpdateDisableConfig                  0x080062fd   Thumb Code    24  stm32f4xx_tim.o(.text)
    TIM_UpdateRequestConfig                  0x08006315   Thumb Code    24  stm32f4xx_tim.o(.text)
    TIM_ARRPreloadConfig                     0x0800632d   Thumb Code    24  stm32f4xx_tim.o(.text)
    TIM_SelectOnePulseMode                   0x08006345   Thumb Code    18  stm32f4xx_tim.o(.text)
    TIM_SetClockDivision                     0x08006357   Thumb Code    18  stm32f4xx_tim.o(.text)
    TIM_Cmd                                  0x08006369   Thumb Code    24  stm32f4xx_tim.o(.text)
    TIM_OC1Init                              0x08006381   Thumb Code   114  stm32f4xx_tim.o(.text)
    TIM_OC2Init                              0x080063f3   Thumb Code   154  stm32f4xx_tim.o(.text)
    TIM_OC3Init                              0x0800648d   Thumb Code   204  stm32f4xx_tim.o(.text)
    TIM_OC4Init                              0x08006559   Thumb Code   112  stm32f4xx_tim.o(.text)
    TIM_OCStructInit                         0x080065c9   Thumb Code    20  stm32f4xx_tim.o(.text)
    TIM_SelectOCxM                           0x080065dd   Thumb Code    86  stm32f4xx_tim.o(.text)
    TIM_SetCompare1                          0x08006633   Thumb Code     4  stm32f4xx_tim.o(.text)
    TIM_SetCompare2                          0x08006637   Thumb Code     4  stm32f4xx_tim.o(.text)
    TIM_SetCompare3                          0x0800663b   Thumb Code     4  stm32f4xx_tim.o(.text)
    TIM_SetCompare4                          0x0800663f   Thumb Code     4  stm32f4xx_tim.o(.text)
    TIM_ForcedOC1Config                      0x08006643   Thumb Code    18  stm32f4xx_tim.o(.text)
    TIM_ForcedOC2Config                      0x08006655   Thumb Code    26  stm32f4xx_tim.o(.text)
    TIM_ForcedOC3Config                      0x0800666f   Thumb Code    18  stm32f4xx_tim.o(.text)
    TIM_ForcedOC4Config                      0x08006681   Thumb Code    26  stm32f4xx_tim.o(.text)
    TIM_OC1PreloadConfig                     0x0800669b   Thumb Code    18  stm32f4xx_tim.o(.text)
    TIM_OC2PreloadConfig                     0x080066ad   Thumb Code    26  stm32f4xx_tim.o(.text)
    TIM_OC3PreloadConfig                     0x080066c7   Thumb Code    18  stm32f4xx_tim.o(.text)
    TIM_OC4PreloadConfig                     0x080066d9   Thumb Code    26  stm32f4xx_tim.o(.text)
    TIM_OC1FastConfig                        0x080066f3   Thumb Code    18  stm32f4xx_tim.o(.text)
    TIM_OC2FastConfig                        0x08006705   Thumb Code    26  stm32f4xx_tim.o(.text)
    TIM_OC3FastConfig                        0x0800671f   Thumb Code    18  stm32f4xx_tim.o(.text)
    TIM_OC4FastConfig                        0x08006731   Thumb Code    26  stm32f4xx_tim.o(.text)
    TIM_ClearOC1Ref                          0x0800674b   Thumb Code    18  stm32f4xx_tim.o(.text)
    TIM_ClearOC2Ref                          0x0800675d   Thumb Code    24  stm32f4xx_tim.o(.text)
    TIM_ClearOC3Ref                          0x08006775   Thumb Code    18  stm32f4xx_tim.o(.text)
    TIM_ClearOC4Ref                          0x08006787   Thumb Code    24  stm32f4xx_tim.o(.text)
    TIM_OC1PolarityConfig                    0x0800679f   Thumb Code    18  stm32f4xx_tim.o(.text)
    TIM_OC1NPolarityConfig                   0x080067b1   Thumb Code    18  stm32f4xx_tim.o(.text)
    TIM_OC2PolarityConfig                    0x080067c3   Thumb Code    26  stm32f4xx_tim.o(.text)
    TIM_OC2NPolarityConfig                   0x080067dd   Thumb Code    26  stm32f4xx_tim.o(.text)
    TIM_OC3PolarityConfig                    0x080067f7   Thumb Code    26  stm32f4xx_tim.o(.text)
    TIM_OC3NPolarityConfig                   0x08006811   Thumb Code    26  stm32f4xx_tim.o(.text)
    TIM_OC4PolarityConfig                    0x0800682b   Thumb Code    26  stm32f4xx_tim.o(.text)
    TIM_CCxCmd                               0x08006845   Thumb Code    30  stm32f4xx_tim.o(.text)
    TIM_CCxNCmd                              0x08006863   Thumb Code    30  stm32f4xx_tim.o(.text)
    TIM_SetIC4Prescaler                      0x08006881   Thumb Code    26  stm32f4xx_tim.o(.text)
    TIM_SetIC3Prescaler                      0x080068eb   Thumb Code    18  stm32f4xx_tim.o(.text)
    TIM_SetIC2Prescaler                      0x08006945   Thumb Code    26  stm32f4xx_tim.o(.text)
    TIM_SetIC1Prescaler                      0x080069b9   Thumb Code    18  stm32f4xx_tim.o(.text)
    TIM_ICInit                               0x08006a05   Thumb Code   110  stm32f4xx_tim.o(.text)
    TIM_ICStructInit                         0x08006a73   Thumb Code    18  stm32f4xx_tim.o(.text)
    TIM_PWMIConfig                           0x08006a85   Thumb Code   124  stm32f4xx_tim.o(.text)
    TIM_GetCapture1                          0x08006b01   Thumb Code     6  stm32f4xx_tim.o(.text)
    TIM_GetCapture2                          0x08006b07   Thumb Code     6  stm32f4xx_tim.o(.text)
    TIM_GetCapture3                          0x08006b0d   Thumb Code     6  stm32f4xx_tim.o(.text)
    TIM_GetCapture4                          0x08006b13   Thumb Code     6  stm32f4xx_tim.o(.text)
    TIM_BDTRConfig                           0x08006b19   Thumb Code    32  stm32f4xx_tim.o(.text)
    TIM_BDTRStructInit                       0x08006b39   Thumb Code    18  stm32f4xx_tim.o(.text)
    TIM_CtrlPWMOutputs                       0x08006b4b   Thumb Code    30  stm32f4xx_tim.o(.text)
    TIM_SelectCOM                            0x08006b69   Thumb Code    24  stm32f4xx_tim.o(.text)
    TIM_CCPreloadControl                     0x08006b81   Thumb Code    24  stm32f4xx_tim.o(.text)
    TIM_ITConfig                             0x08006b99   Thumb Code    18  stm32f4xx_tim.o(.text)
    TIM_GenerateEvent                        0x08006bab   Thumb Code     4  stm32f4xx_tim.o(.text)
    TIM_GetFlagStatus                        0x08006baf   Thumb Code    18  stm32f4xx_tim.o(.text)
    TIM_ClearFlag                            0x08006bc1   Thumb Code     6  stm32f4xx_tim.o(.text)
    TIM_GetITStatus                          0x08006bc7   Thumb Code    34  stm32f4xx_tim.o(.text)
    TIM_ClearITPendingBit                    0x08006be9   Thumb Code     6  stm32f4xx_tim.o(.text)
    TIM_DMAConfig                            0x08006bef   Thumb Code    10  stm32f4xx_tim.o(.text)
    TIM_DMACmd                               0x08006bf9   Thumb Code    18  stm32f4xx_tim.o(.text)
    TIM_SelectCCDMA                          0x08006c0b   Thumb Code    24  stm32f4xx_tim.o(.text)
    TIM_InternalClockConfig                  0x08006c23   Thumb Code    12  stm32f4xx_tim.o(.text)
    TIM_SelectInputTrigger                   0x08006c2f   Thumb Code    18  stm32f4xx_tim.o(.text)
    TIM_ITRxExternalClockConfig              0x08006c41   Thumb Code    24  stm32f4xx_tim.o(.text)
    TIM_TIxExternalClockConfig               0x08006c59   Thumb Code    62  stm32f4xx_tim.o(.text)
    TIM_ETRConfig                            0x08006c97   Thumb Code    28  stm32f4xx_tim.o(.text)
    TIM_ETRClockMode1Config                  0x08006cb3   Thumb Code    54  stm32f4xx_tim.o(.text)
    TIM_ETRClockMode2Config                  0x08006ce9   Thumb Code    32  stm32f4xx_tim.o(.text)
    TIM_SelectOutputTrigger                  0x08006d09   Thumb Code    18  stm32f4xx_tim.o(.text)
    TIM_SelectSlaveMode                      0x08006d1b   Thumb Code    18  stm32f4xx_tim.o(.text)
    TIM_SelectMasterSlaveMode                0x08006d2d   Thumb Code    18  stm32f4xx_tim.o(.text)
    TIM_EncoderInterfaceConfig               0x08006d3f   Thumb Code    66  stm32f4xx_tim.o(.text)
    TIM_SelectHallSensor                     0x08006d81   Thumb Code    24  stm32f4xx_tim.o(.text)
    TIM_RemapConfig                          0x08006d99   Thumb Code     6  stm32f4xx_tim.o(.text)
    USART_DeInit                             0x08006da1   Thumb Code   156  stm32f4xx_usart.o(.text)
    USART_Init                               0x08006e3d   Thumb Code   204  stm32f4xx_usart.o(.text)
    USART_StructInit                         0x08006f09   Thumb Code    24  stm32f4xx_usart.o(.text)
    USART_ClockInit                          0x08006f21   Thumb Code    32  stm32f4xx_usart.o(.text)
    USART_ClockStructInit                    0x08006f41   Thumb Code    12  stm32f4xx_usart.o(.text)
    USART_Cmd                                0x08006f4d   Thumb Code    24  stm32f4xx_usart.o(.text)
    USART_SetPrescaler                       0x08006f65   Thumb Code    16  stm32f4xx_usart.o(.text)
    USART_OverSampling8Cmd                   0x08006f75   Thumb Code    22  stm32f4xx_usart.o(.text)
    USART_OneBitMethodCmd                    0x08006f8b   Thumb Code    24  stm32f4xx_usart.o(.text)
    USART_SendData                           0x08006fa3   Thumb Code     8  stm32f4xx_usart.o(.text)
    USART_ReceiveData                        0x08006fab   Thumb Code    10  stm32f4xx_usart.o(.text)
    USART_SetAddress                         0x08006fb5   Thumb Code    18  stm32f4xx_usart.o(.text)
    USART_ReceiverWakeUpCmd                  0x08006fc7   Thumb Code    24  stm32f4xx_usart.o(.text)
    USART_WakeUpConfig                       0x08006fdf   Thumb Code    18  stm32f4xx_usart.o(.text)
    USART_LINBreakDetectLengthConfig         0x08006ff1   Thumb Code    18  stm32f4xx_usart.o(.text)
    USART_LINCmd                             0x08007003   Thumb Code    24  stm32f4xx_usart.o(.text)
    USART_SendBreak                          0x0800701b   Thumb Code    10  stm32f4xx_usart.o(.text)
    USART_HalfDuplexCmd                      0x08007025   Thumb Code    24  stm32f4xx_usart.o(.text)
    USART_SetGuardTime                       0x0800703d   Thumb Code    16  stm32f4xx_usart.o(.text)
    USART_SmartCardCmd                       0x0800704d   Thumb Code    24  stm32f4xx_usart.o(.text)
    USART_SmartCardNACKCmd                   0x08007065   Thumb Code    24  stm32f4xx_usart.o(.text)
    USART_IrDAConfig                         0x0800707d   Thumb Code    18  stm32f4xx_usart.o(.text)
    USART_IrDACmd                            0x0800708f   Thumb Code    24  stm32f4xx_usart.o(.text)
    USART_DMACmd                             0x080070a7   Thumb Code    18  stm32f4xx_usart.o(.text)
    USART_ITConfig                           0x080070b9   Thumb Code    74  stm32f4xx_usart.o(.text)
    USART_GetFlagStatus                      0x08007103   Thumb Code    26  stm32f4xx_usart.o(.text)
    USART_ClearFlag                          0x0800711d   Thumb Code    18  stm32f4xx_usart.o(.text)
    USART_GetITStatus                        0x0800712f   Thumb Code   110  stm32f4xx_usart.o(.text)
    USART_ClearITPendingBit                  0x0800719d   Thumb Code    30  stm32f4xx_usart.o(.text)
    SYSCFG_DeInit                            0x080071bd   Thumb Code    22  stm32f4xx_syscfg.o(.text)
    SYSCFG_MemoryRemapConfig                 0x080071d3   Thumb Code     6  stm32f4xx_syscfg.o(.text)
    SYSCFG_EXTILineConfig                    0x080071d9   Thumb Code    66  stm32f4xx_syscfg.o(.text)
    SYSCFG_ETH_MediaInterfaceConfig          0x0800721b   Thumb Code     6  stm32f4xx_syscfg.o(.text)
    SYSCFG_CompensationCellCmd               0x08007221   Thumb Code     6  stm32f4xx_syscfg.o(.text)
    SYSCFG_GetCompensationCellStatus         0x08007227   Thumb Code    22  stm32f4xx_syscfg.o(.text)
    vListInitialise                          0x08007249   Thumb Code    26  list.o(.text)
    vListInitialiseItem                      0x08007263   Thumb Code     6  list.o(.text)
    vListInsertEnd                           0x08007269   Thumb Code    28  list.o(.text)
    vListInsert                              0x08007285   Thumb Code    52  list.o(.text)
    uxListRemove                             0x080072b9   Thumb Code    40  list.o(.text)
    xQueueGenericReset                       0x080072e1   Thumb Code   118  queue.o(.text)
    xQueueGenericCreate                      0x08007357   Thumb Code    92  queue.o(.text)
    xQueueGenericSend                        0x080074b9   Thumb Code   238  queue.o(.text)
    xQueueCreateMutex                        0x080075a7   Thumb Code    86  queue.o(.text)
    xQueueGiveMutexRecursive                 0x080075fd   Thumb Code    56  queue.o(.text)
    xQueueGenericReceive                     0x0800767b   Thumb Code   314  queue.o(.text)
    xQueueTakeMutexRecursive                 0x080077b5   Thumb Code    64  queue.o(.text)
    xQueueCreateCountingSemaphore            0x080077f5   Thumb Code    36  queue.o(.text)
    xQueueGenericSendFromISR                 0x08007819   Thumb Code   128  queue.o(.text)
    xQueueReceiveFromISR                     0x08007899   Thumb Code   126  queue.o(.text)
    uxQueueMessagesWaiting                   0x08007917   Thumb Code    28  queue.o(.text)
    uxQueueMessagesWaitingFromISR            0x08007933   Thumb Code    20  queue.o(.text)
    vQueueDelete                             0x0800796d   Thumb Code    34  queue.o(.text)
    ucQueueGetQueueNumber                    0x0800798f   Thumb Code     8  queue.o(.text)
    vQueueSetQueueNumber                     0x08007997   Thumb Code     6  queue.o(.text)
    ucQueueGetQueueType                      0x0800799d   Thumb Code     8  queue.o(.text)
    xQueueIsQueueEmptyFromISR                0x080079a5   Thumb Code    30  queue.o(.text)
    xQueueIsQueueFullFromISR                 0x080079c3   Thumb Code    34  queue.o(.text)
    vQueueAddToRegistry                      0x080079e5   Thumb Code    38  queue.o(.text)
    vQueueWaitForMessageRestricted           0x08007a0b   Thumb Code    56  queue.o(.text)
    xTimerGenericCommand                     0x08007a99   Thumb Code   100  timers.o(.text)
    xTimerCreateTimerTask                    0x08007d87   Thumb Code    58  timers.o(.text)
    xTimerCreate                             0x08007dc1   Thumb Code    78  timers.o(.text)
    xTimerIsTimerActive                      0x08007e0f   Thumb Code    30  timers.o(.text)
    pvTimerGetTimerID                        0x08007e2d   Thumb Code     8  timers.o(.text)
    pxPortInitialiseStack                    0x08007e59   Thumb Code    32  port.o(.text)
    vPortSetupTimerInterrupt                 0x08007e79   Thumb Code    26  port.o(.text)
    xPortStartScheduler                      0x08007e93   Thumb Code    58  port.o(.text)
    vPortEndScheduler                        0x08007ecd   Thumb Code     2  port.o(.text)
    vPortYieldFromISR                        0x08007ecf   Thumb Code    12  port.o(.text)
    vPortEnterCritical                       0x08007edb   Thumb Code    18  port.o(.text)
    vPortExitCritical                        0x08007eed   Thumb Code    26  port.o(.text)
    SysTick_Handler                          0x08007f07   Thumb Code    28  port.o(.text)
    pvPortMalloc                             0x08007f35   Thumb Code   194  heap_2.o(.text)
    vPortFree                                0x08007ff7   Thumb Code    56  heap_2.o(.text)
    xPortGetFreeHeapSize                     0x0800802f   Thumb Code     6  heap_2.o(.text)
    vPortInitialiseBlocks                    0x08008035   Thumb Code     2  heap_2.o(.text)
    xTaskGenericCreate                       0x08008113   Thumb Code   302  tasks.o(.text)
    vTaskDelete                              0x08008241   Thumb Code    94  tasks.o(.text)
    vTaskIncrementTick                       0x0800829f   Thumb Code   254  tasks.o(.text)
    xTaskResumeAll                           0x0800839d   Thumb Code   290  tasks.o(.text)
    vTaskSuspendAll                          0x080084fd   Thumb Code    12  tasks.o(.text)
    vTaskDelayUntil                          0x08008509   Thumb Code   136  tasks.o(.text)
    vTaskDelay                               0x08008591   Thumb Code    48  tasks.o(.text)
    uxTaskPriorityGet                        0x080085c1   Thumb Code    30  tasks.o(.text)
    vTaskPrioritySet                         0x080085df   Thumb Code   184  tasks.o(.text)
    vTaskSwitchContext                       0x08008697   Thumb Code   108  tasks.o(.text)
    vTaskSuspend                             0x08008703   Thumb Code   100  tasks.o(.text)
    xTaskIsTaskSuspended                     0x08008767   Thumb Code    72  tasks.o(.text)
    vTaskResume                              0x080087af   Thumb Code   102  tasks.o(.text)
    xTaskResumeFromISR                       0x08008815   Thumb Code   180  tasks.o(.text)
    vTaskStartScheduler                      0x08008945   Thumb Code    74  tasks.o(.text)
    vTaskEndScheduler                        0x0800898f   Thumb Code    18  tasks.o(.text)
    xTaskGetTickCount                        0x080089a1   Thumb Code    18  tasks.o(.text)
    xTaskGetTickCountFromISR                 0x080089b3   Thumb Code    22  tasks.o(.text)
    uxTaskGetNumberOfTasks                   0x080089c9   Thumb Code     6  tasks.o(.text)
    vTaskList                                0x08008a59   Thumb Code   182  tasks.o(.text)
    vTaskPlaceOnEventList                    0x08008b0f   Thumb Code    70  tasks.o(.text)
    vTaskPlaceOnEventListRestricted          0x08008b55   Thumb Code    52  tasks.o(.text)
    xTaskRemoveFromEventList                 0x08008b89   Thumb Code   106  tasks.o(.text)
    vTaskSetTimeOutState                     0x08008bf3   Thumb Code    28  tasks.o(.text)
    xTaskCheckForTimeOut                     0x08008c0f   Thumb Code   112  tasks.o(.text)
    vTaskMissedYield                         0x08008c7f   Thumb Code     8  tasks.o(.text)
    uxTaskGetTaskNumber                      0x08008c87   Thumb Code    14  tasks.o(.text)
    vTaskSetTaskNumber                       0x08008c95   Thumb Code     8  tasks.o(.text)
    xTaskGetCurrentTaskHandle                0x08008c9d   Thumb Code     6  tasks.o(.text)
    xTaskGetSchedulerState                   0x08008ca3   Thumb Code    24  tasks.o(.text)
    vTaskPriorityInherit                     0x08008cbb   Thumb Code   226  tasks.o(.text)
    vTaskPriorityDisinherit                  0x08008d9d   Thumb Code    70  tasks.o(.text)
    __aeabi_memcpy                           0x08008df1   Thumb Code    36  memcpya.o(.text)
    __aeabi_memcpy4                          0x08008df1   Thumb Code     0  memcpya.o(.text)
    __aeabi_memcpy8                          0x08008df1   Thumb Code     0  memcpya.o(.text)
    __aeabi_memset                           0x08008e15   Thumb Code    14  memseta.o(.text)
    __aeabi_memset4                          0x08008e15   Thumb Code     0  memseta.o(.text)
    __aeabi_memset8                          0x08008e15   Thumb Code     0  memseta.o(.text)
    __aeabi_memclr                           0x08008e23   Thumb Code     4  memseta.o(.text)
    __aeabi_memclr4                          0x08008e23   Thumb Code     0  memseta.o(.text)
    __aeabi_memclr8                          0x08008e23   Thumb Code     0  memseta.o(.text)
    _memset$wrapper                          0x08008e27   Thumb Code    18  memseta.o(.text)
    strcat                                   0x08008e39   Thumb Code    24  strcat.o(.text)
    strncpy                                  0x08008e51   Thumb Code    24  strncpy.o(.text)
    strlen                                   0x08008e69   Thumb Code    14  strlen.o(.text)
    strcmp                                   0x08008e77   Thumb Code    28  strcmp.o(.text)
    __aeabi_dadd                             0x08008e93   Thumb Code   322  dadd.o(.text)
    __aeabi_dsub                             0x08008fd5   Thumb Code     6  dadd.o(.text)
    __aeabi_drsub                            0x08008fdb   Thumb Code     6  dadd.o(.text)
    __aeabi_dmul                             0x08008fe1   Thumb Code   228  dmul.o(.text)
    __aeabi_ddiv                             0x080090c5   Thumb Code   222  ddiv.o(.text)
    __aeabi_i2d                              0x080091a3   Thumb Code    34  dflti.o(.text)
    __aeabi_d2iz                             0x080091c5   Thumb Code    62  dfixi.o(.text)
    __aeabi_f2d                              0x08009203   Thumb Code    38  f2d.o(.text)
    __aeabi_d2f                              0x08009229   Thumb Code    56  d2f.o(.text)
    __aeabi_uidiv                            0x08009261   Thumb Code     0  uidiv.o(.text)
    __aeabi_uidivmod                         0x08009261   Thumb Code    44  uidiv.o(.text)
    __aeabi_llsl                             0x0800928d   Thumb Code    30  llshl.o(.text)
    _ll_shift_l                              0x0800928d   Thumb Code     0  llshl.o(.text)
    __aeabi_llsr                             0x080092ab   Thumb Code    32  llushr.o(.text)
    _ll_ushift_r                             0x080092ab   Thumb Code     0  llushr.o(.text)
    __aeabi_lasr                             0x080092cb   Thumb Code    36  llsshr.o(.text)
    _ll_sshift_r                             0x080092cb   Thumb Code     0  llsshr.o(.text)
    __I$use$fp                               0x080092ef   Thumb Code     0  iusefp.o(.text)
    _float_round                             0x080092ef   Thumb Code    18  fepilogue.o(.text)
    _float_epilogue                          0x08009301   Thumb Code    92  fepilogue.o(.text)
    _double_round                            0x0800935d   Thumb Code    30  depilogue.o(.text)
    _double_epilogue                         0x0800937b   Thumb Code   156  depilogue.o(.text)
    __ARM_scalbn                             0x08009417   Thumb Code    46  dscalb.o(.text)
    scalbn                                   0x08009417   Thumb Code     0  dscalb.o(.text)
    _dsqrt                                   0x08009445   Thumb Code   162  dsqrt.o(.text)
    _drem                                    0x080094e7   Thumb Code   134  drem.o(.text)
    __aeabi_cdcmpeq                          0x0800956d   Thumb Code     0  cdcmple.o(.text)
    __aeabi_cdcmple                          0x0800956d   Thumb Code    48  cdcmple.o(.text)
    __aeabi_cdrcmple                         0x0800959d   Thumb Code    48  cdrcmple.o(.text)
    __fp_status                              0x080095cd   Thumb Code     4  fpstat.o(.text)
    __ieee_status                            0x080095cd   Thumb Code     0  fpstat.o(.text)
    __scatterload                            0x080095d1   Thumb Code    28  init.o(.text)
    __scatterload_rt2                        0x080095d1   Thumb Code     0  init.o(.text)
    __decompress                             0x080095f5   Thumb Code     0  __dczerorl2.o(.text)
    __decompress1                            0x080095f5   Thumb Code    86  __dczerorl2.o(.text)
    __0snprintf$3                            0x0800964d   Thumb Code    44  printf3.o(i.__0snprintf$3)
    __1snprintf$3                            0x0800964d   Thumb Code     0  printf3.o(i.__0snprintf$3)
    __2snprintf                              0x0800964d   Thumb Code     0  printf3.o(i.__0snprintf$3)
    __0sprintf$3                             0x0800967d   Thumb Code    34  printf3.o(i.__0sprintf$3)
    __1sprintf$3                             0x0800967d   Thumb Code     0  printf3.o(i.__0sprintf$3)
    __2sprintf                               0x0800967d   Thumb Code     0  printf3.o(i.__0sprintf$3)
    __ARM_fpclassify                         0x080096a5   Thumb Code    48  fpclassify.o(i.__ARM_fpclassify)
    __ARM_fpclassifyf                        0x080096d5   Thumb Code    38  fpclassifyf.o(i.__ARM_fpclassifyf)
    __hardfp_atan2f                          0x080096fd   Thumb Code   502  atan2f.o(i.__hardfp_atan2f)
    __hardfp_cosf                            0x0800994d   Thumb Code   280  cosf.o(i.__hardfp_cosf)
    __hardfp_fmod                            0x08009a9d   Thumb Code   254  fmod.o(i.__hardfp_fmod)
    __hardfp_pow                             0x08009ba1   Thumb Code  3072  pow.o(i.__hardfp_pow)
    __hardfp_powf                            0x0800a7f1   Thumb Code  1606  powf.o(i.__hardfp_powf)
    __mathlib_powf                           0x0800a7f1   Thumb Code     0  powf.o(i.__hardfp_powf)
    __hardfp_sinf                            0x0800ae55   Thumb Code   344  sinf.o(i.__hardfp_sinf)
    __hardfp_sqrt                            0x0800afe5   Thumb Code   122  sqrt.o(i.__hardfp_sqrt)
    __hardfp_sqrtf                           0x0800b05f   Thumb Code    58  sqrtf.o(i.__hardfp_sqrtf)
    __hardfp_tanh                            0x0800b099   Thumb Code   306  tanh.o(i.__hardfp_tanh)
    __kernel_poly                            0x0800b1f9   Thumb Code   248  poly.o(i.__kernel_poly)
    __mathlib_dbl_divzero                    0x0800b2f1   Thumb Code    28  dunder.o(i.__mathlib_dbl_divzero)
    __mathlib_dbl_infnan                     0x0800b321   Thumb Code    20  dunder.o(i.__mathlib_dbl_infnan)
    __mathlib_dbl_infnan2                    0x0800b335   Thumb Code    20  dunder.o(i.__mathlib_dbl_infnan2)
    __mathlib_dbl_invalid                    0x0800b349   Thumb Code    24  dunder.o(i.__mathlib_dbl_invalid)
    __mathlib_dbl_overflow                   0x0800b369   Thumb Code    24  dunder.o(i.__mathlib_dbl_overflow)
    __mathlib_dbl_underflow                  0x0800b389   Thumb Code    24  dunder.o(i.__mathlib_dbl_underflow)
    __mathlib_expm1                          0x0800b3a9   Thumb Code  1268  expm1_i.o(i.__mathlib_expm1)
    __mathlib_flt_divzero                    0x0800b89d   Thumb Code    14  funder.o(i.__mathlib_flt_divzero)
    __mathlib_flt_infnan                     0x0800b8b1   Thumb Code     6  funder.o(i.__mathlib_flt_infnan)
    __mathlib_flt_infnan2                    0x0800b8b7   Thumb Code     6  funder.o(i.__mathlib_flt_infnan2)
    __mathlib_flt_invalid                    0x0800b8bd   Thumb Code    10  funder.o(i.__mathlib_flt_invalid)
    __mathlib_flt_overflow                   0x0800b8cd   Thumb Code    10  funder.o(i.__mathlib_flt_overflow)
    __mathlib_flt_underflow                  0x0800b8dd   Thumb Code    10  funder.o(i.__mathlib_flt_underflow)
    __mathlib_rredf2                         0x0800b8ed   Thumb Code   316  rredf.o(i.__mathlib_rredf2)
    __scatterload_copy                       0x0800ba41   Thumb Code    14  handlers.o(i.__scatterload_copy)
    __scatterload_null                       0x0800ba4f   Thumb Code     2  handlers.o(i.__scatterload_null)
    __scatterload_zeroinit                   0x0800ba51   Thumb Code    14  handlers.o(i.__scatterload_zeroinit)
    __set_errno                              0x0800ba61   Thumb Code     6  errno.o(i.__set_errno)
    fabs                                     0x0800bc45   Thumb Code    24  fabs.o(i.fabs)
    sqrt                                     0x0800bc5d   Thumb Code   110  sqrt.o(i.sqrt)
    __mathlib_zero                           0x0800bec0   Data           8  qnan.o(.constdata)
    Region$$Table$$Base                      0x0800bee8   Number         0  anon$$obj.o(Region$$Table)
    Region$$Table$$Limit                     0x0800bf08   Number         0  anon$$obj.o(Region$$Table)
    bien_hmi                                 0x20000000   Data           4  main.o(.data)
    DATA_SPEED                               0x20000004   Data          70  main.o(.data)
    bienBuTruRR                              0x2000004c   Data           4  main.o(.data)
    bienBuTruRL                              0x20000050   Data           4  main.o(.data)
    bienBuTruFR                              0x20000054   Data           4  main.o(.data)
    bienBuTruFL                              0x20000058   Data           4  main.o(.data)
    bitVeHome                                0x2000005c   Data           4  main.o(.data)
    sieu_am                                  0x20000060   Data           4  main.o(.data)
    num_over_t1                              0x20000064   Data           4  main.o(.data)
    num_over_t2                              0x20000068   Data           4  main.o(.data)
    num_over_t3                              0x2000006c   Data           4  main.o(.data)
    num_over_t5                              0x20000070   Data           4  main.o(.data)
    num_over_t9                              0x20000074   Data           4  main.o(.data)
    CCR2_Val                                 0x20000078   Data           4  main.o(.data)
    HMI_LOOP                                 0x2000007c   Data           4  main.o(.data)
    num_over_t4                              0x20000080   Data           4  main.o(.data)
    IMU                                      0x20000084   Data           2  main.o(.data)
    IMUxoay                                  0x20000086   Data           2  main.o(.data)
    data_tx_gyro                             0x20000088   Data           1  main.o(.data)
    en_gyro                                  0x20000089   Data           1  main.o(.data)
    dataTxGyro                               0x2000008a   Data           1  main.o(.data)
    enGyro                                   0x2000008b   Data           1  main.o(.data)
    CB_DO_LINE                               0x2000008c   Data           1  main.o(.data)
    Home                                     0x2000008d   Data           1  main.o(.data)
    lazeSauValue                             0x20000090   Data           4  main.o(.data)
    lazeTruocValue                           0x20000094   Data           4  main.o(.data)
    lazeTraiValue                            0x20000098   Data           4  main.o(.data)
    lazePhaiValue                            0x2000009c   Data           4  main.o(.data)
    BienTroNongBanValue                      0x200000a0   Data           4  main.o(.data)
    bientronangluaValue                      0x200000a4   Data           4  main.o(.data)
    bientronangbongValue                     0x200000a8   Data           4  main.o(.data)
    BienTroXoayValue                         0x200000ac   Data           4  main.o(.data)
    degree_F                                 0x200000b0   Data           4  main.o(.data)
    Vi_tri                                   0x200000b4   Data           4  main.o(.data)
    coVong                                   0x200000b8   Data           4  main.o(.data)
    Vitri_tru                                0x200000bc   Data           4  main.o(.data)
    g0                                       0x200000c0   Data           4  main.o(.data)
    g1                                       0x200000c4   Data           4  main.o(.data)
    g2                                       0x200000c8   Data           4  main.o(.data)
    g3                                       0x200000cc   Data           4  main.o(.data)
    g4                                       0x200000d0   Data           4  main.o(.data)
    g5                                       0x200000d4   Data           4  main.o(.data)
    g6                                       0x200000d8   Data           4  main.o(.data)
    bit_khoa_ham_thay_tuan                   0x200000dc   Data           4  main.o(.data)
    dang_Ban                                 0x200000e0   Data           4  main.o(.data)
    robotIsRun_cc                            0x200000e4   Data           4  main.o(.data)
    vi_tri_bong                              0x200000e8   Data           4  main.o(.data)
    vi_tri_ma_xoay                           0x200000ec   Data           4  main.o(.data)
    sang_phai                                0x200000f0   Data           4  main.o(.data)
    sang_trai                                0x200000f4   Data           4  main.o(.data)
    di_xuong                                 0x200000f8   Data           4  main.o(.data)
    di_len                                   0x200000fc   Data           4  main.o(.data)
    target_BT_Xoay                           0x20000100   Data           4  main.o(.data)
    Min_BT_Xoay                              0x20000104   Data           4  main.o(.data)
    Max_BT_Xoay                              0x20000108   Data           4  main.o(.data)
    taget_BT_Nong_Ban                        0x2000010c   Data           4  main.o(.data)
    Min_BT_Nong_Ban                          0x20000110   Data           4  main.o(.data)
    Max_BT_Nong_Ban                          0x20000114   Data           4  main.o(.data)
    goc_ban                                  0x20000118   Data           4  main.o(.data)
    target_Nang_Ha                           0x2000011c   Data           4  main.o(.data)
    Min_Nang_Ha                              0x20000120   Data           4  main.o(.data)
    Max_Nang_Ha                              0x20000124   Data           4  main.o(.data)
    Max_BT_Nang_Lua                          0x2000012c   Data           4  main.o(.data)
    taget_BT_Nang_Lua                        0x20000130   Data           4  main.o(.data)
    Min_BT_Nang_Lua                          0x20000134   Data           4  main.o(.data)
    Max_BT_Nang_Bong                         0x20000138   Data           4  main.o(.data)
    taget_BT_Nang_Bong                       0x2000013c   Data           4  main.o(.data)
    Min_BT_Nang_Bong                         0x20000140   Data           4  main.o(.data)
    BT_Nang_Tha_Bong                         0x20000144   Data           4  main.o(.data)
    BT_Bat_Bong_giua                         0x20000148   Data           4  main.o(.data)
    BT_Bat_Bong_sau                          0x2000014c   Data           4  main.o(.data)
    CB_line_trai                             0x20000150   Data           1  main.o(.data)
    CB_line_phai                             0x20000151   Data           1  main.o(.data)
    Nho_trai_truoc                           0x20000152   Data           1  main.o(.data)
    Nho_trai_sau                             0x20000153   Data           1  main.o(.data)
    Nho_phai_truoc                           0x20000154   Data           1  main.o(.data)
    Nho_phai_sau                             0x20000155   Data           1  main.o(.data)
    Do_Xanh                                  0x20000156   Data           1  main.o(.data)
    received_offset                          0x20000157   Data           1  main.o(.data)
    rx_position                              0x20000158   Data           2  main.o(.data)
    received_distance                        0x2000015a   Data           2  main.o(.data)
    robotLimitSpeed                          0x2000015c   Data           4  main.o(.data)
    f05                                      0x20000160   Data           4  main.o(.data)
    f1                                       0x20000164   Data           4  main.o(.data)
    f2                                       0x20000168   Data           4  main.o(.data)
    f4                                       0x2000016c   Data           4  main.o(.data)
    f5                                       0x20000170   Data           4  main.o(.data)
    f6                                       0x20000174   Data           4  main.o(.data)
    f10                                      0x20000178   Data           4  main.o(.data)
    f20                                      0x2000017c   Data           4  main.o(.data)
    f30                                      0x20000180   Data           4  main.o(.data)
    f45                                      0x20000184   Data           4  main.o(.data)
    f60                                      0x20000188   Data           4  main.o(.data)
    f120                                     0x2000018c   Data           4  main.o(.data)
    i100                                     0x20000190   Data           4  main.o(.data)
    khoangCachGocFix                         0x20000194   Data           4  main.o(.data)
    _robotY                                  0x20000198   Data           4  main.o(.data)
    _robotX                                  0x2000019c   Data           4  main.o(.data)
    motorLock                                0x200001a0   Data           4  main.o(.data)
    motorLockRepeat                          0x200001a4   Data           4  main.o(.data)
    radian                                   0x200001a8   Data           4  main.o(.data)
    pi                                       0x200001ac   Data           4  main.o(.data)
    _robotChange                             0x200001b0   Data           4  main.o(.data)
    _robotRotatePoint                        0x200001b4   Data           4  main.o(.data)
    _robotCurrentSpeed                       0x200001b8   Data           4  main.o(.data)
    _robotRunSpeed                           0x200001bc   Data           4  main.o(.data)
    _robotMaxSpeed                           0x200001c0   Data           4  main.o(.data)
    _robotAccStop                            0x200001c4   Data           4  main.o(.data)
    _robotCounter                            0x200001c8   Data           4  main.o(.data)
    _robotAngle                              0x200001cc   Data           4  main.o(.data)
    _robotRunAngle                           0x200001d0   Data           4  main.o(.data)
    _robotRotateAngle                        0x200001d4   Data           4  main.o(.data)
    _robotIMUInit                            0x200001d8   Data           4  main.o(.data)
    _wheelRotateAngle                        0x200001dc   Data           4  main.o(.data)
    _robotRotate                             0x200001e0   Data           4  main.o(.data)
    _robotCurve                              0x200001e4   Data           4  main.o(.data)
    _robotAngleCounterFix                    0x200001e8   Data           4  main.o(.data)
    _robotAngleToFix                         0x200001ec   Data           4  main.o(.data)
    _robotIMUAngle                           0x200001f0   Data           4  main.o(.data)
    _IMUAngle_Before                         0x200001f4   Data           4  main.o(.data)
    _robotDelayGiamToc                       0x200001f8   Data           4  main.o(.data)
    _robotRunFL                              0x200001fc   Data           4  main.o(.data)
    _robotRunFR                              0x20000200   Data           4  main.o(.data)
    _robotRunRL                              0x20000204   Data           4  main.o(.data)
    _robotRunRR                              0x20000208   Data           4  main.o(.data)
    _robotDirFL                              0x2000020c   Data           4  main.o(.data)
    _robotDirFR                              0x20000210   Data           4  main.o(.data)
    _robotDirRL                              0x20000214   Data           4  main.o(.data)
    _robotDirRR                              0x20000218   Data           4  main.o(.data)
    _robotRotateFL                           0x2000021c   Data           4  main.o(.data)
    _robotRotateFR                           0x20000220   Data           4  main.o(.data)
    _robotRotateRL                           0x20000224   Data           4  main.o(.data)
    _robotRotateRR                           0x20000228   Data           4  main.o(.data)
    Rear_Left_Wheel_Angle                    0x2000022c   Data           4  main.o(.data)
    Rear_Right_Wheel_Angle                   0x20000230   Data           4  main.o(.data)
    Front_Left_Wheel_Angle                   0x20000234   Data           4  main.o(.data)
    Front_Right_Wheel_Angle                  0x20000238   Data           4  main.o(.data)
    Rear_Left_Wheel_Angle_dir                0x2000023c   Data           4  main.o(.data)
    Rear_Right_Wheel_Angle_dir               0x20000240   Data           4  main.o(.data)
    Front_Left_Wheel_Angle_dir               0x20000244   Data           4  main.o(.data)
    Front_Right_Wheel_Angle_dir              0x20000248   Data           4  main.o(.data)
    dir                                      0x2000024c   Data           4  main.o(.data)
    Vx                                       0x20000250   Data           4  main.o(.data)
    Vy                                       0x20000254   Data           4  main.o(.data)
    A                                        0x20000258   Data           4  main.o(.data)
    B                                        0x2000025c   Data           4  main.o(.data)
    C                                        0x20000260   Data           4  main.o(.data)
    D                                        0x20000264   Data           4  main.o(.data)
    WL                                       0x20000268   Data           4  main.o(.data)
    WW                                       0x2000026c   Data           4  main.o(.data)
    _Omega                                   0x20000270   Data           4  main.o(.data)
    Robot_Width                              0x20000274   Data           4  main.o(.data)
    Robot_Lenght                             0x20000278   Data           4  main.o(.data)
    Vy10                                     0x2000027c   Data           4  main.o(.data)
    Vx10                                     0x20000280   Data           4  main.o(.data)
    ABCD                                     0x20000284   Data           4  main.o(.data)
    _lockRobot                               0x20000288   Data           4  main.o(.data)
    xl_truot_lua                             0x2000028c   Data           1  main.o(.data)
    xl_kep_lua_tren                          0x2000028d   Data           1  main.o(.data)
    xl_kep_lua_duoi                          0x2000028e   Data           1  main.o(.data)
    xl_nang_lua                              0x2000028f   Data           1  main.o(.data)
    gt_kep_bong                              0x20000290   Data           1  main.o(.data)
    vi_tri                                   0x20000294   Data           4  main.o(.data)
    Cbcc                                     0x20000298   Data           4  main.o(.data)
    Cbnv                                     0x2000029c   Data           4  main.o(.data)
    Cbnn                                     0x200002a0   Data           4  main.o(.data)
    vt_xl_nang_lua                           0x200002a4   Data           4  main.o(.data)
    On_Off_Ban                               0x200002a8   Data           1  main.o(.data)
    xl_ban_bong                              0x200002ac   Data           4  main.o(.data)
    Nang_vong_max                            0x200002b0   Data           4  main.o(.data)
    Nang_vong_min                            0x200002b4   Data           4  main.o(.data)
    i                                        0x200002b8   Data           4  main.o(.data)
    Nang_goc_max                             0x200002bc   Data           4  main.o(.data)
    Nang_goc_min                             0x200002c0   Data           4  main.o(.data)
    touchpad_press                           0x200002c4   Data           4  main.o(.data)
    laybong                                  0x200002c8   Data           4  main.o(.data)
    en_tru                                   0x200002cc   Data           4  main.o(.data)
    max_speed                                0x200002d0   Data           4  main.o(.data)
    speed_tay_lua                            0x200002d4   Data           4  main.o(.data)
    speed_xoay                               0x200002d8   Data           4  main.o(.data)
    xl_kepbong_state                         0x200002dc   Data           4  main.o(.data)
    xl_nangkep_state                         0x200002e0   Data           4  main.o(.data)
    ban_bong_state                           0x200002e4   Data           4  main.o(.data)
    state_nang                               0x200002e8   Data           4  main.o(.data)
    state_ha                                 0x200002ec   Data           4  main.o(.data)
    force_F                                  0x200002f0   Data           4  main.o(.data)
    force_F2                                 0x200002f4   Data           4  main.o(.data)
    final_force                              0x200002f8   Data           4  main.o(.data)
    final_force2                             0x200002fc   Data           4  main.o(.data)
    result                                   0x20000300   Data           4  main.o(.data)
    result2                                  0x20000304   Data           4  main.o(.data)
    offsetIndex                              0x20000308   Data           4  main.o(.data)
    calculated_force                         0x2000030c   Data           4  main.o(.data)
    calculated_distance                      0x20000310   Data           4  main.o(.data)
    result_Cam                               0x20000314   Data           4  main.o(.data)
    SS_RL                                    0x20000318   Data           1  main.o(.data)
    SS_RR                                    0x20000319   Data           1  main.o(.data)
    SS_FR                                    0x2000031a   Data           1  main.o(.data)
    SS_FL                                    0x2000031b   Data           1  main.o(.data)
    speed_temp                               0x2000031c   Data           4  main.o(.data)
    speed                                    0x20000320   Data           4  main.o(.data)
    Home_Encoder_RL                          0x20000324   Data           4  main.o(.data)
    Home_Encoder_RR                          0x20000328   Data           4  main.o(.data)
    Home_Encoder_FL                          0x2000032c   Data           4  main.o(.data)
    Home_Encoder_FR                          0x20000330   Data           4  main.o(.data)
    current_RL_Angle                         0x20000334   Data           4  main.o(.data)
    current_RR_Angle                         0x20000338   Data           4  main.o(.data)
    current_FL_Angle                         0x2000033c   Data           4  main.o(.data)
    current_FR_Angle                         0x20000340   Data           4  main.o(.data)
    gtri_laze_phai                           0x20000344   Data           4  main.o(.data)
    gtri_laze_trai                           0x20000348   Data           4  main.o(.data)
    SystemCoreClock                          0x20000384   Data           4  system_stm32f4xx.o(.data)
    AHBPrescTable                            0x20000388   Data          16  system_stm32f4xx.o(.data)
    pxCurrentTCB                             0x200003d4   Data           4  tasks.o(.data)
    buf                                      0x20000414   Data         150  main.o(.bss)
    ky_tu                                    0x200004aa   Data          40  main.o(.bss)
    ky_tu_1                                  0x200004d2   Data          40  main.o(.bss)
    ky_tu_2                                  0x200004fa   Data          40  main.o(.bss)
    ky_tu_3                                  0x20000522   Data          40  main.o(.bss)
    Buffer_HMI                               0x2000054a   Data         150  main.o(.bss)
    _ADC1_Value                              0x200005e0   Data          16  main.o(.bss)
    RX_USART1                                0x200005f0   Data          15  main.o(.bss)
    RX_USART2                                0x200005ff   Data          15  main.o(.bss)
    DATA_COLOR                               0x2000060e   Data          20  main.o(.bss)
    MANG_GAME                                0x20000622   Data          10  main.o(.bss)
    GP_BTN                                   0x2000062c   Data          15  main.o(.bss)
    RX_USART6                                0x2000063b   Data          12  main.o(.bss)
    offsetArray                              0x20000648   Data          80  main.o(.bss)
    xQueueRegistry                           0x20000698   Data          64  queue.o(.bss)
    __initial_sp                             0x200033f0   Data           0  startup_stm32f4xx.o(STACK)



==============================================================================

Memory Map of the image

  Image Entry point : 0x08000189

  Load Region LR_IROM1 (Base: 0x08000000, Size: 0x0000c31c, Max: 0x00080000, ABSOLUTE, COMPRESSED[0x0000c018])

    Execution Region ER_IROM1 (Exec base: 0x08000000, Load base: 0x08000000, Size: 0x0000bf08, Max: 0x00080000, ABSOLUTE)

    Exec Addr    Load Addr    Size         Type   Attr      Idx    E Section Name        Object

    0x08000000   0x08000000   0x00000188   Data   RO          303    RESET               startup_stm32f4xx.o
    0x08000188   0x08000188   0x00000000   Code   RO          736  * .ARM.Collect$$$$00000000  mc_w.l(entry.o)
    0x08000188   0x08000188   0x00000004   Code   RO         1078    .ARM.Collect$$$$00000001  mc_w.l(entry2.o)
    0x0800018c   0x0800018c   0x00000004   Code   RO         1081    .ARM.Collect$$$$00000004  mc_w.l(entry5.o)
    0x08000190   0x08000190   0x00000000   Code   RO         1083    .ARM.Collect$$$$00000008  mc_w.l(entry7b.o)
    0x08000190   0x08000190   0x00000000   Code   RO         1085    .ARM.Collect$$$$0000000A  mc_w.l(entry8b.o)
    0x08000190   0x08000190   0x00000008   Code   RO         1086    .ARM.Collect$$$$0000000B  mc_w.l(entry9a.o)
    0x08000198   0x08000198   0x00000000   Code   RO         1088    .ARM.Collect$$$$0000000D  mc_w.l(entry10a.o)
    0x08000198   0x08000198   0x00000000   Code   RO         1090    .ARM.Collect$$$$0000000F  mc_w.l(entry11a.o)
    0x08000198   0x08000198   0x00000004   Code   RO         1079    .ARM.Collect$$$$00002712  mc_w.l(entry2.o)
    0x0800019c   0x0800019c   0x000000a8   Code   RO          569    .emb_text           port.o
    0x08000244   0x08000244   0x000002d4   Code   RO            2    .text               stm32f4xx_it.o
    0x08000518   0x08000518   0x000047d4   Code   RO          139    .text               main.o
    0x08004cec   0x08004cec   0x00000200   Code   RO          280    .text               system_stm32f4xx.o
    0x08004eec   0x08004eec   0x00000024   Code   RO          304    .text               startup_stm32f4xx.o
    0x08004f10   0x08004f10   0x000000e0   Code   RO          309    .text               misc.o
    0x08004ff0   0x08004ff0   0x0000025c   Code   RO          325    .text               stm32f4xx_gpio.o
    0x0800524c   0x0800524c   0x00000588   Code   RO          341    .text               stm32f4xx_rcc.o
    0x080057d4   0x080057d4   0x00000464   Code   RO          359    .text               stm32f4xx_adc.o
    0x08005c38   0x08005c38   0x000003a8   Code   RO          375    .text               stm32f4xx_dma.o
    0x08005fe0   0x08005fe0   0x0000011c   Code   RO          391    .text               stm32f4xx_exti.o
    0x080060fc   0x080060fc   0x00000ca2   Code   RO          423    .text               stm32f4xx_tim.o
    0x08006d9e   0x08006d9e   0x00000002   PAD
    0x08006da0   0x08006da0   0x0000041a   Code   RO          439    .text               stm32f4xx_usart.o
    0x080071ba   0x080071ba   0x00000002   PAD
    0x080071bc   0x080071bc   0x0000008c   Code   RO          455    .text               stm32f4xx_syscfg.o
    0x08007248   0x08007248   0x00000098   Code   RO          512    .text               list.o
    0x080072e0   0x080072e0   0x00000768   Code   RO          530    .text               queue.o
    0x08007a48   0x08007a48   0x00000410   Code   RO          548    .text               timers.o
    0x08007e58   0x08007e58   0x000000dc   Code   RO          570    .text               port.o
    0x08007f34   0x08007f34   0x00000118   Code   RO          587    .text               heap_2.o
    0x0800804c   0x0800804c   0x00000da4   Code   RO          602    .text               tasks.o
    0x08008df0   0x08008df0   0x00000024   Code   RO          739    .text               mc_w.l(memcpya.o)
    0x08008e14   0x08008e14   0x00000024   Code   RO          741    .text               mc_w.l(memseta.o)
    0x08008e38   0x08008e38   0x00000018   Code   RO          743    .text               mc_w.l(strcat.o)
    0x08008e50   0x08008e50   0x00000018   Code   RO          745    .text               mc_w.l(strncpy.o)
    0x08008e68   0x08008e68   0x0000000e   Code   RO          747    .text               mc_w.l(strlen.o)
    0x08008e76   0x08008e76   0x0000001c   Code   RO          749    .text               mc_w.l(strcmp.o)
    0x08008e92   0x08008e92   0x0000014e   Code   RO         1014    .text               mf_w.l(dadd.o)
    0x08008fe0   0x08008fe0   0x000000e4   Code   RO         1016    .text               mf_w.l(dmul.o)
    0x080090c4   0x080090c4   0x000000de   Code   RO         1018    .text               mf_w.l(ddiv.o)
    0x080091a2   0x080091a2   0x00000022   Code   RO         1020    .text               mf_w.l(dflti.o)
    0x080091c4   0x080091c4   0x0000003e   Code   RO         1022    .text               mf_w.l(dfixi.o)
    0x08009202   0x08009202   0x00000026   Code   RO         1024    .text               mf_w.l(f2d.o)
    0x08009228   0x08009228   0x00000038   Code   RO         1026    .text               mf_w.l(d2f.o)
    0x08009260   0x08009260   0x0000002c   Code   RO         1095    .text               mc_w.l(uidiv.o)
    0x0800928c   0x0800928c   0x0000001e   Code   RO         1099    .text               mc_w.l(llshl.o)
    0x080092aa   0x080092aa   0x00000020   Code   RO         1101    .text               mc_w.l(llushr.o)
    0x080092ca   0x080092ca   0x00000024   Code   RO         1103    .text               mc_w.l(llsshr.o)
    0x080092ee   0x080092ee   0x00000000   Code   RO         1112    .text               mc_w.l(iusefp.o)
    0x080092ee   0x080092ee   0x0000006e   Code   RO         1113    .text               mf_w.l(fepilogue.o)
    0x0800935c   0x0800935c   0x000000ba   Code   RO         1115    .text               mf_w.l(depilogue.o)
    0x08009416   0x08009416   0x0000002e   Code   RO         1119    .text               mf_w.l(dscalb.o)
    0x08009444   0x08009444   0x000000a2   Code   RO         1121    .text               mf_w.l(dsqrt.o)
    0x080094e6   0x080094e6   0x00000086   Code   RO         1123    .text               mf_w.l(drem.o)
    0x0800956c   0x0800956c   0x00000030   Code   RO         1127    .text               mf_w.l(cdcmple.o)
    0x0800959c   0x0800959c   0x00000030   Code   RO         1129    .text               mf_w.l(cdrcmple.o)
    0x080095cc   0x080095cc   0x00000004   Code   RO         1131    .text               mf_w.l(fpstat.o)
    0x080095d0   0x080095d0   0x00000024   Code   RO         1133    .text               mc_w.l(init.o)
    0x080095f4   0x080095f4   0x00000056   Code   RO         1145    .text               mc_w.l(__dczerorl2.o)
    0x0800964a   0x0800964a   0x00000002   PAD
    0x0800964c   0x0800964c   0x00000030   Code   RO          843    i.__0snprintf$3     mc_w.l(printf3.o)
    0x0800967c   0x0800967c   0x00000028   Code   RO          844    i.__0sprintf$3      mc_w.l(printf3.o)
    0x080096a4   0x080096a4   0x00000030   Code   RO         1054    i.__ARM_fpclassify  m_wm.l(fpclassify.o)
    0x080096d4   0x080096d4   0x00000026   Code   RO         1056    i.__ARM_fpclassifyf  m_wm.l(fpclassifyf.o)
    0x080096fa   0x080096fa   0x00000002   PAD
    0x080096fc   0x080096fc   0x00000250   Code   RO          624    i.__hardfp_atan2f   m_wm.l(atan2f.o)
    0x0800994c   0x0800994c   0x00000150   Code   RO          636    i.__hardfp_cosf     m_wm.l(cosf.o)
    0x08009a9c   0x08009a9c   0x00000104   Code   RO          648    i.__hardfp_fmod     m_wm.l(fmod.o)
    0x08009ba0   0x08009ba0   0x00000c50   Code   RO          660    i.__hardfp_pow      m_wm.l(pow.o)
    0x0800a7f0   0x0800a7f0   0x00000664   Code   RO          674    i.__hardfp_powf     m_wm.l(powf.o)
    0x0800ae54   0x0800ae54   0x00000190   Code   RO          688    i.__hardfp_sinf     m_wm.l(sinf.o)
    0x0800afe4   0x0800afe4   0x0000007a   Code   RO          700    i.__hardfp_sqrt     m_wm.l(sqrt.o)
    0x0800b05e   0x0800b05e   0x0000003a   Code   RO          712    i.__hardfp_sqrtf    m_wm.l(sqrtf.o)
    0x0800b098   0x0800b098   0x00000160   Code   RO          724    i.__hardfp_tanh     m_wm.l(tanh.o)
    0x0800b1f8   0x0800b1f8   0x000000f8   Code   RO         1072    i.__kernel_poly     m_wm.l(poly.o)
    0x0800b2f0   0x0800b2f0   0x00000030   Code   RO         1028    i.__mathlib_dbl_divzero  m_wm.l(dunder.o)
    0x0800b320   0x0800b320   0x00000014   Code   RO         1029    i.__mathlib_dbl_infnan  m_wm.l(dunder.o)
    0x0800b334   0x0800b334   0x00000014   Code   RO         1030    i.__mathlib_dbl_infnan2  m_wm.l(dunder.o)
    0x0800b348   0x0800b348   0x00000020   Code   RO         1031    i.__mathlib_dbl_invalid  m_wm.l(dunder.o)
    0x0800b368   0x0800b368   0x00000020   Code   RO         1032    i.__mathlib_dbl_overflow  m_wm.l(dunder.o)
    0x0800b388   0x0800b388   0x00000020   Code   RO         1034    i.__mathlib_dbl_underflow  m_wm.l(dunder.o)
    0x0800b3a8   0x0800b3a8   0x000004f4   Code   RO         1042    i.__mathlib_expm1   m_wm.l(expm1_i.o)
    0x0800b89c   0x0800b89c   0x00000014   Code   RO         1058    i.__mathlib_flt_divzero  m_wm.l(funder.o)
    0x0800b8b0   0x0800b8b0   0x00000006   Code   RO         1059    i.__mathlib_flt_infnan  m_wm.l(funder.o)
    0x0800b8b6   0x0800b8b6   0x00000006   Code   RO         1060    i.__mathlib_flt_infnan2  m_wm.l(funder.o)
    0x0800b8bc   0x0800b8bc   0x00000010   Code   RO         1061    i.__mathlib_flt_invalid  m_wm.l(funder.o)
    0x0800b8cc   0x0800b8cc   0x00000010   Code   RO         1062    i.__mathlib_flt_overflow  m_wm.l(funder.o)
    0x0800b8dc   0x0800b8dc   0x00000010   Code   RO         1064    i.__mathlib_flt_underflow  m_wm.l(funder.o)
    0x0800b8ec   0x0800b8ec   0x00000154   Code   RO         1075    i.__mathlib_rredf2  m_wm.l(rredf.o)
    0x0800ba40   0x0800ba40   0x0000000e   Code   RO         1139    i.__scatterload_copy  mc_w.l(handlers.o)
    0x0800ba4e   0x0800ba4e   0x00000002   Code   RO         1140    i.__scatterload_null  mc_w.l(handlers.o)
    0x0800ba50   0x0800ba50   0x0000000e   Code   RO         1141    i.__scatterload_zeroinit  mc_w.l(handlers.o)
    0x0800ba5e   0x0800ba5e   0x00000002   PAD
    0x0800ba60   0x0800ba60   0x0000000c   Code   RO         1107    i.__set_errno       mc_w.l(errno.o)
    0x0800ba6c   0x0800ba6c   0x000001b8   Code   RO          849    i._printf_core      mc_w.l(printf3.o)
    0x0800bc24   0x0800bc24   0x00000016   Code   RO          850    i._snputc           mc_w.l(printf3.o)
    0x0800bc3a   0x0800bc3a   0x0000000a   Code   RO          851    i._sputc            mc_w.l(printf3.o)
    0x0800bc44   0x0800bc44   0x00000018   Code   RO         1050    i.fabs              m_wm.l(fabs.o)
    0x0800bc5c   0x0800bc5c   0x0000006e   Code   RO          702    i.sqrt              m_wm.l(sqrt.o)
    0x0800bcca   0x0800bcca   0x00000006   PAD
    0x0800bcd0   0x0800bcd0   0x00000088   Data   RO          663    .constdata          m_wm.l(pow.o)
    0x0800bd58   0x0800bd58   0x00000140   Data   RO          677    .constdata          m_wm.l(powf.o)
    0x0800be98   0x0800be98   0x00000028   Data   RO         1043    .constdata          m_wm.l(expm1_i.o)
    0x0800bec0   0x0800bec0   0x00000008   Data   RO         1074    .constdata          m_wm.l(qnan.o)
    0x0800bec8   0x0800bec8   0x00000020   Data   RO         1076    .constdata          m_wm.l(rredf.o)
    0x0800bee8   0x0800bee8   0x00000020   Data   RO         1137    Region$$Table       anon$$obj.o


    Execution Region RW_IRAM1 (Exec base: 0x20000000, Load base: 0x0800bf08, Size: 0x000033f0, Max: 0x00020000, ABSOLUTE, COMPRESSED[0x00000110])

    Exec Addr    Load Addr    Size         Type   Attr      Idx    E Section Name        Object

    0x20000000   COMPRESSED   0x00000384   Data   RW          141    .data               main.o
    0x20000384   COMPRESSED   0x00000014   Data   RW          281    .data               system_stm32f4xx.o
    0x20000398   COMPRESSED   0x00000010   Data   RW          342    .data               stm32f4xx_rcc.o
    0x200003a8   COMPRESSED   0x00000010   Data   RW          550    .data               timers.o
    0x200003b8   COMPRESSED   0x00000004   Data   RW          571    .data               port.o
    0x200003bc   COMPRESSED   0x00000018   Data   RW          589    .data               heap_2.o
    0x200003d4   COMPRESSED   0x0000003c   Data   RW          604    .data               tasks.o
    0x20000410   COMPRESSED   0x00000004   Data   RW         1108    .data               mc_w.l(errno.o)
    0x20000414        -       0x00000284   Zero   RW          140    .bss                main.o
    0x20000698        -       0x00000040   Zero   RW          531    .bss                queue.o
    0x200006d8        -       0x00000028   Zero   RW          549    .bss                timers.o
    0x20000700        -       0x00002800   Zero   RW          588    .bss                heap_2.o
    0x20002f00        -       0x000000f0   Zero   RW          603    .bss                tasks.o
    0x20002ff0        -       0x00000400   Zero   RW          301    STACK               startup_stm32f4xx.o


==============================================================================

Image component sizes


      Code (inc. data)   RO Data    RW Data    ZI Data      Debug   Object Name

       280         22          0         24      10240       3760   heap_2.o
       152          0          0          0          0       3578   list.o
     18388       1946          0        900        644     325814   main.o
       224         20          0          0          0       2013   misc.o
       388         34          0          4          0       3094   port.o
      1896          6          0          0         64      11020   queue.o
        36          8        392          0       1024        940   startup_stm32f4xx.o
      1124         24          0          0          0      10882   stm32f4xx_adc.o
       936         32          0          0          0       6589   stm32f4xx_dma.o
       284         10          0          0          0       2515   stm32f4xx_exti.o
       604         36          0          0          0       4317   stm32f4xx_gpio.o
       724        116          0          0          0     292373   stm32f4xx_it.o
      1416         48          0         16          0      11283   stm32f4xx_rcc.o
       140         12          0          0          0       1759   stm32f4xx_syscfg.o
      3234         60          0          0          0      23204   stm32f4xx_tim.o
      1050         26          0          0          0       8052   stm32f4xx_usart.o
       512         44          0         20          0       1879   system_stm32f4xx.o
      3492        256          0         60        240      16069   tasks.o
      1040         36          0         16         40      10492   timers.o

    ----------------------------------------------------------------------
     35924       2736        424       1040      12252     739633   Object Totals
         0          0         32          0          0          0   (incl. Generated)
         4          0          0          0          0          0   (incl. Padding)

    ----------------------------------------------------------------------

      Code (inc. data)   RO Data    RW Data    ZI Data      Debug   Library Member Name

       592         90          0          0          0        184   atan2f.o
       336         56          0          0          0        136   cosf.o
       184         44          0          0          0        744   dunder.o
      1268        176         40          0          0        264   expm1_i.o
        24          0          0          0          0        124   fabs.o
       260          6          0          0          0        144   fmod.o
        48          0          0          0          0        124   fpclassify.o
        38          0          0          0          0        116   fpclassifyf.o
        80         24          0          0          0        696   funder.o
       248          0          0          0          0        152   poly.o
      3152        296        136          0          0        352   pow.o
      1636        110        320          0          0        372   powf.o
         0          0          8          0          0          0   qnan.o
       340         24         32          0          0        160   rredf.o
       400         56          0          0          0        212   sinf.o
       232          0          0          0          0        296   sqrt.o
        58          0          0          0          0        136   sqrtf.o
       352         46          0          0          0        184   tanh.o
        86          0          0          0          0          0   __dczerorl2.o
         0          0          0          0          0          0   entry.o
         0          0          0          0          0          0   entry10a.o
         0          0          0          0          0          0   entry11a.o
         8          4          0          0          0          0   entry2.o
         4          0          0          0          0          0   entry5.o
         0          0          0          0          0          0   entry7b.o
         0          0          0          0          0          0   entry8b.o
         8          4          0          0          0          0   entry9a.o
        12          6          0          4          0         68   errno.o
        30          0          0          0          0          0   handlers.o
        36          8          0          0          0         68   init.o
         0          0          0          0          0          0   iusefp.o
        30          0          0          0          0         68   llshl.o
        36          0          0          0          0         68   llsshr.o
        32          0          0          0          0         68   llushr.o
        36          0          0          0          0         68   memcpya.o
        36          0          0          0          0        108   memseta.o
       560         14          0          0          0        404   printf3.o
        24          0          0          0          0         68   strcat.o
        28          0          0          0          0         76   strcmp.o
        14          0          0          0          0         68   strlen.o
        24          0          0          0          0         76   strncpy.o
        44          0          0          0          0         80   uidiv.o
        48          0          0          0          0         68   cdcmple.o
        48          0          0          0          0         68   cdrcmple.o
        56          0          0          0          0         88   d2f.o
       334          0          0          0          0        148   dadd.o
       222          0          0          0          0        100   ddiv.o
       186          0          0          0          0        176   depilogue.o
        62          0          0          0          0         80   dfixi.o
        34          0          0          0          0         76   dflti.o
       228          0          0          0          0         96   dmul.o
       134          0          0          0          0         96   drem.o
        46          0          0          0          0         80   dscalb.o
       162          0          0          0          0        100   dsqrt.o
        38          0          0          0          0         68   f2d.o
       110          0          0          0          0        168   fepilogue.o
         4          0          0          0          0         68   fpstat.o

    ----------------------------------------------------------------------
     12020        964        536          4          0       7164   Library Totals
        12          0          0          0          0          0   (incl. Padding)

    ----------------------------------------------------------------------

      Code (inc. data)   RO Data    RW Data    ZI Data      Debug   Library Name

      9248        928        536          0          0       4396   m_wm.l
      1048         36          0          4          0       1288   mc_w.l
      1712          0          0          0          0       1480   mf_w.l

    ----------------------------------------------------------------------
     12020        964        536          4          0       7164   Library Totals

    ----------------------------------------------------------------------

==============================================================================


      Code (inc. data)   RO Data    RW Data    ZI Data      Debug   

     47944       3700        960       1044      12252     737273   Grand Totals
     47944       3700        960        272      12252     737273   ELF Image Totals (compressed)
     47944       3700        960        272          0          0   ROM Totals

==============================================================================

    Total RO  Size (Code + RO Data)                48904 (  47.76kB)
    Total RW  Size (RW Data + ZI Data)             13296 (  12.98kB)
    Total ROM Size (Code + RO Data + RW Data)      49176 (  48.02kB)

==============================================================================

