Component: ARM Compiler 5.06 update 6 (build 750) Tool: armlink [4d35ed]

==============================================================================

Section Cross References

    stm32f4xx_it.o(.text) refers to stm32f4xx_usart.o(.text) for USART_GetITStatus
    stm32f4xx_it.o(.text) refers to stm32f4xx_dma.o(.text) for DMA_ClearITPendingBit
    stm32f4xx_it.o(.text) refers to main.o(.text) for ProcessReceivedData
    stm32f4xx_it.o(.text) refers to stm32f4xx_tim.o(.text) for TIM_ClearITPendingBit
    stm32f4xx_it.o(.text) refers to stm32f4xx_exti.o(.text) for EXTI_GetITStatus
    stm32f4xx_it.o(.text) refers to stm32f4xx_gpio.o(.text) for GPIO_ToggleBits
    stm32f4xx_it.o(.text) refers to main.o(.bss) for RX_USART1
    stm32f4xx_it.o(.text) refers to main.o(.data) for IMU
    main.o(.text) refers to strlen.o(.text) for strlen
    main.o(.text) refers to strcmp.o(.text) for strcmp
    main.o(.text) refers to strncpy.o(.text) for strncpy
    main.o(.text) refers to stm32f4xx_dma.o(.text) for DMA_Cmd
    main.o(.text) refers to stm32f4xx_usart.o(.text) for USART_SendData
    main.o(.text) refers to printf3.o(i.__0snprintf$3) for __2snprintf
    main.o(.text) refers to printf3.o(i.__0sprintf$3) for __2sprintf
    main.o(.text) refers to strcat.o(.text) for strcat
    main.o(.text) refers to stm32f4xx_tim.o(.text) for TIM_GetCounter
    main.o(.text) refers to dflti.o(.text) for __aeabi_i2d
    main.o(.text) refers to ddiv.o(.text) for __aeabi_ddiv
    main.o(.text) refers to dfixi.o(.text) for __aeabi_d2iz
    main.o(.text) refers to main.o(.bss) for Buffer_HMI
    main.o(.text) refers to main.o(.data) for num_over_t3
    main.o(.text) refers to stm32f4xx_rcc.o(.text) for RCC_AHB1PeriphClockCmd
    main.o(.text) refers to stm32f4xx_gpio.o(.text) for GPIO_Init
    main.o(.text) refers to misc.o(.text) for NVIC_PriorityGroupConfig
    main.o(.text) refers to stm32f4xx_adc.o(.text) for ADC_CommonInit
    main.o(.text) refers to stm32f4xx_syscfg.o(.text) for SYSCFG_EXTILineConfig
    main.o(.text) refers to stm32f4xx_exti.o(.text) for EXTI_Init
    main.o(.text) refers to dmul.o(.text) for __aeabi_dmul
    main.o(.text) refers to cdrcmple.o(.text) for __aeabi_cdrcmple
    main.o(.text) refers to cdcmple.o(.text) for __aeabi_cdcmple
    main.o(.text) refers to dadd.o(.text) for __aeabi_dadd
    main.o(.text) refers to sqrt.o(i.__hardfp_sqrt) for __hardfp_sqrt
    main.o(.text) refers to atan.o(i.__hardfp_atan) for __hardfp_atan
    main.o(.text) refers to acos.o(i.__hardfp_acos) for __hardfp_acos
    main.o(.text) refers to cos.o(i.__hardfp_cos) for __hardfp_cos
    main.o(.text) refers to fmod.o(i.__hardfp_fmod) for __hardfp_fmod
    main.o(.text) refers to d2f.o(.text) for __aeabi_d2f
    main.o(.text) refers to f2d.o(.text) for __aeabi_f2d
    main.o(.text) refers to sin.o(i.__hardfp_sin) for __hardfp_sin
    main.o(.text) refers to atan2f.o(i.__hardfp_atan2f) for __hardfp_atan2f
    main.o(.text) refers to pow.o(i.__hardfp_pow) for __hardfp_pow
    main.o(.text) refers to tasks.o(.text) for vTaskDelay
    main.o(.text) refers to dfltui.o(.text) for __aeabi_ui2d
    main.o(.text) refers to dfixui.o(.text) for __aeabi_d2uiz
    main.o(.text) refers to log.o(i.__hardfp_log) for __hardfp_log
    main.o(.text) refers to exp.o(i.__hardfp_exp) for __hardfp_exp
    system_stm32f4xx.o(.text) refers to system_stm32f4xx.o(.data) for SystemCoreClock
    startup_stm32f4xx.o(RESET) refers to startup_stm32f4xx.o(STACK) for __initial_sp
    startup_stm32f4xx.o(RESET) refers to startup_stm32f4xx.o(.text) for Reset_Handler
    startup_stm32f4xx.o(RESET) refers to stm32f4xx_it.o(.text) for NMI_Handler
    startup_stm32f4xx.o(RESET) refers to port.o(.emb_text) for SVC_Handler
    startup_stm32f4xx.o(RESET) refers to port.o(.text) for SysTick_Handler
    startup_stm32f4xx.o(.text) refers to system_stm32f4xx.o(.text) for SystemInit
    startup_stm32f4xx.o(.text) refers to entry.o(.ARM.Collect$$$$00000000) for __main
    stm32f4xx_gpio.o(.text) refers to stm32f4xx_rcc.o(.text) for RCC_AHB1PeriphResetCmd
    stm32f4xx_rcc.o(.text) refers to stm32f4xx_rcc.o(.data) for APBAHBPrescTable
    stm32f4xx_adc.o(.text) refers to stm32f4xx_rcc.o(.text) for RCC_APB2PeriphResetCmd
    stm32f4xx_spi.o(.text) refers to stm32f4xx_rcc.o(.text) for RCC_APB2PeriphResetCmd
    stm32f4xx_tim.o(.text) refers to stm32f4xx_rcc.o(.text) for RCC_APB2PeriphResetCmd
    stm32f4xx_usart.o(.text) refers to stm32f4xx_rcc.o(.text) for RCC_APB2PeriphResetCmd
    stm32f4xx_syscfg.o(.text) refers to stm32f4xx_rcc.o(.text) for RCC_APB2PeriphResetCmd
    stm32f4xx_i2c.o(.text) refers to stm32f4xx_rcc.o(.text) for RCC_APB1PeriphResetCmd
    croutine.o(.text) refers to list.o(.text) for vListInitialise
    croutine.o(.text) refers to heap_2.o(.text) for pvPortMalloc
    croutine.o(.text) refers to port.o(.emb_text) for ulPortSetInterruptMask
    croutine.o(.text) refers to tasks.o(.text) for xTaskGetTickCount
[...]
    robotGamePadControl                      0x08005ac1   Thumb Code   714  main.o(.text)
    Home_wheel_0h_Out                        0x08005d8b   Thumb Code    40  main.o(.text)
    Home_wheel_0h                            0x08005db3   Thumb Code   146  main.o(.text)
    Home_wheel_4h_Out                        0x08005e45   Thumb Code    40  main.o(.text)
    Home_wheel_4h                            0x08005e6d   Thumb Code    96  main.o(.text)
    Home_wheel_8h_Out                        0x08005ecd   Thumb Code    42  main.o(.text)
    Home_wheel_8h                            0x08005ef7   Thumb Code    98  main.o(.text)
    Angle_0h                                 0x08005f59   Thumb Code   158  main.o(.text)
    Angle_4h                                 0x08005ff7   Thumb Code   158  main.o(.text)
    Angle_8h                                 0x08006095   Thumb Code   158  main.o(.text)
    lucbanlazerXanh                          0x08006133   Thumb Code   458  main.o(.text)
    lucbanlazerDo                            0x080062fd   Thumb Code   896  main.o(.text)
    main                                     0x0800692f   Thumb Code    60  main.o(.text)
    SystemInit                               0x08006add   Thumb Code    74  system_stm32f4xx.o(.text)
    SystemCoreClockUpdate                    0x08006b27   Thumb Code   174  system_stm32f4xx.o(.text)
    Reset_Handler                            0x08006c01   Thumb Code     8  startup_stm32f4xx.o(.text)
    ADC_IRQHandler                           0x08006c1b   Thumb Code     0  startup_stm32f4xx.o(.text)
    CAN1_RX0_IRQHandler                      0x08006c1b   Thumb Code     0  startup_stm32f4xx.o(.text)
    CAN1_RX1_IRQHandler                      0x08006c1b   Thumb Code     0  startup_stm32f4xx.o(.text)
    CAN1_SCE_IRQHandler                      0x08006c1b   Thumb Code     0  startup_stm32f4xx.o(.text)
    CAN1_TX_IRQHandler                       0x08006c1b   Thumb Code     0  startup_stm32f4xx.o(.text)
    CAN2_RX0_IRQHandler                      0x08006c1b   Thumb Code     0  startup_stm32f4xx.o(.text)
    CAN2_RX1_IRQHandler                      0x08006c1b   Thumb Code     0  startup_stm32f4xx.o(.text)
    CAN2_SCE_IRQHandler                      0x08006c1b   Thumb Code     0  startup_stm32f4xx.o(.text)
    CAN2_TX_IRQHandler                       0x08006c1b   Thumb Code     0  startup_stm32f4xx.o(.text)
    CRYP_IRQHandler                          0x08006c1b   Thumb Code     0  startup_stm32f4xx.o(.text)
    DCMI_IRQHandler                          0x08006c1b   Thumb Code     0  startup_stm32f4xx.o(.text)
    DMA1_Stream3_IRQHandler                  0x08006c1b   Thumb Code     0  startup_stm32f4xx.o(.text)
    DMA1_Stream5_IRQHandler                  0x08006c1b   Thumb Code     0  startup_stm32f4xx.o(.text)
    DMA2_Stream0_IRQHandler                  0x08006c1b   Thumb Code     0  startup_stm32f4xx.o(.text)
    DMA2_Stream3_IRQHandler                  0x08006c1b   Thumb Code     0  startup_stm32f4xx.o(.text)
    DMA2_Stream4_IRQHandler                  0x08006c1b   Thumb Code     0  startup_stm32f4xx.o(.text)
    DMA2_Stream6_IRQHandler                  0x08006c1b   Thumb Code     0  startup_stm32f4xx.o(.text)
    DMA2_Stream7_IRQHandler                  0x08006c1b   Thumb Code     0  startup_stm32f4xx.o(.text)
    ETH_IRQHandler                           0x08006c1b   Thumb Code     0  startup_stm32f4xx.o(.text)
    ETH_WKUP_IRQHandler                      0x08006c1b   Thumb Code     0  startup_stm32f4xx.o(.text)
    EXTI0_IRQHandler                         0x08006c1b   Thumb Code     0  startup_stm32f4xx.o(.text)
    EXTI15_10_IRQHandler                     0x08006c1b   Thumb Code     0  startup_stm32f4xx.o(.text)
    EXTI1_IRQHandler                         0x08006c1b   Thumb Code     0  startup_stm32f4xx.o(.text)
    EXTI4_IRQHandler                         0x08006c1b   Thumb Code     0  startup_stm32f4xx.o(.text)
    EXTI9_5_IRQHandler                       0x08006c1b   Thumb Code     0  startup_stm32f4xx.o(.text)
    FLASH_IRQHandler                         0x08006c1b   Thumb Code     0  startup_stm32f4xx.o(.text)
    FPU_IRQHandler                           0x08006c1b   Thumb Code     0  startup_stm32f4xx.o(.text)
    FSMC_IRQHandler                          0x08006c1b   Thumb Code     0  startup_stm32f4xx.o(.text)
    HASH_RNG_IRQHandler                      0x08006c1b   Thumb Code     0  startup_stm32f4xx.o(.text)
    I2C1_ER_IRQHandler                       0x08006c1b   Thumb Code     0  startup_stm32f4xx.o(.text)
    I2C1_EV_IRQHandler                       0x08006c1b   Thumb Code     0  startup_stm32f4xx.o(.text)
    I2C2_ER_IRQHandler                       0x08006c1b   Thumb Code     0  startup_stm32f4xx.o(.text)
    I2C2_EV_IRQHandler                       0x08006c1b   Thumb Code     0  startup_stm32f4xx.o(.text)
    I2C3_ER_IRQHandler                       0x08006c1b   Thumb Code     0  startup_stm32f4xx.o(.text)
    I2C3_EV_IRQHandler                       0x08006c1b   Thumb Code     0  startup_stm32f4xx.o(.text)
    OTG_FS_IRQHandler                        0x08006c1b   Thumb Code     0  startup_stm32f4xx.o(.text)
    OTG_FS_WKUP_IRQHandler                   0x08006c1b   Thumb Code     0  startup_stm32f4xx.o(.text)
    OTG_HS_EP1_IN_IRQHandler                 0x08006c1b   Thumb Code     0  startup_stm32f4xx.o(.text)
    OTG_HS_EP1_OUT_IRQHandler                0x08006c1b   Thumb Code     0  startup_stm32f4xx.o(.text)
    OTG_HS_IRQHandler                        0x08006c1b   Thumb Code     0  startup_stm32f4xx.o(.text)
    OTG_HS_WKUP_IRQHandler                   0x08006c1b   Thumb Code     0  startup_stm32f4xx.o(.text)
    PVD_IRQHandler                           0x08006c1b   Thumb Code     0  startup_stm32f4xx.o(.text)
    RCC_IRQHandler                           0x08006c1b   Thumb Code     0  startup_stm32f4xx.o(.text)
    RTC_Alarm_IRQHandler                     0x08006c1b   Thumb Code     0  startup_stm32f4xx.o(.text)
    RTC_WKUP_IRQHandler                      0x08006c1b   Thumb Code     0  startup_stm32f4xx.o(.text)
    SDIO_IRQHandler                          0x08006c1b   Thumb Code     0  startup_stm32f4xx.o(.text)
    SPI2_IRQHandler                          0x08006c1b   Thumb Code     0  startup_stm32f4xx.o(.text)
    TAMP_STAMP_IRQHandler                    0x08006c1b   Thumb Code     0  startup_stm32f4xx.o(.text)
    TIM1_BRK_TIM9_IRQHandler                 0x08006c1b   Thumb Code     0  startup_stm32f4xx.o(.text)
    TIM1_CC_IRQHandler                       0x08006c1b   Thumb Code     0  startup_stm32f4xx.o(.text)
    TIM8_BRK_TIM12_IRQHandler                0x08006c1b   Thumb Code     0  startup_stm32f4xx.o(.text)
    TIM8_CC_IRQHandler                       0x08006c1b   Thumb Code     0  startup_stm32f4xx.o(.text)
    TIM8_TRG_COM_TIM14_IRQHandler            0x08006c1b   Thumb Code     0  startup_stm32f4xx.o(.text)
    TIM8_UP_TIM13_IRQHandler                 0x08006c1b   Thumb Code     0  startup_stm32f4xx.o(.text)
    UART4_IRQHandler                         0x08006c1b   Thumb Code     0  startup_stm32f4xx.o(.text)
    UART5_IRQHandler                         0x08006c1b   Thumb Code     0  startup_stm32f4xx.o(.text)
    USART2_IRQHandler                        0x08006c1b   Thumb Code     0  startup_stm32f4xx.o(.text)
    USART3_IRQHandler                        0x08006c1b   Thumb Code     0  startup_stm32f4xx.o(.text)
    USART6_IRQHandler                        0x08006c1b   Thumb Code     0  startup_stm32f4xx.o(.text)
    WWDG_IRQHandler                          0x08006c1b   Thumb Code     0  startup_stm32f4xx.o(.text)
    NVIC_PriorityGroupConfig                 0x08006c25   Thumb Code    10  misc.o(.text)
    NVIC_Init                                0x08006c2f   Thumb Code   106  misc.o(.text)
    NVIC_SetVectorTable                      0x08006c99   Thumb Code    14  misc.o(.text)
    NVIC_SystemLPConfig                      0x08006ca7   Thumb Code    34  misc.o(.text)
    SysTick_CLKSourceConfig                  0x08006cc9   Thumb Code    40  misc.o(.text)
    GPIO_DeInit                              0x08006d05   Thumb Code   220  stm32f4xx_gpio.o(.text)
    GPIO_Init                                0x08006de1   Thumb Code   144  stm32f4xx_gpio.o(.text)
    GPIO_StructInit                          0x08006e71   Thumb Code    18  stm32f4xx_gpio.o(.text)
    GPIO_PinLockConfig                       0x08006e83   Thumb Code    34  stm32f4xx_gpio.o(.text)
    GPIO_ReadInputDataBit                    0x08006ea5   Thumb Code    18  stm32f4xx_gpio.o(.text)
    GPIO_ReadInputData                       0x08006eb7   Thumb Code     8  stm32f4xx_gpio.o(.text)
    GPIO_ReadOutputDataBit                   0x08006ebf   Thumb Code    18  stm32f4xx_gpio.o(.text)
    GPIO_ReadOutputData                      0x08006ed1   Thumb Code     8  stm32f4xx_gpio.o(.text)
    GPIO_SetBits                             0x08006ed9   Thumb Code     4  stm32f4xx_gpio.o(.text)
    GPIO_ResetBits                           0x08006edd   Thumb Code     4  stm32f4xx_gpio.o(.text)
    GPIO_WriteBit                            0x08006ee1   Thumb Code    10  stm32f4xx_gpio.o(.text)
    GPIO_Write                               0x08006eeb   Thumb Code     4  stm32f4xx_gpio.o(.text)
    GPIO_ToggleBits                          0x08006eef   Thumb Code     8  stm32f4xx_gpio.o(.text)
    GPIO_PinAFConfig                         0x08006ef7   Thumb Code    70  stm32f4xx_gpio.o(.text)
    RCC_DeInit                               0x08006f61   Thumb Code    60  stm32f4xx_rcc.o(.text)
    RCC_HSEConfig                            0x08006f9d   Thumb Code    14  stm32f4xx_rcc.o(.text)
    RCC_GetFlagStatus                        0x08006fab   Thumb Code    60  stm32f4xx_rcc.o(.text)
    RCC_WaitForHSEStartUp                    0x08006fe7   Thumb Code    56  stm32f4xx_rcc.o(.text)
    RCC_AdjustHSICalibrationValue            0x0800701f   Thumb Code    20  stm32f4xx_rcc.o(.text)
    RCC_HSICmd                               0x08007033   Thumb Code     6  stm32f4xx_rcc.o(.text)
    RCC_LSEConfig                            0x08007039   Thumb Code    46  stm32f4xx_rcc.o(.text)
    RCC_LSICmd                               0x08007067   Thumb Code     6  stm32f4xx_rcc.o(.text)
    RCC_PLLConfig                            0x0800706d   Thumb Code    32  stm32f4xx_rcc.o(.text)
    RCC_PLLCmd                               0x0800708d   Thumb Code     6  stm32f4xx_rcc.o(.text)
    RCC_PLLI2SConfig                         0x08007093   Thumb Code    14  stm32f4xx_rcc.o(.text)
    RCC_PLLI2SCmd                            0x080070a1   Thumb Code     6  stm32f4xx_rcc.o(.text)
    RCC_ClockSecuritySystemCmd               0x080070a7   Thumb Code     6  stm32f4xx_rcc.o(.text)
    RCC_MCO1Config                           0x080070ad   Thumb Code    28  stm32f4xx_rcc.o(.text)
    RCC_MCO2Config                           0x080070c9   Thumb Code    28  stm32f4xx_rcc.o(.text)
    RCC_SYSCLKConfig                         0x080070e5   Thumb Code    20  stm32f4xx_rcc.o(.text)
    RCC_GetSYSCLKSource                      0x080070f9   Thumb Code    12  stm32f4xx_rcc.o(.text)
    RCC_HCLKConfig                           0x08007105   Thumb Code    20  stm32f4xx_rcc.o(.text)
    RCC_PCLK1Config                          0x08007119   Thumb Code    20  stm32f4xx_rcc.o(.text)
    RCC_PCLK2Config                          0x0800712d   Thumb Code    22  stm32f4xx_rcc.o(.text)
    RCC_GetClocksFreq                        0x08007143   Thumb Code   222  stm32f4xx_rcc.o(.text)
    RCC_RTCCLKConfig                         0x08007221   Thumb Code    54  stm32f4xx_rcc.o(.text)
    RCC_RTCCLKCmd                            0x08007257   Thumb Code     8  stm32f4xx_rcc.o(.text)
    RCC_BackupResetCmd                       0x0800725f   Thumb Code     8  stm32f4xx_rcc.o(.text)
    RCC_I2SCLKConfig                         0x08007267   Thumb Code     6  stm32f4xx_rcc.o(.text)
    RCC_AHB1PeriphClockCmd                   0x0800726d   Thumb Code    34  stm32f4xx_rcc.o(.text)
    RCC_AHB2PeriphClockCmd                   0x0800728f   Thumb Code    34  stm32f4xx_rcc.o(.text)
    RCC_AHB3PeriphClockCmd                   0x080072b1   Thumb Code    34  stm32f4xx_rcc.o(.text)
    RCC_APB1PeriphClockCmd                   0x080072d3   Thumb Code    34  stm32f4xx_rcc.o(.text)
    RCC_APB2PeriphClockCmd                   0x080072f5   Thumb Code    34  stm32f4xx_rcc.o(.text)
    RCC_AHB1PeriphResetCmd                   0x08007317   Thumb Code    34  stm32f4xx_rcc.o(.text)
    RCC_AHB2PeriphResetCmd                   0x08007339   Thumb Code    72  stm32f4xx_rcc.o(.text)
    RCC_AHB3PeriphResetCmd                   0x08007381   Thumb Code    34  stm32f4xx_rcc.o(.text)
    RCC_APB1PeriphResetCmd                   0x080073a3   Thumb Code    34  stm32f4xx_rcc.o(.text)
    RCC_APB2PeriphResetCmd                   0x080073c5   Thumb Code    34  stm32f4xx_rcc.o(.text)
    RCC_AHB1PeriphClockLPModeCmd             0x080073e7   Thumb Code    34  stm32f4xx_rcc.o(.text)
    RCC_AHB2PeriphClockLPModeCmd             0x08007409   Thumb Code    34  stm32f4xx_rcc.o(.text)
    RCC_AHB3PeriphClockLPModeCmd             0x0800742b   Thumb Code    34  stm32f4xx_rcc.o(.text)
    RCC_APB1PeriphClockLPModeCmd             0x0800744d   Thumb Code    34  stm32f4xx_rcc.o(.text)
    RCC_APB2PeriphClockLPModeCmd             0x0800746f   Thumb Code    34  stm32f4xx_rcc.o(.text)
    RCC_ITConfig                             0x08007491   Thumb Code    34  stm32f4xx_rcc.o(.text)
    RCC_ClearFlag                            0x080074b3   Thumb Code    18  stm32f4xx_rcc.o(.text)
    RCC_GetITStatus                          0x080074c5   Thumb Code    22  stm32f4xx_rcc.o(.text)
    RCC_ClearITPendingBit                    0x080074db   Thumb Code     8  stm32f4xx_rcc.o(.text)
    ADC_DeInit                               0x080074e9   Thumb Code    22  stm32f4xx_adc.o(.text)
    ADC_Init                                 0x080074ff   Thumb Code    74  stm32f4xx_adc.o(.text)
    ADC_StructInit                           0x08007549   Thumb Code    20  stm32f4xx_adc.o(.text)
    ADC_CommonInit                           0x0800755d   Thumb Code    34  stm32f4xx_adc.o(.text)
    ADC_CommonStructInit                     0x0800757f   Thumb Code    12  stm32f4xx_adc.o(.text)
    ADC_Cmd                                  0x0800758b   Thumb Code    22  stm32f4xx_adc.o(.text)
    ADC_AnalogWatchdogCmd                    0x080075a1   Thumb Code    16  stm32f4xx_adc.o(.text)
    ADC_AnalogWatchdogThresholdsConfig       0x080075b1   Thumb Code     6  stm32f4xx_adc.o(.text)
    ADC_AnalogWatchdogSingleChannelConfig    0x080075b7   Thumb Code    16  stm32f4xx_adc.o(.text)
    ADC_TempSensorVrefintCmd                 0x080075c7   Thumb Code    34  stm32f4xx_adc.o(.text)
    ADC_VBATCmd                              0x080075e9   Thumb Code    34  stm32f4xx_adc.o(.text)
    ADC_RegularChannelConfig                 0x0800760b   Thumb Code   184  stm32f4xx_adc.o(.text)
    ADC_SoftwareStartConv                    0x080076c3   Thumb Code    10  stm32f4xx_adc.o(.text)
    ADC_GetSoftwareStartConvStatus           0x080076cd   Thumb Code    20  stm32f4xx_adc.o(.text)
    ADC_EOCOnEachRegularChannelCmd           0x080076e1   Thumb Code    22  stm32f4xx_adc.o(.text)
    ADC_ContinuousModeCmd                    0x080076f7   Thumb Code    22  stm32f4xx_adc.o(.text)
    ADC_DiscModeChannelCountConfig           0x0800770d   Thumb Code    24  stm32f4xx_adc.o(.text)
    ADC_DiscModeCmd                          0x08007725   Thumb Code    22  stm32f4xx_adc.o(.text)
    ADC_GetConversionValue                   0x0800773b   Thumb Code     8  stm32f4xx_adc.o(.text)
    ADC_GetMultiModeConversionValue          0x08007743   Thumb Code     8  stm32f4xx_adc.o(.text)
    ADC_DMACmd                               0x0800774b   Thumb Code    22  stm32f4xx_adc.o(.text)
    ADC_DMARequestAfterLastTransferCmd       0x08007761   Thumb Code    22  stm32f4xx_adc.o(.text)
    ADC_MultiModeDMARequestAfterLastTransferCmd 0x08007777   Thumb Code    34  stm32f4xx_adc.o(.text)
    ADC_InjectedChannelConfig                0x08007799   Thumb Code   130  stm32f4xx_adc.o(.text)
    ADC_InjectedSequencerLengthConfig        0x0800781b   Thumb Code    24  stm32f4xx_adc.o(.text)
    ADC_SetInjectedOffset                    0x08007833   Thumb Code    20  stm32f4xx_adc.o(.text)
    ADC_ExternalTrigInjectedConvConfig       0x08007847   Thumb Code    16  stm32f4xx_adc.o(.text)
    ADC_ExternalTrigInjectedConvEdgeConfig   0x08007857   Thumb Code    16  stm32f4xx_adc.o(.text)
    ADC_SoftwareStartInjectedConv            0x08007867   Thumb Code    10  stm32f4xx_adc.o(.text)
    ADC_GetSoftwareStartInjectedConvCmdStatus 0x08007871   Thumb Code    20  stm32f4xx_adc.o(.text)
    ADC_AutoInjectedConvCmd                  0x08007885   Thumb Code    22  stm32f4xx_adc.o(.text)
    ADC_InjectedDiscModeCmd                  0x0800789b   Thumb Code    22  stm32f4xx_adc.o(.text)
    ADC_GetInjectedConversionValue           0x080078b1   Thumb Code    28  stm32f4xx_adc.o(.text)
    ADC_ITConfig                             0x080078cd   Thumb Code    56  stm32f4xx_adc.o(.text)
    ADC_GetFlagStatus                        0x08007905   Thumb Code    18  stm32f4xx_adc.o(.text)
    ADC_ClearFlag                            0x08007917   Thumb Code     6  stm32f4xx_adc.o(.text)
    ADC_GetITStatus                          0x0800791d   Thumb Code    38  stm32f4xx_adc.o(.text)
    ADC_ClearITPendingBit                    0x08007943   Thumb Code    10  stm32f4xx_adc.o(.text)
    DMA_DeInit                               0x0800794d   Thumb Code   324  stm32f4xx_dma.o(.text)
    DMA_Init                                 0x08007a91   Thumb Code    82  stm32f4xx_dma.o(.text)
    DMA_StructInit                           0x08007ae3   Thumb Code    34  stm32f4xx_dma.o(.text)
    DMA_Cmd                                  0x08007b05   Thumb Code    22  stm32f4xx_dma.o(.text)
    DMA_PeriphIncOffsetSizeConfig            0x08007b1b   Thumb Code    22  stm32f4xx_dma.o(.text)
    DMA_FlowControllerConfig                 0x08007b31   Thumb Code    22  stm32f4xx_dma.o(.text)
    DMA_SetCurrDataCounter                   0x08007b47   Thumb Code     4  stm32f4xx_dma.o(.text)
    DMA_GetCurrDataCounter                   0x08007b4b   Thumb Code     8  stm32f4xx_dma.o(.text)
    DMA_DoubleBufferModeConfig               0x08007b53   Thumb Code    24  stm32f4xx_dma.o(.text)
    DMA_DoubleBufferModeCmd                  0x08007b6b   Thumb Code    22  stm32f4xx_dma.o(.text)
    DMA_MemoryTargetConfig                   0x08007b81   Thumb Code    10  stm32f4xx_dma.o(.text)
    DMA_GetCurrentMemoryTarget               0x08007b8b   Thumb Code    20  stm32f4xx_dma.o(.text)
    DMA_GetCmdStatus                         0x08007b9f   Thumb Code    20  stm32f4xx_dma.o(.text)
    DMA_GetFIFOStatus                        0x08007bb3   Thumb Code    12  stm32f4xx_dma.o(.text)
    DMA_GetFlagStatus                        0x08007bbf   Thumb Code    56  stm32f4xx_dma.o(.text)
    DMA_ClearFlag                            0x08007bf7   Thumb Code    40  stm32f4xx_dma.o(.text)
    DMA_ITConfig                             0x08007c1f   Thumb Code    58  stm32f4xx_dma.o(.text)
    DMA_GetITStatus                          0x08007c59   Thumb Code    84  stm32f4xx_dma.o(.text)
    DMA_ClearITPendingBit                    0x08007cad   Thumb Code    40  stm32f4xx_dma.o(.text)
    EXTI_DeInit                              0x08007cf5   Thumb Code    28  stm32f4xx_exti.o(.text)
    EXTI_Init                                0x08007d11   Thumb Code   142  stm32f4xx_exti.o(.text)
    EXTI_StructInit                          0x08007d9f   Thumb Code    16  stm32f4xx_exti.o(.text)
    EXTI_GenerateSWInterrupt                 0x08007daf   Thumb Code    16  stm32f4xx_exti.o(.text)
    EXTI_GetFlagStatus                       0x08007dbf   Thumb Code    22  stm32f4xx_exti.o(.text)
    EXTI_ClearFlag                           0x08007dd5   Thumb Code     8  stm32f4xx_exti.o(.text)
    EXTI_GetITStatus                         0x08007ddd   Thumb Code    34  stm32f4xx_exti.o(.text)
    EXTI_ClearITPendingBit                   0x08007dff   Thumb Code     8  stm32f4xx_exti.o(.text)
    TIM_DeInit                               0x08007e11   Thumb Code   346  stm32f4xx_tim.o(.text)
    TIM_TimeBaseInit                         0x08007f6b   Thumb Code   104  stm32f4xx_tim.o(.text)
    TIM_TimeBaseStructInit                   0x08007fd3   Thumb Code    18  stm32f4xx_tim.o(.text)
    TIM_PrescalerConfig                      0x08007fe5   Thumb Code     6  stm32f4xx_tim.o(.text)
    TIM_CounterModeConfig                    0x08007feb   Thumb Code    18  stm32f4xx_tim.o(.text)
    TIM_SetCounter                           0x08007ffd   Thumb Code     4  stm32f4xx_tim.o(.text)
    TIM_SetAutoreload                        0x08008001   Thumb Code     4  stm32f4xx_tim.o(.text)
    TIM_GetCounter                           0x08008005   Thumb Code     6  stm32f4xx_tim.o(.text)
    TIM_GetPrescaler                         0x0800800b   Thumb Code     6  stm32f4xx_tim.o(.text)
    TIM_UpdateDisableConfig                  0x08008011   Thumb Code    24  stm32f4xx_tim.o(.text)
    TIM_UpdateRequestConfig                  0x08008029   Thumb Code    24  stm32f4xx_tim.o(.text)
    TIM_ARRPreloadConfig                     0x08008041   Thumb Code    24  stm32f4xx_tim.o(.text)
    TIM_SelectOnePulseMode                   0x08008059   Thumb Code    18  stm32f4xx_tim.o(.text)
    TIM_SetClockDivision                     0x0800806b   Thumb Code    18  stm32f4xx_tim.o(.text)
    TIM_Cmd                                  0x0800807d   Thumb Code    24  stm32f4xx_tim.o(.text)
    TIM_OC1Init                              0x08008095   Thumb Code   114  stm32f4xx_tim.o(.text)
    TIM_OC2Init                              0x08008107   Thumb Code   154  stm32f4xx_tim.o(.text)
    TIM_OC3Init                              0x080081a1   Thumb Code   204  stm32f4xx_tim.o(.text)
    TIM_OC4Init                              0x0800826d   Thumb Code   112  stm32f4xx_tim.o(.text)
    TIM_OCStructInit                         0x080082dd   Thumb Code    20  stm32f4xx_tim.o(.text)
    TIM_SelectOCxM                           0x080082f1   Thumb Code    86  stm32f4xx_tim.o(.text)
    TIM_SetCompare1                          0x08008347   Thumb Code     4  stm32f4xx_tim.o(.text)
    TIM_SetCompare2                          0x0800834b   Thumb Code     4  stm32f4xx_tim.o(.text)
    TIM_SetCompare3                          0x0800834f   Thumb Code     4  stm32f4xx_tim.o(.text)
    TIM_SetCompare4                          0x08008353   Thumb Code     4  stm32f4xx_tim.o(.text)
    TIM_ForcedOC1Config                      0x08008357   Thumb Code    18  stm32f4xx_tim.o(.text)
    TIM_ForcedOC2Config                      0x08008369   Thumb Code    26  stm32f4xx_tim.o(.text)
    TIM_ForcedOC3Config                      0x08008383   Thumb Code    18  stm32f4xx_tim.o(.text)
    TIM_ForcedOC4Config                      0x08008395   Thumb Code    26  stm32f4xx_tim.o(.text)
    TIM_OC1PreloadConfig                     0x080083af   Thumb Code    18  stm32f4xx_tim.o(.text)
    TIM_OC2PreloadConfig                     0x080083c1   Thumb Code    26  stm32f4xx_tim.o(.text)
    TIM_OC3PreloadConfig                     0x080083db   Thumb Code    18  stm32f4xx_tim.o(.text)
    TIM_OC4PreloadConfig                     0x080083ed   Thumb Code    26  stm32f4xx_tim.o(.text)
    TIM_OC1FastConfig                        0x08008407   Thumb Code    18  stm32f4xx_tim.o(.text)
    TIM_OC2FastConfig                        0x08008419   Thumb Code    26  stm32f4xx_tim.o(.text)
    TIM_OC3FastConfig                        0x08008433   Thumb Code    18  stm32f4xx_tim.o(.text)
    TIM_OC4FastConfig                        0x08008445   Thumb Code    26  stm32f4xx_tim.o(.text)
    TIM_ClearOC1Ref                          0x0800845f   Thumb Code    18  stm32f4xx_tim.o(.text)
    TIM_ClearOC2Ref                          0x08008471   Thumb Code    24  stm32f4xx_tim.o(.text)
    TIM_ClearOC3Ref                          0x08008489   Thumb Code    18  stm32f4xx_tim.o(.text)
    TIM_ClearOC4Ref                          0x0800849b   Thumb Code    24  stm32f4xx_tim.o(.text)
    TIM_OC1PolarityConfig                    0x080084b3   Thumb Code    18  stm32f4xx_tim.o(.text)
    TIM_OC1NPolarityConfig                   0x080084c5   Thumb Code    18  stm32f4xx_tim.o(.text)
    TIM_OC2PolarityConfig                    0x080084d7   Thumb Code    26  stm32f4xx_tim.o(.text)
    TIM_OC2NPolarityConfig                   0x080084f1   Thumb Code    26  stm32f4xx_tim.o(.text)
    TIM_OC3PolarityConfig                    0x0800850b   Thumb Code    26  stm32f4xx_tim.o(.text)
    TIM_OC3NPolarityConfig                   0x08008525   Thumb Code    26  stm32f4xx_tim.o(.text)
    TIM_OC4PolarityConfig                    0x0800853f   Thumb Code    26  stm32f4xx_tim.o(.text)
    TIM_CCxCmd                               0x08008559   Thumb Code    30  stm32f4xx_tim.o(.text)
    TIM_CCxNCmd                              0x08008577   Thumb Code    30  stm32f4xx_tim.o(.text)
    TIM_SetIC4Prescaler                      0x08008595   Thumb Code    26  stm32f4xx_tim.o(.text)
    TIM_SetIC3Prescaler                      0x080085ff   Thumb Code    18  stm32f4xx_tim.o(.text)
    TIM_SetIC2Prescaler                      0x08008659   Thumb Code    26  stm32f4xx_tim.o(.text)
    TIM_SetIC1Prescaler                      0x080086cd   Thumb Code    18  stm32f4xx_tim.o(.text)
    TIM_ICInit                               0x08008719   Thumb Code   110  stm32f4xx_tim.o(.text)
    TIM_ICStructInit                         0x08008787   Thumb Code    18  stm32f4xx_tim.o(.text)
    TIM_PWMIConfig                           0x08008799   Thumb Code   124  stm32f4xx_tim.o(.text)
    TIM_GetCapture1                          0x08008815   Thumb Code     6  stm32f4xx_tim.o(.text)
    TIM_GetCapture2                          0x0800881b   Thumb Code     6  stm32f4xx_tim.o(.text)
    TIM_GetCapture3                          0x08008821   Thumb Code     6  stm32f4xx_tim.o(.text)
    TIM_GetCapture4                          0x08008827   Thumb Code     6  stm32f4xx_tim.o(.text)
    TIM_BDTRConfig                           0x0800882d   Thumb Code    32  stm32f4xx_tim.o(.text)
    TIM_BDTRStructInit                       0x0800884d   Thumb Code    18  stm32f4xx_tim.o(.text)
    TIM_CtrlPWMOutputs                       0x0800885f   Thumb Code    30  stm32f4xx_tim.o(.text)
    TIM_SelectCOM                            0x0800887d   Thumb Code    24  stm32f4xx_tim.o(.text)
    TIM_CCPreloadControl                     0x08008895   Thumb Code    24  stm32f4xx_tim.o(.text)
    TIM_ITConfig                             0x080088ad   Thumb Code    18  stm32f4xx_tim.o(.text)
    TIM_GenerateEvent                        0x080088bf   Thumb Code     4  stm32f4xx_tim.o(.text)
    TIM_GetFlagStatus                        0x080088c3   Thumb Code    18  stm32f4xx_tim.o(.text)
    TIM_ClearFlag                            0x080088d5   Thumb Code     6  stm32f4xx_tim.o(.text)
    TIM_GetITStatus                          0x080088db   Thumb Code    34  stm32f4xx_tim.o(.text)
    TIM_ClearITPendingBit                    0x080088fd   Thumb Code     6  stm32f4xx_tim.o(.text)
    TIM_DMAConfig                            0x08008903   Thumb Code    10  stm32f4xx_tim.o(.text)
    TIM_DMACmd                               0x0800890d   Thumb Code    18  stm32f4xx_tim.o(.text)
    TIM_SelectCCDMA                          0x0800891f   Thumb Code    24  stm32f4xx_tim.o(.text)
    TIM_InternalClockConfig                  0x08008937   Thumb Code    12  stm32f4xx_tim.o(.text)
    TIM_SelectInputTrigger                   0x08008943   Thumb Code    18  stm32f4xx_tim.o(.text)
    TIM_ITRxExternalClockConfig              0x08008955   Thumb Code    24  stm32f4xx_tim.o(.text)
    TIM_TIxExternalClockConfig               0x0800896d   Thumb Code    62  stm32f4xx_tim.o(.text)
    TIM_ETRConfig                            0x080089ab   Thumb Code    28  stm32f4xx_tim.o(.text)
    TIM_ETRClockMode1Config                  0x080089c7   Thumb Code    54  stm32f4xx_tim.o(.text)
    TIM_ETRClockMode2Config                  0x080089fd   Thumb Code    32  stm32f4xx_tim.o(.text)
    TIM_SelectOutputTrigger                  0x08008a1d   Thumb Code    18  stm32f4xx_tim.o(.text)
    TIM_SelectSlaveMode                      0x08008a2f   Thumb Code    18  stm32f4xx_tim.o(.text)
    TIM_SelectMasterSlaveMode                0x08008a41   Thumb Code    18  stm32f4xx_tim.o(.text)
    TIM_EncoderInterfaceConfig               0x08008a53   Thumb Code    66  stm32f4xx_tim.o(.text)
    TIM_SelectHallSensor                     0x08008a95   Thumb Code    24  stm32f4xx_tim.o(.text)
    TIM_RemapConfig                          0x08008aad   Thumb Code     6  stm32f4xx_tim.o(.text)
    USART_DeInit                             0x08008ab5   Thumb Code   156  stm32f4xx_usart.o(.text)
    USART_Init                               0x08008b51   Thumb Code   204  stm32f4xx_usart.o(.text)
    USART_StructInit                         0x08008c1d   Thumb Code    24  stm32f4xx_usart.o(.text)
    USART_ClockInit                          0x08008c35   Thumb Code    32  stm32f4xx_usart.o(.text)
    USART_ClockStructInit                    0x08008c55   Thumb Code    12  stm32f4xx_usart.o(.text)
    USART_Cmd                                0x08008c61   Thumb Code    24  stm32f4xx_usart.o(.text)
    USART_SetPrescaler                       0x08008c79   Thumb Code    16  stm32f4xx_usart.o(.text)
    USART_OverSampling8Cmd                   0x08008c89   Thumb Code    22  stm32f4xx_usart.o(.text)
    USART_OneBitMethodCmd                    0x08008c9f   Thumb Code    24  stm32f4xx_usart.o(.text)
    USART_SendData                           0x08008cb7   Thumb Code     8  stm32f4xx_usart.o(.text)
    USART_ReceiveData                        0x08008cbf   Thumb Code    10  stm32f4xx_usart.o(.text)
    USART_SetAddress                         0x08008cc9   Thumb Code    18  stm32f4xx_usart.o(.text)
    USART_ReceiverWakeUpCmd                  0x08008cdb   Thumb Code    24  stm32f4xx_usart.o(.text)
    USART_WakeUpConfig                       0x08008cf3   Thumb Code    18  stm32f4xx_usart.o(.text)
    USART_LINBreakDetectLengthConfig         0x08008d05   Thumb Code    18  stm32f4xx_usart.o(.text)
    USART_LINCmd                             0x08008d17   Thumb Code    24  stm32f4xx_usart.o(.text)
    USART_SendBreak                          0x08008d2f   Thumb Code    10  stm32f4xx_usart.o(.text)
    USART_HalfDuplexCmd                      0x08008d39   Thumb Code    24  stm32f4xx_usart.o(.text)
    USART_SetGuardTime                       0x08008d51   Thumb Code    16  stm32f4xx_usart.o(.text)
    USART_SmartCardCmd                       0x08008d61   Thumb Code    24  stm32f4xx_usart.o(.text)
    USART_SmartCardNACKCmd                   0x08008d79   Thumb Code    24  stm32f4xx_usart.o(.text)
    USART_IrDAConfig                         0x08008d91   Thumb Code    18  stm32f4xx_usart.o(.text)
    USART_IrDACmd                            0x08008da3   Thumb Code    24  stm32f4xx_usart.o(.text)
    USART_DMACmd                             0x08008dbb   Thumb Code    18  stm32f4xx_usart.o(.text)
    USART_ITConfig                           0x08008dcd   Thumb Code    74  stm32f4xx_usart.o(.text)
    USART_GetFlagStatus                      0x08008e17   Thumb Code    26  stm32f4xx_usart.o(.text)
    USART_ClearFlag                          0x08008e31   Thumb Code    18  stm32f4xx_usart.o(.text)
    USART_GetITStatus                        0x08008e43   Thumb Code   110  stm32f4xx_usart.o(.text)
    USART_ClearITPendingBit                  0x08008eb1   Thumb Code    30  stm32f4xx_usart.o(.text)
    SYSCFG_DeInit                            0x08008ed1   Thumb Code    22  stm32f4xx_syscfg.o(.text)
    SYSCFG_MemoryRemapConfig                 0x08008ee7   Thumb Code     6  stm32f4xx_syscfg.o(.text)
    SYSCFG_EXTILineConfig                    0x08008eed   Thumb Code    66  stm32f4xx_syscfg.o(.text)
    SYSCFG_ETH_MediaInterfaceConfig          0x08008f2f   Thumb Code     6  stm32f4xx_syscfg.o(.text)
    SYSCFG_CompensationCellCmd               0x08008f35   Thumb Code     6  stm32f4xx_syscfg.o(.text)
    SYSCFG_GetCompensationCellStatus         0x08008f3b   Thumb Code    22  stm32f4xx_syscfg.o(.text)
    vListInitialise                          0x08008f5d   Thumb Code    26  list.o(.text)
    vListInitialiseItem                      0x08008f77   Thumb Code     6  list.o(.text)
    vListInsertEnd                           0x08008f7d   Thumb Code    28  list.o(.text)
    vListInsert                              0x08008f99   Thumb Code    52  list.o(.text)
    uxListRemove                             0x08008fcd   Thumb Code    40  list.o(.text)
    xQueueGenericReset                       0x08008ff5   Thumb Code   118  queue.o(.text)
    xQueueGenericCreate                      0x0800906b   Thumb Code    92  queue.o(.text)
    xQueueGenericSend                        0x080091cd   Thumb Code   238  queue.o(.text)
    xQueueCreateMutex                        0x080092bb   Thumb Code    86  queue.o(.text)
    xQueueGiveMutexRecursive                 0x08009311   Thumb Code    56  queue.o(.text)
    xQueueGenericReceive                     0x0800938f   Thumb Code   314  queue.o(.text)
    xQueueTakeMutexRecursive                 0x080094c9   Thumb Code    64  queue.o(.text)
    xQueueCreateCountingSemaphore            0x08009509   Thumb Code    36  queue.o(.text)
    xQueueGenericSendFromISR                 0x0800952d   Thumb Code   128  queue.o(.text)
    xQueueReceiveFromISR                     0x080095ad   Thumb Code   126  queue.o(.text)
    uxQueueMessagesWaiting                   0x0800962b   Thumb Code    28  queue.o(.text)
    uxQueueMessagesWaitingFromISR            0x08009647   Thumb Code    20  queue.o(.text)
    vQueueDelete                             0x08009681   Thumb Code    34  queue.o(.text)
    ucQueueGetQueueNumber                    0x080096a3   Thumb Code     8  queue.o(.text)
    vQueueSetQueueNumber                     0x080096ab   Thumb Code     6  queue.o(.text)
    ucQueueGetQueueType                      0x080096b1   Thumb Code     8  queue.o(.text)
    xQueueIsQueueEmptyFromISR                0x080096b9   Thumb Code    30  queue.o(.text)
    xQueueIsQueueFullFromISR                 0x080096d7   Thumb Code    34  queue.o(.text)
    vQueueAddToRegistry                      0x080096f9   Thumb Code    38  queue.o(.text)
    vQueueWaitForMessageRestricted           0x0800971f   Thumb Code    56  queue.o(.text)
    xTimerGenericCommand                     0x080097ad   Thumb Code   100  timers.o(.text)
    xTimerCreateTimerTask                    0x08009a9b   Thumb Code    58  timers.o(.text)
    xTimerCreate                             0x08009ad5   Thumb Code    78  timers.o(.text)
    xTimerIsTimerActive                      0x08009b23   Thumb Code    30  timers.o(.text)
    pvTimerGetTimerID                        0x08009b41   Thumb Code     8  timers.o(.text)
    pxPortInitialiseStack                    0x08009b6d   Thumb Code    32  port.o(.text)
    vPortSetupTimerInterrupt                 0x08009b8d   Thumb Code    26  port.o(.text)
    xPortStartScheduler                      0x08009ba7   Thumb Code    58  port.o(.text)
    vPortEndScheduler                        0x08009be1   Thumb Code     2  port.o(.text)
    vPortYieldFromISR                        0x08009be3   Thumb Code    12  port.o(.text)
    vPortEnterCritical                       0x08009bef   Thumb Code    18  port.o(.text)
    vPortExitCritical                        0x08009c01   Thumb Code    26  port.o(.text)
    SysTick_Handler                          0x08009c1b   Thumb Code    28  port.o(.text)
    pvPortMalloc                             0x08009c49   Thumb Code   194  heap_2.o(.text)
    vPortFree                                0x08009d0b   Thumb Code    56  heap_2.o(.text)
    xPortGetFreeHeapSize                     0x08009d43   Thumb Code     6  heap_2.o(.text)
    vPortInitialiseBlocks                    0x08009d49   Thumb Code     2  heap_2.o(.text)
    xTaskGenericCreate                       0x08009e27   Thumb Code   302  tasks.o(.text)
    vTaskDelete                              0x08009f55   Thumb Code    94  tasks.o(.text)
    vTaskIncrementTick                       0x08009fb3   Thumb Code   254  tasks.o(.text)
    xTaskResumeAll                           0x0800a0b1   Thumb Code   290  tasks.o(.text)
    vTaskSuspendAll                          0x0800a211   Thumb Code    12  tasks.o(.text)
    vTaskDelayUntil                          0x0800a21d   Thumb Code   136  tasks.o(.text)
    vTaskDelay                               0x0800a2a5   Thumb Code    48  tasks.o(.text)
    uxTaskPriorityGet                        0x0800a2d5   Thumb Code    30  tasks.o(.text)
    vTaskPrioritySet                         0x0800a2f3   Thumb Code   184  tasks.o(.text)
    vTaskSwitchContext                       0x0800a3ab   Thumb Code   108  tasks.o(.text)
    vTaskSuspend                             0x0800a417   Thumb Code   100  tasks.o(.text)
    xTaskIsTaskSuspended                     0x0800a47b   Thumb Code    72  tasks.o(.text)
    vTaskResume                              0x0800a4c3   Thumb Code   102  tasks.o(.text)
    xTaskResumeFromISR                       0x0800a529   Thumb Code   180  tasks.o(.text)
    vTaskStartScheduler                      0x0800a659   Thumb Code    74  tasks.o(.text)
    vTaskEndScheduler                        0x0800a6a3   Thumb Code    18  tasks.o(.text)
    xTaskGetTickCount                        0x0800a6b5   Thumb Code    18  tasks.o(.text)
    xTaskGetTickCountFromISR                 0x0800a6c7   Thumb Code    22  tasks.o(.text)
    uxTaskGetNumberOfTasks                   0x0800a6dd   Thumb Code     6  tasks.o(.text)
    vTaskList                                0x0800a76d   Thumb Code   182  tasks.o(.text)
    vTaskPlaceOnEventList                    0x0800a823   Thumb Code    70  tasks.o(.text)
    vTaskPlaceOnEventListRestricted          0x0800a869   Thumb Code    52  tasks.o(.text)
    xTaskRemoveFromEventList                 0x0800a89d   Thumb Code   106  tasks.o(.text)
    vTaskSetTimeOutState                     0x0800a907   Thumb Code    28  tasks.o(.text)
    xTaskCheckForTimeOut                     0x0800a923   Thumb Code   112  tasks.o(.text)
    vTaskMissedYield                         0x0800a993   Thumb Code     8  tasks.o(.text)
    uxTaskGetTaskNumber                      0x0800a99b   Thumb Code    14  tasks.o(.text)
    vTaskSetTaskNumber                       0x0800a9a9   Thumb Code     8  tasks.o(.text)
    xTaskGetCurrentTaskHandle                0x0800a9b1   Thumb Code     6  tasks.o(.text)
    xTaskGetSchedulerState                   0x0800a9b7   Thumb Code    24  tasks.o(.text)
    vTaskPriorityInherit                     0x0800a9cf   Thumb Code   226  tasks.o(.text)
    vTaskPriorityDisinherit                  0x0800aab1   Thumb Code    70  tasks.o(.text)
    __aeabi_memcpy                           0x0800ab05   Thumb Code    36  memcpya.o(.text)
    __aeabi_memcpy4                          0x0800ab05   Thumb Code     0  memcpya.o(.text)
    __aeabi_memcpy8                          0x0800ab05   Thumb Code     0  memcpya.o(.text)
    __aeabi_memset                           0x0800ab29   Thumb Code    14  memseta.o(.text)
    __aeabi_memset4                          0x0800ab29   Thumb Code     0  memseta.o(.text)
    __aeabi_memset8                          0x0800ab29   Thumb Code     0  memseta.o(.text)
    __aeabi_memclr                           0x0800ab37   Thumb Code     4  memseta.o(.text)
    __aeabi_memclr4                          0x0800ab37   Thumb Code     0  memseta.o(.text)
    __aeabi_memclr8                          0x0800ab37   Thumb Code     0  memseta.o(.text)
    _memset$wrapper                          0x0800ab3b   Thumb Code    18  memseta.o(.text)
    strcat                                   0x0800ab4d   Thumb Code    24  strcat.o(.text)
    strncpy                                  0x0800ab65   Thumb Code    24  strncpy.o(.text)
    strlen                                   0x0800ab7d   Thumb Code    14  strlen.o(.text)
    strcmp                                   0x0800ab8b   Thumb Code    28  strcmp.o(.text)
    __aeabi_dadd                             0x0800aba7   Thumb Code   322  dadd.o(.text)
    __aeabi_dsub                             0x0800ace9   Thumb Code     6  dadd.o(.text)
    __aeabi_drsub                            0x0800acef   Thumb Code     6  dadd.o(.text)
    __aeabi_dmul                             0x0800acf5   Thumb Code   228  dmul.o(.text)
    __aeabi_ddiv                             0x0800add9   Thumb Code   222  ddiv.o(.text)
    __aeabi_i2d                              0x0800aeb7   Thumb Code    34  dflti.o(.text)
    __aeabi_ui2d                             0x0800aed9   Thumb Code    26  dfltui.o(.text)
    __aeabi_d2iz                             0x0800aef3   Thumb Code    62  dfixi.o(.text)
    __aeabi_d2uiz                            0x0800af31   Thumb Code    50  dfixui.o(.text)
    __aeabi_f2d                              0x0800af63   Thumb Code    38  f2d.o(.text)
    __aeabi_cdcmpeq                          0x0800af89   Thumb Code     0  cdcmple.o(.text)
    __aeabi_cdcmple                          0x0800af89   Thumb Code    48  cdcmple.o(.text)
    __aeabi_cdrcmple                         0x0800afb9   Thumb Code    48  cdrcmple.o(.text)
    __aeabi_d2f                              0x0800afe9   Thumb Code    56  d2f.o(.text)
    __aeabi_uidiv                            0x0800b021   Thumb Code     0  uidiv.o(.text)
    __aeabi_uidivmod                         0x0800b021   Thumb Code    44  uidiv.o(.text)
    __aeabi_llsl                             0x0800b04d   Thumb Code    30  llshl.o(.text)
    _ll_shift_l                              0x0800b04d   Thumb Code     0  llshl.o(.text)
    __aeabi_llsr                             0x0800b06b   Thumb Code    32  llushr.o(.text)
    _ll_ushift_r                             0x0800b06b   Thumb Code     0  llushr.o(.text)
    __aeabi_lasr                             0x0800b08b   Thumb Code    36  llsshr.o(.text)
    _ll_sshift_r                             0x0800b08b   Thumb Code     0  llsshr.o(.text)
    __I$use$fp                               0x0800b0af   Thumb Code     0  iusefp.o(.text)
    _float_round                             0x0800b0af   Thumb Code    18  fepilogue.o(.text)
    _float_epilogue                          0x0800b0c1   Thumb Code    92  fepilogue.o(.text)
    _double_round                            0x0800b11d   Thumb Code    30  depilogue.o(.text)
    _double_epilogue                         0x0800b13b   Thumb Code   156  depilogue.o(.text)
    __ARM_scalbn                             0x0800b1d7   Thumb Code    46  dscalb.o(.text)
    scalbn                                   0x0800b1d7   Thumb Code     0  dscalb.o(.text)
    _dsqrt                                   0x0800b205   Thumb Code   162  dsqrt.o(.text)
    _drem                                    0x0800b2a7   Thumb Code   134  drem.o(.text)
    __scatterload                            0x0800b32d   Thumb Code    28  init.o(.text)
    __scatterload_rt2                        0x0800b32d   Thumb Code     0  init.o(.text)
    __decompress                             0x0800b351   Thumb Code     0  __dczerorl2.o(.text)
    __decompress1                            0x0800b351   Thumb Code    86  __dczerorl2.o(.text)
    __0snprintf$3                            0x0800b3a9   Thumb Code    44  printf3.o(i.__0snprintf$3)
    __1snprintf$3                            0x0800b3a9   Thumb Code     0  printf3.o(i.__0snprintf$3)
    __2snprintf                              0x0800b3a9   Thumb Code     0  printf3.o(i.__0snprintf$3)
    __0sprintf$3                             0x0800b3d9   Thumb Code    34  printf3.o(i.__0sprintf$3)
    __1sprintf$3                             0x0800b3d9   Thumb Code     0  printf3.o(i.__0sprintf$3)
    __2sprintf                               0x0800b3d9   Thumb Code     0  printf3.o(i.__0sprintf$3)
    __ARM_fpclassify                         0x0800b401   Thumb Code    48  fpclassify.o(i.__ARM_fpclassify)
    __ARM_fpclassifyf                        0x0800b431   Thumb Code    38  fpclassifyf.o(i.__ARM_fpclassifyf)
    __hardfp_acos                            0x0800b459   Thumb Code   738  acos.o(i.__hardfp_acos)
    __hardfp_atan                            0x0800b7b1   Thumb Code   622  atan.o(i.__hardfp_atan)
    __hardfp_atan2f                          0x0800ba89   Thumb Code   502  atan2f.o(i.__hardfp_atan2f)
    __hardfp_cos                             0x0800bcd9   Thumb Code   180  cos.o(i.__hardfp_cos)
    __hardfp_exp                             0x0800bda1   Thumb Code   714  exp.o(i.__hardfp_exp)
    __hardfp_fmod                            0x0800c0f9   Thumb Code   254  fmod.o(i.__hardfp_fmod)
    __hardfp_log                             0x0800c201   Thumb Code   872  log.o(i.__hardfp_log)
    __hardfp_pow                             0x0800c5c9   Thumb Code  3072  pow.o(i.__hardfp_pow)
    __hardfp_sin                             0x0800d219   Thumb Code   180  sin.o(i.__hardfp_sin)
    __hardfp_sqrt                            0x0800d2e1   Thumb Code   122  sqrt.o(i.__hardfp_sqrt)
    __ieee754_rem_pio2                       0x0800d361   Thumb Code   938  rred.o(i.__ieee754_rem_pio2)
    __kernel_cos                             0x0800d799   Thumb Code   322  cos_i.o(i.__kernel_cos)
    __kernel_poly                            0x0800d909   Thumb Code   248  poly.o(i.__kernel_poly)
    __kernel_sin                             0x0800da01   Thumb Code   280  sin_i.o(i.__kernel_sin)
    __mathlib_dbl_divzero                    0x0800db31   Thumb Code    28  dunder.o(i.__mathlib_dbl_divzero)
    __mathlib_dbl_infnan                     0x0800db61   Thumb Code    20  dunder.o(i.__mathlib_dbl_infnan)
    __mathlib_dbl_infnan2                    0x0800db75   Thumb Code    20  dunder.o(i.__mathlib_dbl_infnan2)
    __mathlib_dbl_invalid                    0x0800db89   Thumb Code    24  dunder.o(i.__mathlib_dbl_invalid)
    __mathlib_dbl_overflow                   0x0800dba9   Thumb Code    24  dunder.o(i.__mathlib_dbl_overflow)
    __mathlib_dbl_underflow                  0x0800dbc9   Thumb Code    24  dunder.o(i.__mathlib_dbl_underflow)
    __mathlib_flt_infnan2                    0x0800dbe9   Thumb Code     6  funder.o(i.__mathlib_flt_infnan2)
    __mathlib_flt_underflow                  0x0800dbf1   Thumb Code    10  funder.o(i.__mathlib_flt_underflow)
    __scatterload_copy                       0x0800dc01   Thumb Code    14  handlers.o(i.__scatterload_copy)
    __scatterload_null                       0x0800dc0f   Thumb Code     2  handlers.o(i.__scatterload_null)
    __scatterload_zeroinit                   0x0800dc11   Thumb Code    14  handlers.o(i.__scatterload_zeroinit)
    __set_errno                              0x0800dc21   Thumb Code     6  errno.o(i.__set_errno)
    fabs                                     0x0800de05   Thumb Code    24  fabs.o(i.fabs)
    sqrt                                     0x0800de1d   Thumb Code   110  sqrt.o(i.sqrt)
    __mathlib_zero                           0x0800e0c0   Data           8  qnan.o(.constdata)
    Region$$Table$$Base                      0x0800e1b8   Number         0  anon$$obj.o(Region$$Table)
    Region$$Table$$Limit                     0x0800e1d8   Number         0  anon$$obj.o(Region$$Table)
    bien_hmi                                 0x20000000   Data           4  main.o(.data)
    DATA_SPEED                               0x20000004   Data          80  main.o(.data)
    bienBuTruRR                              0x20000054   Data           4  main.o(.data)
    bienBuTruRL                              0x20000058   Data           4  main.o(.data)
    bienBuTruFR                              0x2000005c   Data           4  main.o(.data)
    bienBuTruFL                              0x20000060   Data           4  main.o(.data)
    bitVeHome                                0x20000064   Data           4  main.o(.data)
    sieu_am                                  0x20000068   Data           4  main.o(.data)
    num_over_t1                              0x2000006c   Data           4  main.o(.data)
    num_over_t2                              0x20000070   Data           4  main.o(.data)
    num_over_t3                              0x20000074   Data           4  main.o(.data)
    num_over_t5                              0x20000078   Data           4  main.o(.data)
    num_over_t9                              0x2000007c   Data           4  main.o(.data)
    CCR2_Val                                 0x20000080   Data           4  main.o(.data)
    HMI_LOOP                                 0x20000084   Data           4  main.o(.data)
    num_over_t4                              0x20000088   Data           4  main.o(.data)
    IMU                                      0x2000008c   Data           2  main.o(.data)
    IMUxoay                                  0x2000008e   Data           2  main.o(.data)
    data_tx_gyro                             0x20000090   Data           1  main.o(.data)
    en_gyro                                  0x20000091   Data           1  main.o(.data)
    dataTxGyro                               0x20000092   Data           1  main.o(.data)
    enGyro                                   0x20000093   Data           1  main.o(.data)
    CB_DO_LINE                               0x20000094   Data           1  main.o(.data)
    Home                                     0x20000095   Data           1  main.o(.data)
    lazeSauValue                             0x20000098   Data           4  main.o(.data)
    lazeTruocValue                           0x2000009c   Data           4  main.o(.data)
    lazeTraiValue                            0x200000a0   Data           4  main.o(.data)
    lazePhaiValue                            0x200000a4   Data           4  main.o(.data)
    BienTroNongBanValue                      0x200000a8   Data           4  main.o(.data)
    bientronangluaValue                      0x200000ac   Data           4  main.o(.data)
    bientronangbongValue                     0x200000b0   Data           4  main.o(.data)
    BienTroBanValue                          0x200000b4   Data           4  main.o(.data)
    _robotDirFL                              0x200000b8   Data           4  main.o(.data)
    _robotDirFR                              0x200000bc   Data           4  main.o(.data)
    _robotDirRL                              0x200000c0   Data           4  main.o(.data)
    _robotDirRR                              0x200000c4   Data           4  main.o(.data)
    Cam                                      0x200000c8   Data           1  main.o(.data)
    JTA                                      0x200000cc   Data           4  main.o(.data)
    Vi_tri                                   0x200000d0   Data           4  main.o(.data)
    coVong                                   0x200000d4   Data           4  main.o(.data)
    Vitri_tru                                0x200000d8   Data           4  main.o(.data)
    g0                                       0x200000dc   Data           4  main.o(.data)
    g1                                       0x200000e0   Data           4  main.o(.data)
    g2                                       0x200000e4   Data           4  main.o(.data)
    g3                                       0x200000e8   Data           4  main.o(.data)
    g4                                       0x200000ec   Data           4  main.o(.data)
    g5                                       0x200000f0   Data           4  main.o(.data)
    g6                                       0x200000f4   Data           4  main.o(.data)
    bit_khoa_ham_thay_tuan                   0x200000f8   Data           4  main.o(.data)
    dang_Ban                                 0x200000fc   Data           4  main.o(.data)
    robotIsRun_cc                            0x20000100   Data           4  main.o(.data)
    vi_tri_bong                              0x20000104   Data           4  main.o(.data)
    vi_tri_ma_xoay                           0x20000108   Data           4  main.o(.data)
    sang_phai                                0x2000010c   Data           4  main.o(.data)
    sang_trai                                0x20000110   Data           4  main.o(.data)
    di_xuong                                 0x20000114   Data           4  main.o(.data)
    di_len                                   0x20000118   Data           4  main.o(.data)
    goc_ban                                  0x2000011c   Data           4  main.o(.data)
    target_BT_Xoay                           0x20000120   Data           4  main.o(.data)
    Min_BT_Xoay                              0x20000124   Data           4  main.o(.data)
    Max_BT_Xoay                              0x20000128   Data           4  main.o(.data)
    target_Nang_Ha                           0x2000012c   Data           4  main.o(.data)
    Min_Nang_Ha                              0x20000130   Data           4  main.o(.data)
    Max_Nang_Ha                              0x20000134   Data           4  main.o(.data)
    Target_BT_Shoot                          0x20000138   Data           4  main.o(.data)
    Max_BT_Shoot                             0x2000013c   Data           4  main.o(.data)
    Min_BT_Shoot                             0x20000140   Data           4  main.o(.data)
    TamRo                                    0x20000144   Data           4  main.o(.data)
    taget_BT_Nong_Ban                        0x20000148   Data           4  main.o(.data)
    Min_BT_Nong_Ban                          0x2000014c   Data           4  main.o(.data)
    Max_BT_Nong_Ban                          0x20000150   Data           4  main.o(.data)
    Max_BT_Nang_Lua                          0x20000158   Data           4  main.o(.data)
    taget_BT_Nang_Lua                        0x2000015c   Data           4  main.o(.data)
    Min_BT_Nang_Lua                          0x20000160   Data           4  main.o(.data)
    Max_BT_Nang_Bong                         0x20000164   Data           4  main.o(.data)
    taget_BT_Nang_Bong                       0x20000168   Data           4  main.o(.data)
    Min_BT_Nang_Bong                         0x2000016c   Data           4  main.o(.data)
    BT_Nang_Tha_Bong                         0x20000170   Data           4  main.o(.data)
    BT_Bat_Bong_giua                         0x20000174   Data           4  main.o(.data)
    BT_Bat_Bong_sau                          0x20000178   Data           4  main.o(.data)
    DC                                       0x2000017c   Data           4  main.o(.data)
    goc_bcd                                  0x20000180   Data           4  main.o(.data)
    xoayNongTuDo                             0x20000184   Data           4  main.o(.data)
    truhaolucban                             0x20000188   Data           4  main.o(.data)
    CB_line_trai                             0x2000018c   Data           1  main.o(.data)
    CB_line_phai                             0x2000018d   Data           1  main.o(.data)
    Nho_trai_truoc                           0x2000018e   Data           1  main.o(.data)
    Nho_trai_sau                             0x2000018f   Data           1  main.o(.data)
    Nho_phai_truoc                           0x20000190   Data           1  main.o(.data)
    Nho_phai_sau                             0x20000191   Data           1  main.o(.data)
    Do_Xanh                                  0x20000192   Data           1  main.o(.data)
    RX_UART4                                 0x20000193   Data           5  main.o(.data)
    received_BC                              0x20000198   Data           2  main.o(.data)
    received_CT                              0x2000019a   Data           2  main.o(.data)
    RX_USART6                                0x2000019c   Data           4  main.o(.data)
    received_offset                          0x200001a0   Data           1  main.o(.data)
    received_distance                        0x200001a2   Data           2  main.o(.data)
    min_laze_Ban                             0x200001a4   Data           4  main.o(.data)
    min_laze_Ban1                            0x200001a8   Data           4  main.o(.data)
    min_laze_Ban2                            0x200001ac   Data           4  main.o(.data)
    min_laze_Ban_KX                          0x200001b0   Data           4  main.o(.data)
    full_data                                0x200001b4   Data           4  main.o(.data)
    CD_temp                                  0x200001b8   Data           4  main.o(.data)
    value_cphai                              0x200001bc   Data           4  main.o(.data)
    value_ctrai                              0x200001c0   Data           4  main.o(.data)
    canh_trai                                0x200001c4   Data           4  main.o(.data)
    canh_phai                                0x200001c8   Data           4  main.o(.data)
    tong_bien_tro_bang                       0x200001cc   Data           4  main.o(.data)
    bien_tro_canh_phai                       0x200001d0   Data           4  main.o(.data)
    custom_xoay                              0x200001d4   Data           4  main.o(.data)
    custom_speed_xoay                        0x200001d8   Data           4  main.o(.data)
    bt_xoay_chia_value                       0x200001dc   Data           4  main.o(.data)
    distanceRobotToBackboard                 0x200001e0   Data           4  main.o(.data)
    segment_count                            0x200001e4   Data           4  main.o(.data)
    first_segment_min                        0x200001e8   Data           4  main.o(.data)
    first_segment_min_index                  0x200001ec   Data           4  main.o(.data)
    last_segment_min                         0x200001f0   Data           4  main.o(.data)
    last_segment_min_index                   0x200001f4   Data           4  main.o(.data)
    angle                                    0x200001f8   Data           4  main.o(.data)
    robotLimitSpeed                          0x200001fc   Data           4  main.o(.data)
    f05                                      0x20000200   Data           4  main.o(.data)
    f1                                       0x20000204   Data           4  main.o(.data)
    f2                                       0x20000208   Data           4  main.o(.data)
    f4                                       0x2000020c   Data           4  main.o(.data)
    f5                                       0x20000210   Data           4  main.o(.data)
    f6                                       0x20000214   Data           4  main.o(.data)
    f10                                      0x20000218   Data           4  main.o(.data)
    f20                                      0x2000021c   Data           4  main.o(.data)
    f30                                      0x20000220   Data           4  main.o(.data)
    f45                                      0x20000224   Data           4  main.o(.data)
    f60                                      0x20000228   Data           4  main.o(.data)
    f120                                     0x2000022c   Data           4  main.o(.data)
    i100                                     0x20000230   Data           4  main.o(.data)
    khoangCachGocFix                         0x20000234   Data           4  main.o(.data)
    _robotY                                  0x20000238   Data           4  main.o(.data)
    _robotX                                  0x2000023c   Data           4  main.o(.data)
    motorLock                                0x20000240   Data           4  main.o(.data)
    motorLockRepeat                          0x20000244   Data           4  main.o(.data)
    radian                                   0x20000248   Data           4  main.o(.data)
    pi                                       0x2000024c   Data           4  main.o(.data)
    _robotChange                             0x20000250   Data           4  main.o(.data)
    _robotRotatePoint                        0x20000254   Data           4  main.o(.data)
    _robotCurrentSpeed                       0x20000258   Data           4  main.o(.data)
    _robotRunSpeed                           0x2000025c   Data           4  main.o(.data)
    _robotMaxSpeed                           0x20000260   Data           4  main.o(.data)
    _robotAccStop                            0x20000264   Data           4  main.o(.data)
    _robotCounter                            0x20000268   Data           4  main.o(.data)
    _robotAngle                              0x2000026c   Data           4  main.o(.data)
    _robotRunAngle                           0x20000270   Data           4  main.o(.data)
    _robotRotateAngle                        0x20000274   Data           4  main.o(.data)
    _robotIMUInit                            0x20000278   Data           4  main.o(.data)
    _wheelRotateAngle                        0x2000027c   Data           4  main.o(.data)
    _robotRotate                             0x20000280   Data           4  main.o(.data)
    _robotCurve                              0x20000284   Data           4  main.o(.data)
    _robotAngleCounterFix                    0x20000288   Data           4  main.o(.data)
    _robotAngleToFix                         0x2000028c   Data           4  main.o(.data)
    _robotIMUAngle                           0x20000290   Data           4  main.o(.data)
    _IMUAngle_Before                         0x20000294   Data           4  main.o(.data)
    _robotDelayGiamToc                       0x20000298   Data           4  main.o(.data)
    _robotRun0h                              0x2000029c   Data           4  main.o(.data)
    _robotRun4h                              0x200002a0   Data           4  main.o(.data)
    _robotRun8h                              0x200002a4   Data           4  main.o(.data)
    _robotDir0h                              0x200002a8   Data           4  main.o(.data)
    _robotDir4h                              0x200002ac   Data           4  main.o(.data)
    _robotDir8h                              0x200002b0   Data           4  main.o(.data)
    _robotRotate0h                           0x200002b4   Data           4  main.o(.data)
    _robotRotate4h                           0x200002b8   Data           4  main.o(.data)
    _robotRotate8h                           0x200002bc   Data           4  main.o(.data)
    vu_gocXoay                               0x200002c0   Data           4  main.o(.data)
    vu_v                                     0x200002c4   Data           4  main.o(.data)
    vu_omega                                 0x200002c8   Data           4  main.o(.data)
    _0h_Wheel_Angle                          0x200002cc   Data           4  main.o(.data)
    _4h_Wheel_Angle                          0x200002d0   Data           4  main.o(.data)
    _8h_Wheel_Angle                          0x200002d4   Data           4  main.o(.data)
    _0h_Wheel_Angle_dir                      0x200002d8   Data           4  main.o(.data)
    _4h_Wheel_Angle_dir                      0x200002dc   Data           4  main.o(.data)
    _8h_Wheel_Angle_dir                      0x200002e0   Data           4  main.o(.data)
    dir                                      0x200002e4   Data           4  main.o(.data)
    Vx                                       0x200002e8   Data           4  main.o(.data)
    Vy                                       0x200002ec   Data           4  main.o(.data)
    A                                        0x200002f0   Data           4  main.o(.data)
    B                                        0x200002f4   Data           4  main.o(.data)
    C                                        0x200002f8   Data           4  main.o(.data)
    D                                        0x200002fc   Data           4  main.o(.data)
    WL                                       0x20000300   Data           4  main.o(.data)
    WW                                       0x20000304   Data           4  main.o(.data)
    _Omega                                   0x20000308   Data           4  main.o(.data)
    Robot_Width                              0x2000030c   Data           4  main.o(.data)
    Robot_Lenght                             0x20000310   Data           4  main.o(.data)
    Vy10                                     0x20000314   Data           4  main.o(.data)
    Vx10                                     0x20000318   Data           4  main.o(.data)
    ABCD                                     0x2000031c   Data           4  main.o(.data)
    _lockRobot                               0x20000320   Data           4  main.o(.data)
    demVui                                   0x20000324   Data           4  main.o(.data)
    xl_truot_lua                             0x20000328   Data           1  main.o(.data)
    xl_kep_lua_tren                          0x20000329   Data           1  main.o(.data)
    xl_kep_lua_duoi                          0x2000032a   Data           1  main.o(.data)
    xl_nang_lua                              0x2000032b   Data           1  main.o(.data)
    gt_kep_bong                              0x2000032c   Data           1  main.o(.data)
    vi_tri                                   0x20000330   Data           4  main.o(.data)
    Cbcc                                     0x20000334   Data           4  main.o(.data)
    Cbnv                                     0x20000338   Data           4  main.o(.data)
    Cbnn                                     0x2000033c   Data           4  main.o(.data)
    vt_xl_nang_lua                           0x20000340   Data           4  main.o(.data)
    On_Off_Ban                               0x20000344   Data           1  main.o(.data)
    xl_ban_bong                              0x20000348   Data           4  main.o(.data)
    Nang_vong_max                            0x2000034c   Data           4  main.o(.data)
    Nang_vong_min                            0x20000350   Data           4  main.o(.data)
    i                                        0x20000354   Data           4  main.o(.data)
    Nang_goc_max                             0x20000358   Data           4  main.o(.data)
    Nang_goc_min                             0x2000035c   Data           4  main.o(.data)
    touchpad_press                           0x20000360   Data           4  main.o(.data)
    laybong                                  0x20000364   Data           4  main.o(.data)
    en_tru                                   0x20000368   Data           4  main.o(.data)
    max_speed                                0x2000036c   Data           4  main.o(.data)
    speed_tay_lua                            0x20000370   Data           4  main.o(.data)
    speed_xoay                               0x20000374   Data           4  main.o(.data)
    xl_kepbong_state                         0x20000378   Data           4  main.o(.data)
    xl_nangkep_state                         0x2000037c   Data           4  main.o(.data)
    ban_bong_state                           0x20000380   Data           4  main.o(.data)
    final_force                              0x20000384   Data           4  main.o(.data)
    result                                   0x20000388   Data           4  main.o(.data)
    force_F                                  0x2000038c   Data           4  main.o(.data)
    degree                                   0x20000390   Data           4  main.o(.data)
    final_F_chuyen                           0x20000394   Data           4  main.o(.data)
    force_chuyen                             0x20000398   Data           4  main.o(.data)
    result_chuyen                            0x2000039c   Data           4  main.o(.data)
    Ban                                      0x200003a0   Data           4  main.o(.data)
    state_nang                               0x200003a4   Data           4  main.o(.data)
    state_ha                                 0x200003a8   Data           4  main.o(.data)
    state_giu                                0x200003ac   Data           4  main.o(.data)
    free_spin                                0x200003b0   Data           4  main.o(.data)
    state                                    0x200003b4   Data           4  main.o(.data)
    state_re                                 0x200003b8   Data           4  main.o(.data)
    state_chuyen                             0x200003bc   Data           4  main.o(.data)
    track                                    0x200003c0   Data           4  main.o(.data)
    lazeTruocValue_Ban                       0x200003c4   Data           4  main.o(.data)
    tru_kc                                   0x200003c8   Data           4  main.o(.data)
    lazer_data_count                         0x200003cc   Data           4  main.o(.data)
    lazer_data_save_count                    0x200003d0   Data           4  main.o(.data)
    SS_RL                                    0x200003d4   Data           1  main.o(.data)
    SS_RR                                    0x200003d5   Data           1  main.o(.data)
    SS_FR                                    0x200003d6   Data           1  main.o(.data)
    SS_FL                                    0x200003d7   Data           1  main.o(.data)
    speed_temp                               0x200003d8   Data           4  main.o(.data)
    speed                                    0x200003dc   Data           4  main.o(.data)
    Home_Encoder_0h                          0x200003e0   Data           4  main.o(.data)
    Home_Encoder_4h                          0x200003e4   Data           4  main.o(.data)
    Home_Encoder_8h                          0x200003e8   Data           4  main.o(.data)
    current_0h_Angle                         0x200003ec   Data           4  main.o(.data)
    current_4h_Angle                         0x200003f0   Data           4  main.o(.data)
    current_8h_Angle                         0x200003f4   Data           4  main.o(.data)
    filtered_lazeValue                       0x200003f8   Data           4  main.o(.data)
    SystemCoreClock                          0x20000434   Data           4  system_stm32f4xx.o(.data)
    AHBPrescTable                            0x20000438   Data          16  system_stm32f4xx.o(.data)
    pxCurrentTCB                             0x20000484   Data           4  tasks.o(.data)
    buf                                      0x200004c4   Data         150  main.o(.bss)
    ky_tu                                    0x2000055a   Data          40  main.o(.bss)
    ky_tu_1                                  0x20000582   Data          40  main.o(.bss)
    ky_tu_2                                  0x200005aa   Data          40  main.o(.bss)
    ky_tu_3                                  0x200005d2   Data          40  main.o(.bss)
    Buffer_HMI                               0x200005fa   Data         150  main.o(.bss)
    _ADC1_Value                              0x20000690   Data          16  main.o(.bss)
    RX_USART1                                0x200006a0   Data          15  main.o(.bss)
    RX_USART2                                0x200006af   Data          15  main.o(.bss)
    DATA_COLOR                               0x200006be   Data          20  main.o(.bss)
    MANG_GAME                                0x200006d2   Data          10  main.o(.bss)
    GP_BTN                                   0x200006dc   Data          15  main.o(.bss)
    segment_starts                           0x200006ec   Data         200  main.o(.bss)
    segment_ends                             0x200007b4   Data         200  main.o(.bss)
    arrLaser                                 0x2000087c   Data       14520  main.o(.bss)
    arrLaserNextIndex                        0x20004134   Data         484  main.o(.bss)
    nonZeroArr                               0x20004318   Data         120  main.o(.bss)
    rowMeans                                 0x20004390   Data         484  main.o(.bss)
    lazer_data                               0x20004574   Data          80  main.o(.bss)
    xQueueRegistry                           0x200045c4   Data          64  queue.o(.bss)
    __initial_sp                             0x20007320   Data           0  startup_stm32f4xx.o(STACK)



==============================================================================

Memory Map of the image

  Image Entry point : 0x08000189

  Load Region LR_IROM1 (Base: 0x08000000, Size: 0x0000e69c, Max: 0x00080000, ABSOLUTE, COMPRESSED[0x0000e2fc])

    Execution Region ER_IROM1 (Exec base: 0x08000000, Load base: 0x08000000, Size: 0x0000e1d8, Max: 0x00080000, ABSOLUTE)

    Exec Addr    Load Addr    Size         Type   Attr      Idx    E Section Name        Object

    0x08000000   0x08000000   0x00000188   Data   RO          353    RESET               startup_stm32f4xx.o
    0x08000188   0x08000188   0x00000000   Code   RO          825  * .ARM.Collect$$$$00000000  mc_w.l(entry.o)
    0x08000188   0x08000188   0x00000004   Code   RO         1180    .ARM.Collect$$$$00000001  mc_w.l(entry2.o)
    0x0800018c   0x0800018c   0x00000004   Code   RO         1183    .ARM.Collect$$$$00000004  mc_w.l(entry5.o)
    0x08000190   0x08000190   0x00000000   Code   RO         1185    .ARM.Collect$$$$00000008  mc_w.l(entry7b.o)
    0x08000190   0x08000190   0x00000000   Code   RO         1187    .ARM.Collect$$$$0000000A  mc_w.l(entry8b.o)
    0x08000190   0x08000190   0x00000008   Code   RO         1188    .ARM.Collect$$$$0000000B  mc_w.l(entry9a.o)
    0x08000198   0x08000198   0x00000000   Code   RO         1190    .ARM.Collect$$$$0000000D  mc_w.l(entry10a.o)
    0x08000198   0x08000198   0x00000000   Code   RO         1192    .ARM.Collect$$$$0000000F  mc_w.l(entry11a.o)
    0x08000198   0x08000198   0x00000004   Code   RO         1181    .ARM.Collect$$$$00002712  mc_w.l(entry2.o)
    0x0800019c   0x0800019c   0x000000a8   Code   RO          640    .emb_text           port.o
    0x08000244   0x08000244   0x0000031c   Code   RO            2    .text               stm32f4xx_it.o
    0x08000560   0x08000560   0x000064a0   Code   RO          139    .text               main.o
    0x08006a00   0x08006a00   0x00000200   Code   RO          330    .text               system_stm32f4xx.o
    0x08006c00   0x08006c00   0x00000024   Code   RO          354    .text               startup_stm32f4xx.o
    0x08006c24   0x08006c24   0x000000e0   Code   RO          359    .text               misc.o
    0x08006d04   0x08006d04   0x0000025c   Code   RO          375    .text               stm32f4xx_gpio.o
    0x08006f60   0x08006f60   0x00000588   Code   RO          391    .text               stm32f4xx_rcc.o
    0x080074e8   0x080074e8   0x00000464   Code   RO          409    .text               stm32f4xx_adc.o
    0x0800794c   0x0800794c   0x000003a8   Code   RO          425    .text               stm32f4xx_dma.o
    0x08007cf4   0x08007cf4   0x0000011c   Code   RO          441    .text               stm32f4xx_exti.o
    0x08007e10   0x08007e10   0x00000ca2   Code   RO          473    .text               stm32f4xx_tim.o
    0x08008ab2   0x08008ab2   0x00000002   PAD
    0x08008ab4   0x08008ab4   0x0000041a   Code   RO          489    .text               stm32f4xx_usart.o
    0x08008ece   0x08008ece   0x00000002   PAD
    0x08008ed0   0x08008ed0   0x0000008c   Code   RO          505    .text               stm32f4xx_syscfg.o
    0x08008f5c   0x08008f5c   0x00000098   Code   RO          583    .text               list.o
    0x08008ff4   0x08008ff4   0x00000768   Code   RO          601    .text               queue.o
    0x0800975c   0x0800975c   0x00000410   Code   RO          619    .text               timers.o
    0x08009b6c   0x08009b6c   0x000000dc   Code   RO          641    .text               port.o
    0x08009c48   0x08009c48   0x00000118   Code   RO          658    .text               heap_2.o
    0x08009d60   0x08009d60   0x00000da4   Code   RO          673    .text               tasks.o
    0x0800ab04   0x0800ab04   0x00000024   Code   RO          828    .text               mc_w.l(memcpya.o)
    0x0800ab28   0x0800ab28   0x00000024   Code   RO          830    .text               mc_w.l(memseta.o)
    0x0800ab4c   0x0800ab4c   0x00000018   Code   RO          832    .text               mc_w.l(strcat.o)
    0x0800ab64   0x0800ab64   0x00000018   Code   RO          834    .text               mc_w.l(strncpy.o)
    0x0800ab7c   0x0800ab7c   0x0000000e   Code   RO          836    .text               mc_w.l(strlen.o)
    0x0800ab8a   0x0800ab8a   0x0000001c   Code   RO          838    .text               mc_w.l(strcmp.o)
    0x0800aba6   0x0800aba6   0x0000014e   Code   RO         1103    .text               mf_w.l(dadd.o)
    0x0800acf4   0x0800acf4   0x000000e4   Code   RO         1105    .text               mf_w.l(dmul.o)
    0x0800add8   0x0800add8   0x000000de   Code   RO         1107    .text               mf_w.l(ddiv.o)
    0x0800aeb6   0x0800aeb6   0x00000022   Code   RO         1109    .text               mf_w.l(dflti.o)
    0x0800aed8   0x0800aed8   0x0000001a   Code   RO         1111    .text               mf_w.l(dfltui.o)
    0x0800aef2   0x0800aef2   0x0000003e   Code   RO         1113    .text               mf_w.l(dfixi.o)
    0x0800af30   0x0800af30   0x00000032   Code   RO         1115    .text               mf_w.l(dfixui.o)
    0x0800af62   0x0800af62   0x00000026   Code   RO         1117    .text               mf_w.l(f2d.o)
    0x0800af88   0x0800af88   0x00000030   Code   RO         1119    .text               mf_w.l(cdcmple.o)
    0x0800afb8   0x0800afb8   0x00000030   Code   RO         1121    .text               mf_w.l(cdrcmple.o)
    0x0800afe8   0x0800afe8   0x00000038   Code   RO         1123    .text               mf_w.l(d2f.o)
    0x0800b020   0x0800b020   0x0000002c   Code   RO         1197    .text               mc_w.l(uidiv.o)
    0x0800b04c   0x0800b04c   0x0000001e   Code   RO         1201    .text               mc_w.l(llshl.o)
    0x0800b06a   0x0800b06a   0x00000020   Code   RO         1203    .text               mc_w.l(llushr.o)
    0x0800b08a   0x0800b08a   0x00000024   Code   RO         1205    .text               mc_w.l(llsshr.o)
    0x0800b0ae   0x0800b0ae   0x00000000   Code   RO         1214    .text               mc_w.l(iusefp.o)
    0x0800b0ae   0x0800b0ae   0x0000006e   Code   RO         1215    .text               mf_w.l(fepilogue.o)
    0x0800b11c   0x0800b11c   0x000000ba   Code   RO         1217    .text               mf_w.l(depilogue.o)
    0x0800b1d6   0x0800b1d6   0x0000002e   Code   RO         1221    .text               mf_w.l(dscalb.o)
    0x0800b204   0x0800b204   0x000000a2   Code   RO         1223    .text               mf_w.l(dsqrt.o)
    0x0800b2a6   0x0800b2a6   0x00000086   Code   RO         1225    .text               mf_w.l(drem.o)
    0x0800b32c   0x0800b32c   0x00000024   Code   RO         1229    .text               mc_w.l(init.o)
    0x0800b350   0x0800b350   0x00000056   Code   RO         1241    .text               mc_w.l(__dczerorl2.o)
    0x0800b3a6   0x0800b3a6   0x00000002   PAD
    0x0800b3a8   0x0800b3a8   0x00000030   Code   RO          932    i.__0snprintf$3     mc_w.l(printf3.o)
    0x0800b3d8   0x0800b3d8   0x00000028   Code   RO          933    i.__0sprintf$3      mc_w.l(printf3.o)
    0x0800b400   0x0800b400   0x00000030   Code   RO         1148    i.__ARM_fpclassify  m_wm.l(fpclassify.o)
    0x0800b430   0x0800b430   0x00000026   Code   RO         1150    i.__ARM_fpclassifyf  m_wm.l(fpclassifyf.o)
    0x0800b456   0x0800b456   0x00000002   PAD
    0x0800b458   0x0800b458   0x00000358   Code   RO          695    i.__hardfp_acos     m_wm.l(acos.o)
    0x0800b7b0   0x0800b7b0   0x000002d8   Code   RO          709    i.__hardfp_atan     m_wm.l(atan.o)
    0x0800ba88   0x0800ba88   0x00000250   Code   RO          723    i.__hardfp_atan2f   m_wm.l(atan2f.o)
    0x0800bcd8   0x0800bcd8   0x000000c8   Code   RO          735    i.__hardfp_cos      m_wm.l(cos.o)
    0x0800bda0   0x0800bda0   0x00000358   Code   RO          747    i.__hardfp_exp      m_wm.l(exp.o)
    0x0800c0f8   0x0800c0f8   0x00000104   Code   RO          761    i.__hardfp_fmod     m_wm.l(fmod.o)
    0x0800c1fc   0x0800c1fc   0x00000004   PAD
    0x0800c200   0x0800c200   0x000003c4   Code   RO          773    i.__hardfp_log      m_wm.l(log.o)
    0x0800c5c4   0x0800c5c4   0x00000004   PAD
    0x0800c5c8   0x0800c5c8   0x00000c50   Code   RO          787    i.__hardfp_pow      m_wm.l(pow.o)
    0x0800d218   0x0800d218   0x000000c8   Code   RO          801    i.__hardfp_sin      m_wm.l(sin.o)
    0x0800d2e0   0x0800d2e0   0x0000007a   Code   RO          813    i.__hardfp_sqrt     m_wm.l(sqrt.o)
    0x0800d35a   0x0800d35a   0x00000006   PAD
    0x0800d360   0x0800d360   0x00000438   Code   RO         1169    i.__ieee754_rem_pio2  m_wm.l(rred.o)
    0x0800d798   0x0800d798   0x00000170   Code   RO         1125    i.__kernel_cos      m_wm.l(cos_i.o)
    0x0800d908   0x0800d908   0x000000f8   Code   RO         1166    i.__kernel_poly     m_wm.l(poly.o)
    0x0800da00   0x0800da00   0x00000130   Code   RO         1174    i.__kernel_sin      m_wm.l(sin_i.o)
    0x0800db30   0x0800db30   0x00000030   Code   RO         1128    i.__mathlib_dbl_divzero  m_wm.l(dunder.o)
    0x0800db60   0x0800db60   0x00000014   Code   RO         1129    i.__mathlib_dbl_infnan  m_wm.l(dunder.o)
    0x0800db74   0x0800db74   0x00000014   Code   RO         1130    i.__mathlib_dbl_infnan2  m_wm.l(dunder.o)
    0x0800db88   0x0800db88   0x00000020   Code   RO         1131    i.__mathlib_dbl_invalid  m_wm.l(dunder.o)
    0x0800dba8   0x0800dba8   0x00000020   Code   RO         1132    i.__mathlib_dbl_overflow  m_wm.l(dunder.o)
    0x0800dbc8   0x0800dbc8   0x00000020   Code   RO         1134    i.__mathlib_dbl_underflow  m_wm.l(dunder.o)
    0x0800dbe8   0x0800dbe8   0x00000006   Code   RO         1154    i.__mathlib_flt_infnan2  m_wm.l(funder.o)
    0x0800dbee   0x0800dbee   0x00000002   PAD
    0x0800dbf0   0x0800dbf0   0x00000010   Code   RO         1158    i.__mathlib_flt_underflow  m_wm.l(funder.o)
    0x0800dc00   0x0800dc00   0x0000000e   Code   RO         1235    i.__scatterload_copy  mc_w.l(handlers.o)
    0x0800dc0e   0x0800dc0e   0x00000002   Code   RO         1236    i.__scatterload_null  mc_w.l(handlers.o)
    0x0800dc10   0x0800dc10   0x0000000e   Code   RO         1237    i.__scatterload_zeroinit  mc_w.l(handlers.o)
    0x0800dc1e   0x0800dc1e   0x00000002   PAD
    0x0800dc20   0x0800dc20   0x0000000c   Code   RO         1209    i.__set_errno       mc_w.l(errno.o)
    0x0800dc2c   0x0800dc2c   0x000001b8   Code   RO          938    i._printf_core      mc_w.l(printf3.o)
    0x0800dde4   0x0800dde4   0x00000016   Code   RO          939    i._snputc           mc_w.l(printf3.o)
    0x0800ddfa   0x0800ddfa   0x0000000a   Code   RO          940    i._sputc            mc_w.l(printf3.o)
    0x0800de04   0x0800de04   0x00000018   Code   RO         1144    i.fabs              m_wm.l(fabs.o)
    0x0800de1c   0x0800de1c   0x0000006e   Code   RO          815    i.sqrt              m_wm.l(sqrt.o)
    0x0800de8a   0x0800de8a   0x00000006   PAD
    0x0800de90   0x0800de90   0x00000050   Data   RO          698    .constdata          m_wm.l(acos.o)
    0x0800dee0   0x0800dee0   0x00000098   Data   RO          712    .constdata          m_wm.l(atan.o)
    0x0800df78   0x0800df78   0x00000058   Data   RO          750    .constdata          m_wm.l(exp.o)
    0x0800dfd0   0x0800dfd0   0x00000038   Data   RO          776    .constdata          m_wm.l(log.o)
    0x0800e008   0x0800e008   0x00000088   Data   RO          790    .constdata          m_wm.l(pow.o)
    0x0800e090   0x0800e090   0x00000030   Data   RO         1126    .constdata          m_wm.l(cos_i.o)
    0x0800e0c0   0x0800e0c0   0x00000008   Data   RO         1168    .constdata          m_wm.l(qnan.o)
    0x0800e0c8   0x0800e0c8   0x000000c8   Data   RO         1171    .constdata          m_wm.l(rred.o)
    0x0800e190   0x0800e190   0x00000028   Data   RO         1175    .constdata          m_wm.l(sin_i.o)
    0x0800e1b8   0x0800e1b8   0x00000020   Data   RO         1233    Region$$Table       anon$$obj.o


    Execution Region RW_IRAM1 (Exec base: 0x20000000, Load base: 0x0800e1d8, Size: 0x00007320, Max: 0x00020000, ABSOLUTE, COMPRESSED[0x00000124])

    Exec Addr    Load Addr    Size         Type   Attr      Idx    E Section Name        Object

    0x20000000   COMPRESSED   0x00000434   Data   RW          141    .data               main.o
    0x20000434   COMPRESSED   0x00000014   Data   RW          331    .data               system_stm32f4xx.o
    0x20000448   COMPRESSED   0x00000010   Data   RW          392    .data               stm32f4xx_rcc.o
    0x20000458   COMPRESSED   0x00000010   Data   RW          621    .data               timers.o
    0x20000468   COMPRESSED   0x00000004   Data   RW          642    .data               port.o
    0x2000046c   COMPRESSED   0x00000018   Data   RW          660    .data               heap_2.o
    0x20000484   COMPRESSED   0x0000003c   Data   RW          675    .data               tasks.o
    0x200004c0   COMPRESSED   0x00000004   Data   RW         1210    .data               mc_w.l(errno.o)
    0x200004c4        -       0x00004100   Zero   RW          140    .bss                main.o
    0x200045c4        -       0x00000040   Zero   RW          602    .bss                queue.o
    0x20004604        -       0x00000028   Zero   RW          620    .bss                timers.o
    0x2000462c   COMPRESSED   0x00000004   PAD
    0x20004630        -       0x00002800   Zero   RW          659    .bss                heap_2.o
    0x20006e30        -       0x000000f0   Zero   RW          674    .bss                tasks.o
    0x20006f20        -       0x00000400   Zero   RW          351    STACK               startup_stm32f4xx.o


==============================================================================

Image component sizes


      Code (inc. data)   RO Data    RW Data    ZI Data      Debug   Object Name

         0          0          0          0          0       5816   croutine.o
       280         22          0         24      10240       3824   heap_2.o
       152          0          0          0          0       3618   list.o
     25760       2430          0       1076      16640     333503   main.o
       224         20          0          0          0       2057   misc.o
       388         34          0          4          0       3158   port.o
      1896          6          0          0         64      11084   queue.o
        36          8        392          0       1024        964   startup_stm32f4xx.o
      1124         24          0          0          0      10926   stm32f4xx_adc.o
       936         32          0          0          0       6629   stm32f4xx_dma.o
       284         10          0          0          0       2559   stm32f4xx_exti.o
       604         36          0          0          0       4361   stm32f4xx_gpio.o
       796        118          0          0          0     292621   stm32f4xx_it.o
      1416         48          0         16          0      11351   stm32f4xx_rcc.o
       140         12          0          0          0       1783   stm32f4xx_syscfg.o
      3234         60          0          0          0      23248   stm32f4xx_tim.o
      1050         26          0          0          0       8096   stm32f4xx_usart.o
       512         44          0         20          0       1943   system_stm32f4xx.o
      3492        256          0         60        240      16137   tasks.o
      1040         36          0         16         40      10600   timers.o

    ----------------------------------------------------------------------
     43368       3222        424       1216      28252     754278   Object Totals
         0          0         32          0          0          0   (incl. Generated)
         4          0          0          0          4          0   (incl. Padding)

    ----------------------------------------------------------------------

      Code (inc. data)   RO Data    RW Data    ZI Data      Debug   Library Member Name

       856        118         80          0          0        288   acos.o
       728        106        152          0          0        228   atan.o
       592         90          0          0          0        184   atan2f.o
       200         20          0          0          0        164   cos.o
       368         46         48          0          0        200   cos_i.o
       184         44          0          0          0        744   dunder.o
       856        142         88          0          0        288   exp.o
        24          0          0          0          0        124   fabs.o
       260          6          0          0          0        144   fmod.o
        48          0          0          0          0        124   fpclassify.o
        38          0          0          0          0        116   fpclassifyf.o
        22          6          0          0          0        232   funder.o
       964         92         56          0          0        316   log.o
       248          0          0          0          0        152   poly.o
      3152        296        136          0          0        352   pow.o
         0          0          8          0          0          0   qnan.o
      1080        142        200          0          0        188   rred.o
       200         20          0          0          0        164   sin.o
       304         24         40          0          0        208   sin_i.o
       232          0          0          0          0        296   sqrt.o
        86          0          0          0          0          0   __dczerorl2.o
         0          0          0          0          0          0   entry.o
         0          0          0          0          0          0   entry10a.o
         0          0          0          0          0          0   entry11a.o
         8          4          0          0          0          0   entry2.o
         4          0          0          0          0          0   entry5.o
         0          0          0          0          0          0   entry7b.o
         0          0          0          0          0          0   entry8b.o
         8          4          0          0          0          0   entry9a.o
        12          6          0          4          0         68   errno.o
        30          0          0          0          0          0   handlers.o
        36          8          0          0          0         68   init.o
         0          0          0          0          0          0   iusefp.o
        30          0          0          0          0         68   llshl.o
        36          0          0          0          0         68   llsshr.o
        32          0          0          0          0         68   llushr.o
        36          0          0          0          0         68   memcpya.o
        36          0          0          0          0        108   memseta.o
       560         14          0          0          0        404   printf3.o
        24          0          0          0          0         68   strcat.o
        28          0          0          0          0         76   strcmp.o
        14          0          0          0          0         68   strlen.o
        24          0          0          0          0         76   strncpy.o
        44          0          0          0          0         80   uidiv.o
        48          0          0          0          0         68   cdcmple.o
        48          0          0          0          0         68   cdrcmple.o
        56          0          0          0          0         88   d2f.o
       334          0          0          0          0        148   dadd.o
       222          0          0          0          0        100   ddiv.o
       186          0          0          0          0        176   depilogue.o
        62          0          0          0          0         80   dfixi.o
        50          0          0          0          0         76   dfixui.o
        34          0          0          0          0         76   dflti.o
        26          0          0          0          0         76   dfltui.o
       228          0          0          0          0         96   dmul.o
       134          0          0          0          0         96   drem.o
        46          0          0          0          0         80   dscalb.o
       162          0          0          0          0        100   dsqrt.o
        38          0          0          0          0         68   f2d.o
       110          0          0          0          0        168   fepilogue.o

    ----------------------------------------------------------------------
     13216       1196        808          4          0       7364   Library Totals
        28          8          0          0          0          0   (incl. Padding)

    ----------------------------------------------------------------------

      Code (inc. data)   RO Data    RW Data    ZI Data      Debug   Library Name

     10356       1152        808          0          0       4512   m_wm.l
      1048         36          0          4          0       1288   mc_w.l
      1784          0          0          0          0       1564   mf_w.l

    ----------------------------------------------------------------------
     13216       1196        808          4          0       7364   Library Totals

    ----------------------------------------------------------------------

==============================================================================


      Code (inc. data)   RO Data    RW Data    ZI Data      Debug   

     56584       4418       1232       1220      28252     752266   Grand Totals
     56584       4418       1232        292      28252     752266   ELF Image Totals (compressed)
     56584       4418       1232        292          0          0   ROM Totals

==============================================================================

    Total RO  Size (Code + RO Data)                57816 (  56.46kB)
    Total RW  Size (RW Data + ZI Data)             29472 (  28.78kB)
    Total ROM Size (Code + RO Data + RW Data)      58108 (  56.75kB)

==============================================================================

