Component: ARM Compiler 5.06 update 6 (build 750) Tool: armlink [4d35ed]

==============================================================================

Section Cross References

    stm32f4xx_it.o(.text) refers to stm32f4xx_usart.o(.text) for USART_GetITStatus
    stm32f4xx_it.o(.text) refers to stm32f4xx_dma.o(.text) for DMA_ClearITPendingBit
    stm32f4xx_it.o(.text) refers to main.o(.text) for ProcessReceivedData
    stm32f4xx_it.o(.text) refers to stm32f4xx_tim.o(.text) for TIM_ClearITPendingBit
    stm32f4xx_it.o(.text) refers to stm32f4xx_exti.o(.text) for EXTI_GetITStatus
    stm32f4xx_it.o(.text) refers to stm32f4xx_gpio.o(.text) for GPIO_ToggleBits
    stm32f4xx_it.o(.text) refers to main.o(.bss) for RX_USART1
    stm32f4xx_it.o(.text) refers to main.o(.data) for IMU
    main.o(.text) refers to strlen.o(.text) for strlen
    main.o(.text) refers to strcmp.o(.text) for strcmp
    main.o(.text) refers to strncpy.o(.text) for strncpy
    main.o(.text) refers to stm32f4xx_dma.o(.text) for DMA_Cmd
    main.o(.text) refers to stm32f4xx_usart.o(.text) for USART_SendData
    main.o(.text) refers to printf3.o(i.__0snprintf$3) for __2snprintf
    main.o(.text) refers to printf3.o(i.__0sprintf$3) for __2sprintf
    main.o(.text) refers to strcat.o(.text) for strcat
    main.o(.text) refers to stm32f4xx_tim.o(.text) for TIM_GetCounter
    main.o(.text) refers to main.o(.bss) for Buffer_HMI
    main.o(.text) refers to main.o(.data) for num_over_t1
    main.o(.text) refers to stm32f4xx_rcc.o(.text) for RCC_AHB1PeriphClockCmd
    main.o(.text) refers to stm32f4xx_gpio.o(.text) for GPIO_Init
    main.o(.text) refers to misc.o(.text) for NVIC_PriorityGroupConfig
    main.o(.text) refers to stm32f4xx_adc.o(.text) for ADC_CommonInit
    main.o(.text) refers to stm32f4xx_syscfg.o(.text) for SYSCFG_EXTILineConfig
    main.o(.text) refers to stm32f4xx_exti.o(.text) for EXTI_Init
    main.o(.text) refers to dflti.o(.text) for __aeabi_i2d
    main.o(.text) refers to dmul.o(.text) for __aeabi_dmul
    main.o(.text) refers to dadd.o(.text) for __aeabi_dsub
    main.o(.text) refers to ddiv.o(.text) for __aeabi_ddiv
    main.o(.text) refers to d2f.o(.text) for __aeabi_d2f
    main.o(.text) refers to sinf.o(i.__hardfp_sinf) for __hardfp_sinf
    main.o(.text) refers to cosf.o(i.__hardfp_cosf) for __hardfp_cosf
    main.o(.text) refers to f2d.o(.text) for __aeabi_f2d
    main.o(.text) refers to tasks.o(.text) for vTaskDelay
    system_stm32f4xx.o(.text) refers to system_stm32f4xx.o(.data) for SystemCoreClock
    startup_stm32f4xx.o(RESET) refers to startup_stm32f4xx.o(STACK) for __initial_sp
    startup_stm32f4xx.o(RESET) refers to startup_stm32f4xx.o(.text) for Reset_Handler
    startup_stm32f4xx.o(RESET) refers to stm32f4xx_it.o(.text) for NMI_Handler
    startup_stm32f4xx.o(RESET) refers to port.o(.emb_text) for SVC_Handler
    startup_stm32f4xx.o(RESET) refers to port.o(.text) for SysTick_Handler
    startup_stm32f4xx.o(.text) refers to system_stm32f4xx.o(.text) for SystemInit
    startup_stm32f4xx.o(.text) refers to entry.o(.ARM.Collect$$$$00000000) for __main
    stm32f4xx_gpio.o(.text) refers to stm32f4xx_rcc.o(.text) for RCC_AHB1PeriphResetCmd
    stm32f4xx_rcc.o(.text) refers to stm32f4xx_rcc.o(.data) for APBAHBPrescTable
    stm32f4xx_adc.o(.text) refers to stm32f4xx_rcc.o(.text) for RCC_APB2PeriphResetCmd
    stm32f4xx_spi.o(.text) refers to stm32f4xx_rcc.o(.text) for RCC_APB2PeriphResetCmd
    stm32f4xx_tim.o(.text) refers to stm32f4xx_rcc.o(.text) for RCC_APB2PeriphResetCmd
    stm32f4xx_usart.o(.text) refers to stm32f4xx_rcc.o(.text) for RCC_APB2PeriphResetCmd
    stm32f4xx_syscfg.o(.text) refers to stm32f4xx_rcc.o(.text) for RCC_APB2PeriphResetCmd
    stm32f4xx_i2c.o(.text) refers to stm32f4xx_rcc.o(.text) for RCC_APB1PeriphResetCmd
    croutine.o(.text) refers to list.o(.text) for vListInitialise
    croutine.o(.text) refers to heap_2.o(.text) for pvPortMalloc
    croutine.o(.text) refers to port.o(.emb_text) for ulPortSetInterruptMask
    croutine.o(.text) refers to tasks.o(.text) for xTaskGetTickCount
    croutine.o(.text) refers to croutine.o(.bss) for pxReadyCoRoutineLists
    croutine.o(.text) refers to croutine.o(.data) for pxDelayedCoRoutineList
    queue.o(.text) refers to port.o(.emb_text) for ulPortSetInterruptMask
    queue.o(.text) refers to port.o(.text) for vPortEnterCritical
    queue.o(.text) refers to tasks.o(.text) for xTaskRemoveFromEventList
    queue.o(.text) refers to list.o(.text) for vListInitialise
    queue.o(.text) refers to heap_2.o(.text) for pvPortMalloc
    queue.o(.text) refers to memcpya.o(.text) for __aeabi_memcpy
    queue.o(.text) refers to queue.o(.bss) for xQueueRegistry
    timers.o(.text) refers to list.o(.text) for vListInsert
    timers.o(.text) refers to tasks.o(.text) for xTaskGetSchedulerState
    timers.o(.text) refers to queue.o(.text) for xQueueGenericSend
    timers.o(.text) refers to port.o(.emb_text) for ulPortSetInterruptMask
[...]
    .bss                                     0x20000584   Section       40  timers.o(.bss)
    xActiveTimerList1                        0x20000584   Data          20  timers.o(.bss)
    xActiveTimerList2                        0x20000598   Data          20  timers.o(.bss)
    .bss                                     0x200005b0   Section    10240  heap_2.o(.bss)
    xHeap                                    0x200005b0   Data       10240  heap_2.o(.bss)
    .bss                                     0x20002db0   Section      240  tasks.o(.bss)
    pxReadyTasksLists                        0x20002db0   Data         100  tasks.o(.bss)
    xDelayedTaskList1                        0x20002e14   Data          20  tasks.o(.bss)
    xDelayedTaskList2                        0x20002e28   Data          20  tasks.o(.bss)
    xPendingReadyList                        0x20002e3c   Data          20  tasks.o(.bss)
    xTasksWaitingTermination                 0x20002e50   Data          20  tasks.o(.bss)
    xSuspendedTaskList                       0x20002e64   Data          20  tasks.o(.bss)
    pcStatusString                           0x20002e78   Data          40  tasks.o(.bss)
    STACK                                    0x20002ea0   Section     1024  startup_stm32f4xx.o(STACK)

    Global Symbols

    Symbol Name                              Value     Ov Type        Size  Object(Section)

    BuildAttributes$$THM_ISAv4$E$P$D$K$B$S$7EM$VFPi3$EXTD16$VFPS$VFMA$PE$A:L22UL41UL21$X:L11$S22US41US21$IEEE1$IW$USESV6$~STKCKD$USESV7$~SHL$OTIME$ROPI$IEEEX$EBA8$MICROLIB$REQ8$PRES8$EABIv2 0x00000000   Number         0  anon$$obj.o ABSOLUTE
    __ARM_use_no_argv                        0x00000000   Number         0  main.o ABSOLUTE
    _printf_a                                0x00000000   Number         0  stubs.o ABSOLUTE
    _printf_c                                0x00000000   Number         0  stubs.o ABSOLUTE
    _printf_charcount                        0x00000000   Number         0  stubs.o ABSOLUTE
    _printf_d                                0x00000000   Number         0  stubs.o ABSOLUTE
    _printf_e                                0x00000000   Number         0  stubs.o ABSOLUTE
    _printf_f                                0x00000000   Number         0  stubs.o ABSOLUTE
    _printf_flags                            0x00000000   Number         0  stubs.o ABSOLUTE
    _printf_fp_dec                           0x00000000   Number         0  stubs.o ABSOLUTE
    _printf_fp_hex                           0x00000000   Number         0  stubs.o ABSOLUTE
    _printf_g                                0x00000000   Number         0  stubs.o ABSOLUTE
    _printf_i                                0x00000000   Number         0  stubs.o ABSOLUTE
    _printf_int_dec                          0x00000000   Number         0  stubs.o ABSOLUTE
    _printf_l                                0x00000000   Number         0  stubs.o ABSOLUTE
    _printf_lc                               0x00000000   Number         0  stubs.o ABSOLUTE
    _printf_ll                               0x00000000   Number         0  stubs.o ABSOLUTE
    _printf_lld                              0x00000000   Number         0  stubs.o ABSOLUTE
    _printf_lli                              0x00000000   Number         0  stubs.o ABSOLUTE
    _printf_llo                              0x00000000   Number         0  stubs.o ABSOLUTE
    _printf_llu                              0x00000000   Number         0  stubs.o ABSOLUTE
    _printf_llx                              0x00000000   Number         0  stubs.o ABSOLUTE
    _printf_longlong_dec                     0x00000000   Number         0  stubs.o ABSOLUTE
    _printf_longlong_hex                     0x00000000   Number         0  stubs.o ABSOLUTE
    _printf_longlong_oct                     0x00000000   Number         0  stubs.o ABSOLUTE
    _printf_ls                               0x00000000   Number         0  stubs.o ABSOLUTE
    _printf_mbtowc                           0x00000000   Number         0  stubs.o ABSOLUTE
    _printf_n                                0x00000000   Number         0  stubs.o ABSOLUTE
    _printf_o                                0x00000000   Number         0  stubs.o ABSOLUTE
    _printf_p                                0x00000000   Number         0  stubs.o ABSOLUTE
    _printf_percent                          0x00000000   Number         0  stubs.o ABSOLUTE
    _printf_pre_padding                      0x00000000   Number         0  stubs.o ABSOLUTE
    _printf_return_value                     0x00000000   Number         0  stubs.o ABSOLUTE
    _printf_s                                0x00000000   Number         0  stubs.o ABSOLUTE
    _printf_sizespec                         0x00000000   Number         0  stubs.o ABSOLUTE
    _printf_str                              0x00000000   Number         0  stubs.o ABSOLUTE
    _printf_truncate_signed                  0x00000000   Number         0  stubs.o ABSOLUTE
    _printf_truncate_unsigned                0x00000000   Number         0  stubs.o ABSOLUTE
    _printf_u                                0x00000000   Number         0  stubs.o ABSOLUTE
    _printf_wc                               0x00000000   Number         0  stubs.o ABSOLUTE
    _printf_wctomb                           0x00000000   Number         0  stubs.o ABSOLUTE
    _printf_widthprec                        0x00000000   Number         0  stubs.o ABSOLUTE
    _printf_x                                0x00000000   Number         0  stubs.o ABSOLUTE
    __cpp_initialize__aeabi_                  - Undefined Weak Reference
    __cxa_finalize                            - Undefined Weak Reference
    _clock_init                               - Undefined Weak Reference
    _microlib_exit                            - Undefined Weak Reference
    __Vectors_Size                           0x00000188   Number         0  startup_stm32f4xx.o ABSOLUTE
    __Vectors                                0x08000000   Data           4  startup_stm32f4xx.o(RESET)
    __Vectors_End                            0x08000188   Data           0  startup_stm32f4xx.o(RESET)
    __main                                   0x08000189   Thumb Code     0  entry.o(.ARM.Collect$$$$00000000)
    _main_stk                                0x08000189   Thumb Code     0  entry2.o(.ARM.Collect$$$$00000001)
    _main_scatterload                        0x0800018d   Thumb Code     0  entry5.o(.ARM.Collect$$$$00000004)
    __main_after_scatterload                 0x08000191   Thumb Code     0  entry5.o(.ARM.Collect$$$$00000004)
    _main_clock                              0x08000191   Thumb Code     0  entry7b.o(.ARM.Collect$$$$00000008)
    _main_cpp_init                           0x08000191   Thumb Code     0  entry8b.o(.ARM.Collect$$$$0000000A)
    _main_init                               0x08000191   Thumb Code     0  entry9a.o(.ARM.Collect$$$$0000000B)
    __rt_final_cpp                           0x08000199   Thumb Code     0  entry10a.o(.ARM.Collect$$$$0000000D)
    __rt_final_exit                          0x08000199   Thumb Code     0  entry11a.o(.ARM.Collect$$$$0000000F)
    SVC_Handler                              0x0800019d   Thumb Code    24  port.o(.emb_text)
    __asm___6_port_c_39a90d8d__prvStartFirstTask 0x080001b9   Thumb Code    16  port.o(.emb_text)
    __asm___6_port_c_39a90d8d__prvEnableVFP  0x080001cd   Thumb Code    16  port.o(.emb_text)
    PendSV_Handler                           0x080001e1   Thumb Code    76  port.o(.emb_text)
    ulPortSetInterruptMask                   0x08000231   Thumb Code    14  port.o(.emb_text)
    vPortClearInterruptMask                  0x0800023f   Thumb Code     6  port.o(.emb_text)
    NMI_Handler                              0x08000245   Thumb Code     2  stm32f4xx_it.o(.text)
    HardFault_Handler                        0x08000247   Thumb Code     4  stm32f4xx_it.o(.text)
    MemManage_Handler                        0x0800024b   Thumb Code     4  stm32f4xx_it.o(.text)
    BusFault_Handler                         0x0800024f   Thumb Code     4  stm32f4xx_it.o(.text)
    UsageFault_Handler                       0x08000253   Thumb Code     4  stm32f4xx_it.o(.text)
    DebugMon_Handler                         0x08000257   Thumb Code     2  stm32f4xx_it.o(.text)
    USART1_IRQHandler                        0x0800025d   Thumb Code    24  stm32f4xx_it.o(.text)
    DMA1_Stream4_IRQHandler                  0x08000275   Thumb Code    12  stm32f4xx_it.o(.text)
    DMA1_Stream6_IRQHandler                  0x08000281   Thumb Code    26  stm32f4xx_it.o(.text)
    DMA2_Stream1_IRQHandler                  0x0800029b   Thumb Code    26  stm32f4xx_it.o(.text)
    DMA2_Stream2_IRQHandler                  0x080002b5   Thumb Code    32  stm32f4xx_it.o(.text)
    DMA2_Stream5_IRQHandler                  0x080002d5   Thumb Code    14  stm32f4xx_it.o(.text)
    DMA1_Stream1_IRQHandler                  0x080002e3   Thumb Code    30  stm32f4xx_it.o(.text)
    DMA1_Stream0_IRQHandler                  0x08000301   Thumb Code    26  stm32f4xx_it.o(.text)
    DMA1_Stream7_IRQHandler                  0x0800031b   Thumb Code    36  stm32f4xx_it.o(.text)
    DMA1_Stream2_IRQHandler                  0x0800033f   Thumb Code    14  stm32f4xx_it.o(.text)
    TIM6_DAC_IRQHandler                      0x0800034d   Thumb Code    12  stm32f4xx_it.o(.text)
    TIM7_IRQHandler                          0x08000359   Thumb Code    34  stm32f4xx_it.o(.text)
    TIM1_UP_TIM10_IRQHandler                 0x0800037b   Thumb Code    44  stm32f4xx_it.o(.text)
    TIM2_IRQHandler                          0x080003a7   Thumb Code    46  stm32f4xx_it.o(.text)
    TIM3_IRQHandler                          0x080003d5   Thumb Code    44  stm32f4xx_it.o(.text)
    TIM4_IRQHandler                          0x08000401   Thumb Code    44  stm32f4xx_it.o(.text)
    TIM5_IRQHandler                          0x0800042d   Thumb Code    44  stm32f4xx_it.o(.text)
    SPI1_IRQHandler                          0x08000459   Thumb Code     2  stm32f4xx_it.o(.text)
    SPI3_IRQHandler                          0x0800045b   Thumb Code     2  stm32f4xx_it.o(.text)
    EXTI2_IRQHandler                         0x0800045d   Thumb Code    68  stm32f4xx_it.o(.text)
    EXTI3_IRQHandler                         0x080004a1   Thumb Code     2  stm32f4xx_it.o(.text)
    HMI_ky_tu                                0x08000519   Thumb Code    66  main.o(.text)
    HMISends                                 0x0800055b   Thumb Code    44  main.o(.text)
    HMISendb                                 0x08000587   Thumb Code    48  main.o(.text)
    gui_so                                   0x080005b7   Thumb Code    84  main.o(.text)
    gui_chu                                  0x0800060b   Thumb Code    54  main.o(.text)
    HMI_DMI                                  0x08000641   Thumb Code   166  main.o(.text)
    HMI_PUTS                                 0x080006e7   Thumb Code   160  main.o(.text)
    HMI_PUT_j                                0x08000787   Thumb Code    26  main.o(.text)
    HMI_DMI_CHI_GUI_SO                       0x080007a1   Thumb Code   156  main.o(.text)
    gp_update_uart                           0x0800083d   Thumb Code    86  main.o(.text)
    gp_get_mode_uart                         0x08000893   Thumb Code    30  main.o(.text)
    Encoder_XoayMam                          0x080008b1   Thumb Code   156  main.o(.text)
    ENCODER_FR                               0x0800094d   Thumb Code   100  main.o(.text)
    ENCODER_XOAY                             0x080009b1   Thumb Code    84  main.o(.text)
    ENCODER_TONG                             0x08000a05   Thumb Code     2  main.o(.text)
    ENCODER_BAN                              0x08000a07   Thumb Code    84  main.o(.text)
    delay_us                                 0x08000a5b   Thumb Code    34  main.o(.text)
    delay_ms                                 0x08000a7d   Thumb Code    34  main.o(.text)
    Config_out_mode                          0x08000a9f   Thumb Code   126  main.o(.text)
    Config_in_mode                           0x08000b1d   Thumb Code   102  main.o(.text)
    Config_int_time6                         0x08000b83   Thumb Code   112  main.o(.text)
    Config_int_time7                         0x08000bf3   Thumb Code   112  main.o(.text)
    Config_pwm_time_t8                       0x08000c63   Thumb Code   262  main.o(.text)
    Config_pwm_time_t5                       0x08000d69   Thumb Code   206  main.o(.text)
    Config_pwm_time_t4                       0x08000e37   Thumb Code   204  main.o(.text)
    Config_pwm_time_t9                       0x08000f03   Thumb Code   188  main.o(.text)
    Config_encoder_timer2_timer3             0x08000fbf   Thumb Code   388  main.o(.text)
    Config_encoder_timer1                    0x08001143   Thumb Code   286  main.o(.text)
    Config_encoder_timer4                    0x08001261   Thumb Code   244  main.o(.text)
    Config_encoder_timer5                    0x08001355   Thumb Code   242  main.o(.text)
    Config_ADC1_DMA                          0x08001447   Thumb Code   408  main.o(.text)
    Config_int_uart1_rx                      0x080015df   Thumb Code    40  main.o(.text)
    UART1_DMA_RX                             0x08001607   Thumb Code   274  main.o(.text)
    UART2_DMA_TX                             0x08001719   Thumb Code   282  main.o(.text)
    UART3_DMA_RX                             0x08001833   Thumb Code   292  main.o(.text)
    UART4_DMA_RX                             0x08001957   Thumb Code   332  main.o(.text)
    UART5_DMA_TX                             0x08001aa3   Thumb Code   314  main.o(.text)
    UART6_DMA_RX                             0x08001bdd   Thumb Code   272  main.o(.text)
    ProcessReceivedData                      0x08001ced   Thumb Code   114  main.o(.text)
    ngat_ngoai                               0x08001d5f   Thumb Code   112  main.o(.text)
    SEND_UART                                0x08001dcf   Thumb Code   170  main.o(.text)
    RESET_ENCODER_CHAY                       0x08001e79   Thumb Code    20  main.o(.text)
    RESET_ENCODER                            0x08001e8d   Thumb Code    38  main.o(.text)
    RESET_ENCODER_XOAY                       0x08001eb3   Thumb Code    12  main.o(.text)
    RESET_ENCODER_BAN                        0x08001ebf   Thumb Code    12  main.o(.text)
    run_read_gyro_uart1                      0x08001ecb   Thumb Code    46  main.o(.text)
    run_read_gyro_uart3                      0x08001ef9   Thumb Code    46  main.o(.text)
    HMI_TRAN                                 0x08001f27   Thumb Code  1332  main.o(.text)
    DATA_SPEED_RUN_LOOP                      0x0800245b   Thumb Code    12  main.o(.text)
    HMI_RUN_LOOP                             0x08002467   Thumb Code    40  main.o(.text)
    motorMinFix                              0x0800248f   Thumb Code    20  main.o(.text)
    setMotor                                 0x080024a3   Thumb Code   200  main.o(.text)
    setAllMotor                              0x0800256b   Thumb Code    12  main.o(.text)
    robotIsStop                              0x08002577   Thumb Code    40  main.o(.text)
    robotLock                                0x0800259f   Thumb Code     8  main.o(.text)
    robotIsRun                               0x080025a7   Thumb Code    20  main.o(.text)
    robotResetIMU                            0x080025bb   Thumb Code     8  main.o(.text)
    robotAngle                               0x080025c3   Thumb Code    10  main.o(.text)
    roundF                                   0x080025cd   Thumb Code    50  main.o(.text)
    fixMotorValue                            0x080025ff   Thumb Code   176  main.o(.text)
    absF                                     0x080026af   Thumb Code    26  main.o(.text)
    absI                                     0x080026c9   Thumb Code    14  main.o(.text)
    giaToc                                   0x080026d7   Thumb Code    54  main.o(.text)
    maxF4                                    0x0800270d   Thumb Code   142  main.o(.text)
    robotSpeed                               0x0800279b   Thumb Code     6  main.o(.text)
    robotFixAngle                            0x080027a1   Thumb Code     6  main.o(.text)
    calculateMotor                           0x080027a7   Thumb Code   694  main.o(.text)
    robotStop                                0x08002a5d   Thumb Code    82  main.o(.text)
    robotRotateStop                          0x08002aaf   Thumb Code    70  main.o(.text)
    robotSetACC                              0x08002af5   Thumb Code    14  main.o(.text)
    robotCurve                               0x08002b03   Thumb Code   102  main.o(.text)
    robotRotate                              0x08002b69   Thumb Code   164  main.o(.text)
    robotRotateFree                          0x08002c0d   Thumb Code   140  main.o(.text)
    robotRun                                 0x08002c99   Thumb Code    20  main.o(.text)
    robotRunAngle                            0x08002cad   Thumb Code   264  main.o(.text)
    robotAngleAnalytics                      0x08002db5   Thumb Code   138  main.o(.text)
    robotDirectionAnalytics                  0x08002e3f   Thumb Code   748  main.o(.text)
    ac_Stop                                  0x0800312b   Thumb Code   114  main.o(.text)
    ac_SpeedACC                              0x0800319d   Thumb Code    32  main.o(.text)
    robotAnalytics                           0x080031bd   Thumb Code   290  main.o(.text)
    robotGamePadControl                      0x080032df   Thumb Code   748  main.o(.text)
    ADCValue_Control                         0x080035cb   Thumb Code   394  main.o(.text)
    Nang_ha_bo_ban                           0x08003755   Thumb Code    68  main.o(.text)
    Ban_on_off                               0x08003799   Thumb Code    94  main.o(.text)
    Home_Mam_xoay                            0x080037f7   Thumb Code    46  main.o(.text)
    co_cau_phong_thu                         0x08003825   Thumb Code   152  main.o(.text)
    Lay_bong                                 0x080038bd   Thumb Code    96  main.o(.text)
    Re_Bong                                  0x0800391d   Thumb Code   404  main.o(.text)
    dua_bong                                 0x08003ab1   Thumb Code   164  main.o(.text)
    Day_re                                   0x08003b55   Thumb Code    72  main.o(.text)
    tra_bong                                 0x08003b9d   Thumb Code   110  main.o(.text)
    nhabong                                  0x08003c0b   Thumb Code   102  main.o(.text)
    ban_bong_giua                            0x08003c71   Thumb Code    94  main.o(.text)
    bantheokhoangcach                        0x08003ccf   Thumb Code   154  main.o(.text)
    calculate_force                          0x08003d69   Thumb Code  1526  main.o(.text)
    xoaytam                                  0x0800435f   Thumb Code   116  main.o(.text)
    tim_ro                                   0x080043d3   Thumb Code    74  main.o(.text)
    Giu_Nong_Ban                             0x0800441d   Thumb Code   174  main.o(.text)
    Nang_Ha_Nong_Ban                         0x080044cb   Thumb Code   106  main.o(.text)
    main                                     0x08004637   Thumb Code   246  main.o(.text)
    SystemInit                               0x08004809   Thumb Code    74  system_stm32f4xx.o(.text)
    SystemCoreClockUpdate                    0x08004853   Thumb Code   174  system_stm32f4xx.o(.text)
    Reset_Handler                            0x0800492d   Thumb Code     8  startup_stm32f4xx.o(.text)
    ADC_IRQHandler                           0x08004947   Thumb Code     0  startup_stm32f4xx.o(.text)
    CAN1_RX0_IRQHandler                      0x08004947   Thumb Code     0  startup_stm32f4xx.o(.text)
    CAN1_RX1_IRQHandler                      0x08004947   Thumb Code     0  startup_stm32f4xx.o(.text)
    CAN1_SCE_IRQHandler                      0x08004947   Thumb Code     0  startup_stm32f4xx.o(.text)
    CAN1_TX_IRQHandler                       0x08004947   Thumb Code     0  startup_stm32f4xx.o(.text)
    CAN2_RX0_IRQHandler                      0x08004947   Thumb Code     0  startup_stm32f4xx.o(.text)
    CAN2_RX1_IRQHandler                      0x08004947   Thumb Code     0  startup_stm32f4xx.o(.text)
    CAN2_SCE_IRQHandler                      0x08004947   Thumb Code     0  startup_stm32f4xx.o(.text)
    CAN2_TX_IRQHandler                       0x08004947   Thumb Code     0  startup_stm32f4xx.o(.text)
    CRYP_IRQHandler                          0x08004947   Thumb Code     0  startup_stm32f4xx.o(.text)
    DCMI_IRQHandler                          0x08004947   Thumb Code     0  startup_stm32f4xx.o(.text)
    DMA1_Stream3_IRQHandler                  0x08004947   Thumb Code     0  startup_stm32f4xx.o(.text)
    DMA1_Stream5_IRQHandler                  0x08004947   Thumb Code     0  startup_stm32f4xx.o(.text)
    DMA2_Stream0_IRQHandler                  0x08004947   Thumb Code     0  startup_stm32f4xx.o(.text)
    DMA2_Stream3_IRQHandler                  0x08004947   Thumb Code     0  startup_stm32f4xx.o(.text)
    DMA2_Stream4_IRQHandler                  0x08004947   Thumb Code     0  startup_stm32f4xx.o(.text)
    DMA2_Stream6_IRQHandler                  0x08004947   Thumb Code     0  startup_stm32f4xx.o(.text)
    DMA2_Stream7_IRQHandler                  0x08004947   Thumb Code     0  startup_stm32f4xx.o(.text)
    ETH_IRQHandler                           0x08004947   Thumb Code     0  startup_stm32f4xx.o(.text)
    ETH_WKUP_IRQHandler                      0x08004947   Thumb Code     0  startup_stm32f4xx.o(.text)
    EXTI0_IRQHandler                         0x08004947   Thumb Code     0  startup_stm32f4xx.o(.text)
    EXTI15_10_IRQHandler                     0x08004947   Thumb Code     0  startup_stm32f4xx.o(.text)
    EXTI1_IRQHandler                         0x08004947   Thumb Code     0  startup_stm32f4xx.o(.text)
    EXTI4_IRQHandler                         0x08004947   Thumb Code     0  startup_stm32f4xx.o(.text)
    EXTI9_5_IRQHandler                       0x08004947   Thumb Code     0  startup_stm32f4xx.o(.text)
    FLASH_IRQHandler                         0x08004947   Thumb Code     0  startup_stm32f4xx.o(.text)
    FPU_IRQHandler                           0x08004947   Thumb Code     0  startup_stm32f4xx.o(.text)
    FSMC_IRQHandler                          0x08004947   Thumb Code     0  startup_stm32f4xx.o(.text)
    HASH_RNG_IRQHandler                      0x08004947   Thumb Code     0  startup_stm32f4xx.o(.text)
    I2C1_ER_IRQHandler                       0x08004947   Thumb Code     0  startup_stm32f4xx.o(.text)
    I2C1_EV_IRQHandler                       0x08004947   Thumb Code     0  startup_stm32f4xx.o(.text)
    I2C2_ER_IRQHandler                       0x08004947   Thumb Code     0  startup_stm32f4xx.o(.text)
    I2C2_EV_IRQHandler                       0x08004947   Thumb Code     0  startup_stm32f4xx.o(.text)
    I2C3_ER_IRQHandler                       0x08004947   Thumb Code     0  startup_stm32f4xx.o(.text)
    I2C3_EV_IRQHandler                       0x08004947   Thumb Code     0  startup_stm32f4xx.o(.text)
    OTG_FS_IRQHandler                        0x08004947   Thumb Code     0  startup_stm32f4xx.o(.text)
    OTG_FS_WKUP_IRQHandler                   0x08004947   Thumb Code     0  startup_stm32f4xx.o(.text)
    OTG_HS_EP1_IN_IRQHandler                 0x08004947   Thumb Code     0  startup_stm32f4xx.o(.text)
    OTG_HS_EP1_OUT_IRQHandler                0x08004947   Thumb Code     0  startup_stm32f4xx.o(.text)
    OTG_HS_IRQHandler                        0x08004947   Thumb Code     0  startup_stm32f4xx.o(.text)
    OTG_HS_WKUP_IRQHandler                   0x08004947   Thumb Code     0  startup_stm32f4xx.o(.text)
    PVD_IRQHandler                           0x08004947   Thumb Code     0  startup_stm32f4xx.o(.text)
    RCC_IRQHandler                           0x08004947   Thumb Code     0  startup_stm32f4xx.o(.text)
    RTC_Alarm_IRQHandler                     0x08004947   Thumb Code     0  startup_stm32f4xx.o(.text)
    RTC_WKUP_IRQHandler                      0x08004947   Thumb Code     0  startup_stm32f4xx.o(.text)
    SDIO_IRQHandler                          0x08004947   Thumb Code     0  startup_stm32f4xx.o(.text)
    SPI2_IRQHandler                          0x08004947   Thumb Code     0  startup_stm32f4xx.o(.text)
    TAMP_STAMP_IRQHandler                    0x08004947   Thumb Code     0  startup_stm32f4xx.o(.text)
    TIM1_BRK_TIM9_IRQHandler                 0x08004947   Thumb Code     0  startup_stm32f4xx.o(.text)
    TIM1_CC_IRQHandler                       0x08004947   Thumb Code     0  startup_stm32f4xx.o(.text)
    TIM1_TRG_COM_TIM11_IRQHandler            0x08004947   Thumb Code     0  startup_stm32f4xx.o(.text)
    TIM8_BRK_TIM12_IRQHandler                0x08004947   Thumb Code     0  startup_stm32f4xx.o(.text)
    TIM8_CC_IRQHandler                       0x08004947   Thumb Code     0  startup_stm32f4xx.o(.text)
    TIM8_TRG_COM_TIM14_IRQHandler            0x08004947   Thumb Code     0  startup_stm32f4xx.o(.text)
    TIM8_UP_TIM13_IRQHandler                 0x08004947   Thumb Code     0  startup_stm32f4xx.o(.text)
    UART4_IRQHandler                         0x08004947   Thumb Code     0  startup_stm32f4xx.o(.text)
    UART5_IRQHandler                         0x08004947   Thumb Code     0  startup_stm32f4xx.o(.text)
    USART2_IRQHandler                        0x08004947   Thumb Code     0  startup_stm32f4xx.o(.text)
    USART3_IRQHandler                        0x08004947   Thumb Code     0  startup_stm32f4xx.o(.text)
    USART6_IRQHandler                        0x08004947   Thumb Code     0  startup_stm32f4xx.o(.text)
    WWDG_IRQHandler                          0x08004947   Thumb Code     0  startup_stm32f4xx.o(.text)
    NVIC_PriorityGroupConfig                 0x08004951   Thumb Code    10  misc.o(.text)
    NVIC_Init                                0x0800495b   Thumb Code   106  misc.o(.text)
    NVIC_SetVectorTable                      0x080049c5   Thumb Code    14  misc.o(.text)
    NVIC_SystemLPConfig                      0x080049d3   Thumb Code    34  misc.o(.text)
    SysTick_CLKSourceConfig                  0x080049f5   Thumb Code    40  misc.o(.text)
    GPIO_DeInit                              0x08004a31   Thumb Code   220  stm32f4xx_gpio.o(.text)
    GPIO_Init                                0x08004b0d   Thumb Code   144  stm32f4xx_gpio.o(.text)
    GPIO_StructInit                          0x08004b9d   Thumb Code    18  stm32f4xx_gpio.o(.text)
    GPIO_PinLockConfig                       0x08004baf   Thumb Code    34  stm32f4xx_gpio.o(.text)
    GPIO_ReadInputDataBit                    0x08004bd1   Thumb Code    18  stm32f4xx_gpio.o(.text)
    GPIO_ReadInputData                       0x08004be3   Thumb Code     8  stm32f4xx_gpio.o(.text)
    GPIO_ReadOutputDataBit                   0x08004beb   Thumb Code    18  stm32f4xx_gpio.o(.text)
    GPIO_ReadOutputData                      0x08004bfd   Thumb Code     8  stm32f4xx_gpio.o(.text)
    GPIO_SetBits                             0x08004c05   Thumb Code     4  stm32f4xx_gpio.o(.text)
    GPIO_ResetBits                           0x08004c09   Thumb Code     4  stm32f4xx_gpio.o(.text)
    GPIO_WriteBit                            0x08004c0d   Thumb Code    10  stm32f4xx_gpio.o(.text)
    GPIO_Write                               0x08004c17   Thumb Code     4  stm32f4xx_gpio.o(.text)
    GPIO_ToggleBits                          0x08004c1b   Thumb Code     8  stm32f4xx_gpio.o(.text)
    GPIO_PinAFConfig                         0x08004c23   Thumb Code    70  stm32f4xx_gpio.o(.text)
    RCC_DeInit                               0x08004c8d   Thumb Code    60  stm32f4xx_rcc.o(.text)
    RCC_HSEConfig                            0x08004cc9   Thumb Code    14  stm32f4xx_rcc.o(.text)
    RCC_GetFlagStatus                        0x08004cd7   Thumb Code    60  stm32f4xx_rcc.o(.text)
    RCC_WaitForHSEStartUp                    0x08004d13   Thumb Code    56  stm32f4xx_rcc.o(.text)
    RCC_AdjustHSICalibrationValue            0x08004d4b   Thumb Code    20  stm32f4xx_rcc.o(.text)
    RCC_HSICmd                               0x08004d5f   Thumb Code     6  stm32f4xx_rcc.o(.text)
    RCC_LSEConfig                            0x08004d65   Thumb Code    46  stm32f4xx_rcc.o(.text)
    RCC_LSICmd                               0x08004d93   Thumb Code     6  stm32f4xx_rcc.o(.text)
    RCC_PLLConfig                            0x08004d99   Thumb Code    32  stm32f4xx_rcc.o(.text)
    RCC_PLLCmd                               0x08004db9   Thumb Code     6  stm32f4xx_rcc.o(.text)
    RCC_PLLI2SConfig                         0x08004dbf   Thumb Code    14  stm32f4xx_rcc.o(.text)
    RCC_PLLI2SCmd                            0x08004dcd   Thumb Code     6  stm32f4xx_rcc.o(.text)
    RCC_ClockSecuritySystemCmd               0x08004dd3   Thumb Code     6  stm32f4xx_rcc.o(.text)
    RCC_MCO1Config                           0x08004dd9   Thumb Code    28  stm32f4xx_rcc.o(.text)
    RCC_MCO2Config                           0x08004df5   Thumb Code    28  stm32f4xx_rcc.o(.text)
    RCC_SYSCLKConfig                         0x08004e11   Thumb Code    20  stm32f4xx_rcc.o(.text)
    RCC_GetSYSCLKSource                      0x08004e25   Thumb Code    12  stm32f4xx_rcc.o(.text)
    RCC_HCLKConfig                           0x08004e31   Thumb Code    20  stm32f4xx_rcc.o(.text)
    RCC_PCLK1Config                          0x08004e45   Thumb Code    20  stm32f4xx_rcc.o(.text)
    RCC_PCLK2Config                          0x08004e59   Thumb Code    22  stm32f4xx_rcc.o(.text)
    RCC_GetClocksFreq                        0x08004e6f   Thumb Code   222  stm32f4xx_rcc.o(.text)
    RCC_RTCCLKConfig                         0x08004f4d   Thumb Code    54  stm32f4xx_rcc.o(.text)
    RCC_RTCCLKCmd                            0x08004f83   Thumb Code     8  stm32f4xx_rcc.o(.text)
    RCC_BackupResetCmd                       0x08004f8b   Thumb Code     8  stm32f4xx_rcc.o(.text)
    RCC_I2SCLKConfig                         0x08004f93   Thumb Code     6  stm32f4xx_rcc.o(.text)
    RCC_AHB1PeriphClockCmd                   0x08004f99   Thumb Code    34  stm32f4xx_rcc.o(.text)
    RCC_AHB2PeriphClockCmd                   0x08004fbb   Thumb Code    34  stm32f4xx_rcc.o(.text)
    RCC_AHB3PeriphClockCmd                   0x08004fdd   Thumb Code    34  stm32f4xx_rcc.o(.text)
    RCC_APB1PeriphClockCmd                   0x08004fff   Thumb Code    34  stm32f4xx_rcc.o(.text)
    RCC_APB2PeriphClockCmd                   0x08005021   Thumb Code    34  stm32f4xx_rcc.o(.text)
    RCC_AHB1PeriphResetCmd                   0x08005043   Thumb Code    34  stm32f4xx_rcc.o(.text)
    RCC_AHB2PeriphResetCmd                   0x08005065   Thumb Code    72  stm32f4xx_rcc.o(.text)
    RCC_AHB3PeriphResetCmd                   0x080050ad   Thumb Code    34  stm32f4xx_rcc.o(.text)
    RCC_APB1PeriphResetCmd                   0x080050cf   Thumb Code    34  stm32f4xx_rcc.o(.text)
    RCC_APB2PeriphResetCmd                   0x080050f1   Thumb Code    34  stm32f4xx_rcc.o(.text)
    RCC_AHB1PeriphClockLPModeCmd             0x08005113   Thumb Code    34  stm32f4xx_rcc.o(.text)
    RCC_AHB2PeriphClockLPModeCmd             0x08005135   Thumb Code    34  stm32f4xx_rcc.o(.text)
    RCC_AHB3PeriphClockLPModeCmd             0x08005157   Thumb Code    34  stm32f4xx_rcc.o(.text)
    RCC_APB1PeriphClockLPModeCmd             0x08005179   Thumb Code    34  stm32f4xx_rcc.o(.text)
    RCC_APB2PeriphClockLPModeCmd             0x0800519b   Thumb Code    34  stm32f4xx_rcc.o(.text)
    RCC_ITConfig                             0x080051bd   Thumb Code    34  stm32f4xx_rcc.o(.text)
    RCC_ClearFlag                            0x080051df   Thumb Code    18  stm32f4xx_rcc.o(.text)
    RCC_GetITStatus                          0x080051f1   Thumb Code    22  stm32f4xx_rcc.o(.text)
    RCC_ClearITPendingBit                    0x08005207   Thumb Code     8  stm32f4xx_rcc.o(.text)
    ADC_DeInit                               0x08005215   Thumb Code    22  stm32f4xx_adc.o(.text)
    ADC_Init                                 0x0800522b   Thumb Code    74  stm32f4xx_adc.o(.text)
    ADC_StructInit                           0x08005275   Thumb Code    20  stm32f4xx_adc.o(.text)
    ADC_CommonInit                           0x08005289   Thumb Code    34  stm32f4xx_adc.o(.text)
    ADC_CommonStructInit                     0x080052ab   Thumb Code    12  stm32f4xx_adc.o(.text)
    ADC_Cmd                                  0x080052b7   Thumb Code    22  stm32f4xx_adc.o(.text)
    ADC_AnalogWatchdogCmd                    0x080052cd   Thumb Code    16  stm32f4xx_adc.o(.text)
    ADC_AnalogWatchdogThresholdsConfig       0x080052dd   Thumb Code     6  stm32f4xx_adc.o(.text)
    ADC_AnalogWatchdogSingleChannelConfig    0x080052e3   Thumb Code    16  stm32f4xx_adc.o(.text)
    ADC_TempSensorVrefintCmd                 0x080052f3   Thumb Code    34  stm32f4xx_adc.o(.text)
    ADC_VBATCmd                              0x08005315   Thumb Code    34  stm32f4xx_adc.o(.text)
    ADC_RegularChannelConfig                 0x08005337   Thumb Code   184  stm32f4xx_adc.o(.text)
    ADC_SoftwareStartConv                    0x080053ef   Thumb Code    10  stm32f4xx_adc.o(.text)
    ADC_GetSoftwareStartConvStatus           0x080053f9   Thumb Code    20  stm32f4xx_adc.o(.text)
    ADC_EOCOnEachRegularChannelCmd           0x0800540d   Thumb Code    22  stm32f4xx_adc.o(.text)
    ADC_ContinuousModeCmd                    0x08005423   Thumb Code    22  stm32f4xx_adc.o(.text)
    ADC_DiscModeChannelCountConfig           0x08005439   Thumb Code    24  stm32f4xx_adc.o(.text)
    ADC_DiscModeCmd                          0x08005451   Thumb Code    22  stm32f4xx_adc.o(.text)
    ADC_GetConversionValue                   0x08005467   Thumb Code     8  stm32f4xx_adc.o(.text)
    ADC_GetMultiModeConversionValue          0x0800546f   Thumb Code     8  stm32f4xx_adc.o(.text)
    ADC_DMACmd                               0x08005477   Thumb Code    22  stm32f4xx_adc.o(.text)
    ADC_DMARequestAfterLastTransferCmd       0x0800548d   Thumb Code    22  stm32f4xx_adc.o(.text)
    ADC_MultiModeDMARequestAfterLastTransferCmd 0x080054a3   Thumb Code    34  stm32f4xx_adc.o(.text)
    ADC_InjectedChannelConfig                0x080054c5   Thumb Code   130  stm32f4xx_adc.o(.text)
    ADC_InjectedSequencerLengthConfig        0x08005547   Thumb Code    24  stm32f4xx_adc.o(.text)
    ADC_SetInjectedOffset                    0x0800555f   Thumb Code    20  stm32f4xx_adc.o(.text)
    ADC_ExternalTrigInjectedConvConfig       0x08005573   Thumb Code    16  stm32f4xx_adc.o(.text)
    ADC_ExternalTrigInjectedConvEdgeConfig   0x08005583   Thumb Code    16  stm32f4xx_adc.o(.text)
    ADC_SoftwareStartInjectedConv            0x08005593   Thumb Code    10  stm32f4xx_adc.o(.text)
    ADC_GetSoftwareStartInjectedConvCmdStatus 0x0800559d   Thumb Code    20  stm32f4xx_adc.o(.text)
    ADC_AutoInjectedConvCmd                  0x080055b1   Thumb Code    22  stm32f4xx_adc.o(.text)
    ADC_InjectedDiscModeCmd                  0x080055c7   Thumb Code    22  stm32f4xx_adc.o(.text)
    ADC_GetInjectedConversionValue           0x080055dd   Thumb Code    28  stm32f4xx_adc.o(.text)
    ADC_ITConfig                             0x080055f9   Thumb Code    56  stm32f4xx_adc.o(.text)
    ADC_GetFlagStatus                        0x08005631   Thumb Code    18  stm32f4xx_adc.o(.text)
    ADC_ClearFlag                            0x08005643   Thumb Code     6  stm32f4xx_adc.o(.text)
    ADC_GetITStatus                          0x08005649   Thumb Code    38  stm32f4xx_adc.o(.text)
    ADC_ClearITPendingBit                    0x0800566f   Thumb Code    10  stm32f4xx_adc.o(.text)
    DMA_DeInit                               0x08005679   Thumb Code   324  stm32f4xx_dma.o(.text)
    DMA_Init                                 0x080057bd   Thumb Code    82  stm32f4xx_dma.o(.text)
    DMA_StructInit                           0x0800580f   Thumb Code    34  stm32f4xx_dma.o(.text)
    DMA_Cmd                                  0x08005831   Thumb Code    22  stm32f4xx_dma.o(.text)
    DMA_PeriphIncOffsetSizeConfig            0x08005847   Thumb Code    22  stm32f4xx_dma.o(.text)
    DMA_FlowControllerConfig                 0x0800585d   Thumb Code    22  stm32f4xx_dma.o(.text)
    DMA_SetCurrDataCounter                   0x08005873   Thumb Code     4  stm32f4xx_dma.o(.text)
    DMA_GetCurrDataCounter                   0x08005877   Thumb Code     8  stm32f4xx_dma.o(.text)
    DMA_DoubleBufferModeConfig               0x0800587f   Thumb Code    24  stm32f4xx_dma.o(.text)
    DMA_DoubleBufferModeCmd                  0x08005897   Thumb Code    22  stm32f4xx_dma.o(.text)
    DMA_MemoryTargetConfig                   0x080058ad   Thumb Code    10  stm32f4xx_dma.o(.text)
    DMA_GetCurrentMemoryTarget               0x080058b7   Thumb Code    20  stm32f4xx_dma.o(.text)
    DMA_GetCmdStatus                         0x080058cb   Thumb Code    20  stm32f4xx_dma.o(.text)
    DMA_GetFIFOStatus                        0x080058df   Thumb Code    12  stm32f4xx_dma.o(.text)
    DMA_GetFlagStatus                        0x080058eb   Thumb Code    56  stm32f4xx_dma.o(.text)
    DMA_ClearFlag                            0x08005923   Thumb Code    40  stm32f4xx_dma.o(.text)
    DMA_ITConfig                             0x0800594b   Thumb Code    58  stm32f4xx_dma.o(.text)
    DMA_GetITStatus                          0x08005985   Thumb Code    84  stm32f4xx_dma.o(.text)
    DMA_ClearITPendingBit                    0x080059d9   Thumb Code    40  stm32f4xx_dma.o(.text)
    EXTI_DeInit                              0x08005a21   Thumb Code    28  stm32f4xx_exti.o(.text)
    EXTI_Init                                0x08005a3d   Thumb Code   142  stm32f4xx_exti.o(.text)
    EXTI_StructInit                          0x08005acb   Thumb Code    16  stm32f4xx_exti.o(.text)
    EXTI_GenerateSWInterrupt                 0x08005adb   Thumb Code    16  stm32f4xx_exti.o(.text)
    EXTI_GetFlagStatus                       0x08005aeb   Thumb Code    22  stm32f4xx_exti.o(.text)
    EXTI_ClearFlag                           0x08005b01   Thumb Code     8  stm32f4xx_exti.o(.text)
    EXTI_GetITStatus                         0x08005b09   Thumb Code    34  stm32f4xx_exti.o(.text)
    EXTI_ClearITPendingBit                   0x08005b2b   Thumb Code     8  stm32f4xx_exti.o(.text)
    TIM_DeInit                               0x08005b3d   Thumb Code   346  stm32f4xx_tim.o(.text)
    TIM_TimeBaseInit                         0x08005c97   Thumb Code   104  stm32f4xx_tim.o(.text)
    TIM_TimeBaseStructInit                   0x08005cff   Thumb Code    18  stm32f4xx_tim.o(.text)
    TIM_PrescalerConfig                      0x08005d11   Thumb Code     6  stm32f4xx_tim.o(.text)
    TIM_CounterModeConfig                    0x08005d17   Thumb Code    18  stm32f4xx_tim.o(.text)
    TIM_SetCounter                           0x08005d29   Thumb Code     4  stm32f4xx_tim.o(.text)
    TIM_SetAutoreload                        0x08005d2d   Thumb Code     4  stm32f4xx_tim.o(.text)
    TIM_GetCounter                           0x08005d31   Thumb Code     6  stm32f4xx_tim.o(.text)
    TIM_GetPrescaler                         0x08005d37   Thumb Code     6  stm32f4xx_tim.o(.text)
    TIM_UpdateDisableConfig                  0x08005d3d   Thumb Code    24  stm32f4xx_tim.o(.text)
    TIM_UpdateRequestConfig                  0x08005d55   Thumb Code    24  stm32f4xx_tim.o(.text)
    TIM_ARRPreloadConfig                     0x08005d6d   Thumb Code    24  stm32f4xx_tim.o(.text)
    TIM_SelectOnePulseMode                   0x08005d85   Thumb Code    18  stm32f4xx_tim.o(.text)
    TIM_SetClockDivision                     0x08005d97   Thumb Code    18  stm32f4xx_tim.o(.text)
    TIM_Cmd                                  0x08005da9   Thumb Code    24  stm32f4xx_tim.o(.text)
    TIM_OC1Init                              0x08005dc1   Thumb Code   114  stm32f4xx_tim.o(.text)
    TIM_OC2Init                              0x08005e33   Thumb Code   154  stm32f4xx_tim.o(.text)
    TIM_OC3Init                              0x08005ecd   Thumb Code   204  stm32f4xx_tim.o(.text)
    TIM_OC4Init                              0x08005f99   Thumb Code   112  stm32f4xx_tim.o(.text)
    TIM_OCStructInit                         0x08006009   Thumb Code    20  stm32f4xx_tim.o(.text)
    TIM_SelectOCxM                           0x0800601d   Thumb Code    86  stm32f4xx_tim.o(.text)
    TIM_SetCompare1                          0x08006073   Thumb Code     4  stm32f4xx_tim.o(.text)
    TIM_SetCompare2                          0x08006077   Thumb Code     4  stm32f4xx_tim.o(.text)
    TIM_SetCompare3                          0x0800607b   Thumb Code     4  stm32f4xx_tim.o(.text)
    TIM_SetCompare4                          0x0800607f   Thumb Code     4  stm32f4xx_tim.o(.text)
    TIM_ForcedOC1Config                      0x08006083   Thumb Code    18  stm32f4xx_tim.o(.text)
    TIM_ForcedOC2Config                      0x08006095   Thumb Code    26  stm32f4xx_tim.o(.text)
    TIM_ForcedOC3Config                      0x080060af   Thumb Code    18  stm32f4xx_tim.o(.text)
    TIM_ForcedOC4Config                      0x080060c1   Thumb Code    26  stm32f4xx_tim.o(.text)
    TIM_OC1PreloadConfig                     0x080060db   Thumb Code    18  stm32f4xx_tim.o(.text)
    TIM_OC2PreloadConfig                     0x080060ed   Thumb Code    26  stm32f4xx_tim.o(.text)
    TIM_OC3PreloadConfig                     0x08006107   Thumb Code    18  stm32f4xx_tim.o(.text)
    TIM_OC4PreloadConfig                     0x08006119   Thumb Code    26  stm32f4xx_tim.o(.text)
    TIM_OC1FastConfig                        0x08006133   Thumb Code    18  stm32f4xx_tim.o(.text)
    TIM_OC2FastConfig                        0x08006145   Thumb Code    26  stm32f4xx_tim.o(.text)
    TIM_OC3FastConfig                        0x0800615f   Thumb Code    18  stm32f4xx_tim.o(.text)
    TIM_OC4FastConfig                        0x08006171   Thumb Code    26  stm32f4xx_tim.o(.text)
    TIM_ClearOC1Ref                          0x0800618b   Thumb Code    18  stm32f4xx_tim.o(.text)
    TIM_ClearOC2Ref                          0x0800619d   Thumb Code    24  stm32f4xx_tim.o(.text)
    TIM_ClearOC3Ref                          0x080061b5   Thumb Code    18  stm32f4xx_tim.o(.text)
    TIM_ClearOC4Ref                          0x080061c7   Thumb Code    24  stm32f4xx_tim.o(.text)
    TIM_OC1PolarityConfig                    0x080061df   Thumb Code    18  stm32f4xx_tim.o(.text)
    TIM_OC1NPolarityConfig                   0x080061f1   Thumb Code    18  stm32f4xx_tim.o(.text)
    TIM_OC2PolarityConfig                    0x08006203   Thumb Code    26  stm32f4xx_tim.o(.text)
    TIM_OC2NPolarityConfig                   0x0800621d   Thumb Code    26  stm32f4xx_tim.o(.text)
    TIM_OC3PolarityConfig                    0x08006237   Thumb Code    26  stm32f4xx_tim.o(.text)
    TIM_OC3NPolarityConfig                   0x08006251   Thumb Code    26  stm32f4xx_tim.o(.text)
    TIM_OC4PolarityConfig                    0x0800626b   Thumb Code    26  stm32f4xx_tim.o(.text)
    TIM_CCxCmd                               0x08006285   Thumb Code    30  stm32f4xx_tim.o(.text)
    TIM_CCxNCmd                              0x080062a3   Thumb Code    30  stm32f4xx_tim.o(.text)
    TIM_SetIC4Prescaler                      0x080062c1   Thumb Code    26  stm32f4xx_tim.o(.text)
    TIM_SetIC3Prescaler                      0x0800632b   Thumb Code    18  stm32f4xx_tim.o(.text)
    TIM_SetIC2Prescaler                      0x08006385   Thumb Code    26  stm32f4xx_tim.o(.text)
    TIM_SetIC1Prescaler                      0x080063f9   Thumb Code    18  stm32f4xx_tim.o(.text)
    TIM_ICInit                               0x08006445   Thumb Code   110  stm32f4xx_tim.o(.text)
    TIM_ICStructInit                         0x080064b3   Thumb Code    18  stm32f4xx_tim.o(.text)
    TIM_PWMIConfig                           0x080064c5   Thumb Code   124  stm32f4xx_tim.o(.text)
    TIM_GetCapture1                          0x08006541   Thumb Code     6  stm32f4xx_tim.o(.text)
    TIM_GetCapture2                          0x08006547   Thumb Code     6  stm32f4xx_tim.o(.text)
    TIM_GetCapture3                          0x0800654d   Thumb Code     6  stm32f4xx_tim.o(.text)
    TIM_GetCapture4                          0x08006553   Thumb Code     6  stm32f4xx_tim.o(.text)
    TIM_BDTRConfig                           0x08006559   Thumb Code    32  stm32f4xx_tim.o(.text)
    TIM_BDTRStructInit                       0x08006579   Thumb Code    18  stm32f4xx_tim.o(.text)
    TIM_CtrlPWMOutputs                       0x0800658b   Thumb Code    30  stm32f4xx_tim.o(.text)
    TIM_SelectCOM                            0x080065a9   Thumb Code    24  stm32f4xx_tim.o(.text)
    TIM_CCPreloadControl                     0x080065c1   Thumb Code    24  stm32f4xx_tim.o(.text)
    TIM_ITConfig                             0x080065d9   Thumb Code    18  stm32f4xx_tim.o(.text)
    TIM_GenerateEvent                        0x080065eb   Thumb Code     4  stm32f4xx_tim.o(.text)
    TIM_GetFlagStatus                        0x080065ef   Thumb Code    18  stm32f4xx_tim.o(.text)
    TIM_ClearFlag                            0x08006601   Thumb Code     6  stm32f4xx_tim.o(.text)
    TIM_GetITStatus                          0x08006607   Thumb Code    34  stm32f4xx_tim.o(.text)
    TIM_ClearITPendingBit                    0x08006629   Thumb Code     6  stm32f4xx_tim.o(.text)
    TIM_DMAConfig                            0x0800662f   Thumb Code    10  stm32f4xx_tim.o(.text)
    TIM_DMACmd                               0x08006639   Thumb Code    18  stm32f4xx_tim.o(.text)
    TIM_SelectCCDMA                          0x0800664b   Thumb Code    24  stm32f4xx_tim.o(.text)
    TIM_InternalClockConfig                  0x08006663   Thumb Code    12  stm32f4xx_tim.o(.text)
    TIM_SelectInputTrigger                   0x0800666f   Thumb Code    18  stm32f4xx_tim.o(.text)
    TIM_ITRxExternalClockConfig              0x08006681   Thumb Code    24  stm32f4xx_tim.o(.text)
    TIM_TIxExternalClockConfig               0x08006699   Thumb Code    62  stm32f4xx_tim.o(.text)
    TIM_ETRConfig                            0x080066d7   Thumb Code    28  stm32f4xx_tim.o(.text)
    TIM_ETRClockMode1Config                  0x080066f3   Thumb Code    54  stm32f4xx_tim.o(.text)
    TIM_ETRClockMode2Config                  0x08006729   Thumb Code    32  stm32f4xx_tim.o(.text)
    TIM_SelectOutputTrigger                  0x08006749   Thumb Code    18  stm32f4xx_tim.o(.text)
    TIM_SelectSlaveMode                      0x0800675b   Thumb Code    18  stm32f4xx_tim.o(.text)
    TIM_SelectMasterSlaveMode                0x0800676d   Thumb Code    18  stm32f4xx_tim.o(.text)
    TIM_EncoderInterfaceConfig               0x0800677f   Thumb Code    66  stm32f4xx_tim.o(.text)
    TIM_SelectHallSensor                     0x080067c1   Thumb Code    24  stm32f4xx_tim.o(.text)
    TIM_RemapConfig                          0x080067d9   Thumb Code     6  stm32f4xx_tim.o(.text)
    USART_DeInit                             0x080067e1   Thumb Code   156  stm32f4xx_usart.o(.text)
    USART_Init                               0x0800687d   Thumb Code   204  stm32f4xx_usart.o(.text)
    USART_StructInit                         0x08006949   Thumb Code    24  stm32f4xx_usart.o(.text)
    USART_ClockInit                          0x08006961   Thumb Code    32  stm32f4xx_usart.o(.text)
    USART_ClockStructInit                    0x08006981   Thumb Code    12  stm32f4xx_usart.o(.text)
    USART_Cmd                                0x0800698d   Thumb Code    24  stm32f4xx_usart.o(.text)
    USART_SetPrescaler                       0x080069a5   Thumb Code    16  stm32f4xx_usart.o(.text)
    USART_OverSampling8Cmd                   0x080069b5   Thumb Code    22  stm32f4xx_usart.o(.text)
    USART_OneBitMethodCmd                    0x080069cb   Thumb Code    24  stm32f4xx_usart.o(.text)
    USART_SendData                           0x080069e3   Thumb Code     8  stm32f4xx_usart.o(.text)
    USART_ReceiveData                        0x080069eb   Thumb Code    10  stm32f4xx_usart.o(.text)
    USART_SetAddress                         0x080069f5   Thumb Code    18  stm32f4xx_usart.o(.text)
    USART_ReceiverWakeUpCmd                  0x08006a07   Thumb Code    24  stm32f4xx_usart.o(.text)
    USART_WakeUpConfig                       0x08006a1f   Thumb Code    18  stm32f4xx_usart.o(.text)
    USART_LINBreakDetectLengthConfig         0x08006a31   Thumb Code    18  stm32f4xx_usart.o(.text)
    USART_LINCmd                             0x08006a43   Thumb Code    24  stm32f4xx_usart.o(.text)
    USART_SendBreak                          0x08006a5b   Thumb Code    10  stm32f4xx_usart.o(.text)
    USART_HalfDuplexCmd                      0x08006a65   Thumb Code    24  stm32f4xx_usart.o(.text)
    USART_SetGuardTime                       0x08006a7d   Thumb Code    16  stm32f4xx_usart.o(.text)
    USART_SmartCardCmd                       0x08006a8d   Thumb Code    24  stm32f4xx_usart.o(.text)
    USART_SmartCardNACKCmd                   0x08006aa5   Thumb Code    24  stm32f4xx_usart.o(.text)
    USART_IrDAConfig                         0x08006abd   Thumb Code    18  stm32f4xx_usart.o(.text)
    USART_IrDACmd                            0x08006acf   Thumb Code    24  stm32f4xx_usart.o(.text)
    USART_DMACmd                             0x08006ae7   Thumb Code    18  stm32f4xx_usart.o(.text)
    USART_ITConfig                           0x08006af9   Thumb Code    74  stm32f4xx_usart.o(.text)
    USART_GetFlagStatus                      0x08006b43   Thumb Code    26  stm32f4xx_usart.o(.text)
    USART_ClearFlag                          0x08006b5d   Thumb Code    18  stm32f4xx_usart.o(.text)
    USART_GetITStatus                        0x08006b6f   Thumb Code   110  stm32f4xx_usart.o(.text)
    USART_ClearITPendingBit                  0x08006bdd   Thumb Code    30  stm32f4xx_usart.o(.text)
    SYSCFG_DeInit                            0x08006bfd   Thumb Code    22  stm32f4xx_syscfg.o(.text)
    SYSCFG_MemoryRemapConfig                 0x08006c13   Thumb Code     6  stm32f4xx_syscfg.o(.text)
    SYSCFG_EXTILineConfig                    0x08006c19   Thumb Code    66  stm32f4xx_syscfg.o(.text)
    SYSCFG_ETH_MediaInterfaceConfig          0x08006c5b   Thumb Code     6  stm32f4xx_syscfg.o(.text)
    SYSCFG_CompensationCellCmd               0x08006c61   Thumb Code     6  stm32f4xx_syscfg.o(.text)
    SYSCFG_GetCompensationCellStatus         0x08006c67   Thumb Code    22  stm32f4xx_syscfg.o(.text)
    vListInitialise                          0x08006c89   Thumb Code    26  list.o(.text)
    vListInitialiseItem                      0x08006ca3   Thumb Code     6  list.o(.text)
    vListInsertEnd                           0x08006ca9   Thumb Code    28  list.o(.text)
    vListInsert                              0x08006cc5   Thumb Code    52  list.o(.text)
    uxListRemove                             0x08006cf9   Thumb Code    40  list.o(.text)
    xQueueGenericReset                       0x08006d21   Thumb Code   118  queue.o(.text)
    xQueueGenericCreate                      0x08006d97   Thumb Code    92  queue.o(.text)
    xQueueGenericSend                        0x08006ef9   Thumb Code   238  queue.o(.text)
    xQueueCreateMutex                        0x08006fe7   Thumb Code    86  queue.o(.text)
    xQueueGiveMutexRecursive                 0x0800703d   Thumb Code    56  queue.o(.text)
    xQueueGenericReceive                     0x080070bb   Thumb Code   314  queue.o(.text)
    xQueueTakeMutexRecursive                 0x080071f5   Thumb Code    64  queue.o(.text)
    xQueueCreateCountingSemaphore            0x08007235   Thumb Code    36  queue.o(.text)
    xQueueGenericSendFromISR                 0x08007259   Thumb Code   128  queue.o(.text)
    xQueueReceiveFromISR                     0x080072d9   Thumb Code   126  queue.o(.text)
    uxQueueMessagesWaiting                   0x08007357   Thumb Code    28  queue.o(.text)
    uxQueueMessagesWaitingFromISR            0x08007373   Thumb Code    20  queue.o(.text)
    vQueueDelete                             0x080073ad   Thumb Code    34  queue.o(.text)
    ucQueueGetQueueNumber                    0x080073cf   Thumb Code     8  queue.o(.text)
    vQueueSetQueueNumber                     0x080073d7   Thumb Code     6  queue.o(.text)
    ucQueueGetQueueType                      0x080073dd   Thumb Code     8  queue.o(.text)
    xQueueIsQueueEmptyFromISR                0x080073e5   Thumb Code    30  queue.o(.text)
    xQueueIsQueueFullFromISR                 0x08007403   Thumb Code    34  queue.o(.text)
    vQueueAddToRegistry                      0x08007425   Thumb Code    38  queue.o(.text)
    vQueueWaitForMessageRestricted           0x0800744b   Thumb Code    56  queue.o(.text)
    xTimerGenericCommand                     0x080074d9   Thumb Code   100  timers.o(.text)
    xTimerCreateTimerTask                    0x080077c7   Thumb Code    58  timers.o(.text)
    xTimerCreate                             0x08007801   Thumb Code    78  timers.o(.text)
    xTimerIsTimerActive                      0x0800784f   Thumb Code    30  timers.o(.text)
    pvTimerGetTimerID                        0x0800786d   Thumb Code     8  timers.o(.text)
    pxPortInitialiseStack                    0x08007899   Thumb Code    32  port.o(.text)
    vPortSetupTimerInterrupt                 0x080078b9   Thumb Code    26  port.o(.text)
    xPortStartScheduler                      0x080078d3   Thumb Code    58  port.o(.text)
    vPortEndScheduler                        0x0800790d   Thumb Code     2  port.o(.text)
    vPortYieldFromISR                        0x0800790f   Thumb Code    12  port.o(.text)
    vPortEnterCritical                       0x0800791b   Thumb Code    18  port.o(.text)
    vPortExitCritical                        0x0800792d   Thumb Code    26  port.o(.text)
    SysTick_Handler                          0x08007947   Thumb Code    28  port.o(.text)
    pvPortMalloc                             0x08007975   Thumb Code   194  heap_2.o(.text)
    vPortFree                                0x08007a37   Thumb Code    56  heap_2.o(.text)
    xPortGetFreeHeapSize                     0x08007a6f   Thumb Code     6  heap_2.o(.text)
    vPortInitialiseBlocks                    0x08007a75   Thumb Code     2  heap_2.o(.text)
    xTaskGenericCreate                       0x08007b53   Thumb Code   302  tasks.o(.text)
    vTaskDelete                              0x08007c81   Thumb Code    94  tasks.o(.text)
    vTaskIncrementTick                       0x08007cdf   Thumb Code   254  tasks.o(.text)
    xTaskResumeAll                           0x08007ddd   Thumb Code   290  tasks.o(.text)
    vTaskSuspendAll                          0x08007f3d   Thumb Code    12  tasks.o(.text)
    vTaskDelayUntil                          0x08007f49   Thumb Code   136  tasks.o(.text)
    vTaskDelay                               0x08007fd1   Thumb Code    48  tasks.o(.text)
    uxTaskPriorityGet                        0x08008001   Thumb Code    30  tasks.o(.text)
    vTaskPrioritySet                         0x0800801f   Thumb Code   184  tasks.o(.text)
    vTaskSwitchContext                       0x080080d7   Thumb Code   108  tasks.o(.text)
    vTaskSuspend                             0x08008143   Thumb Code   100  tasks.o(.text)
    xTaskIsTaskSuspended                     0x080081a7   Thumb Code    72  tasks.o(.text)
    vTaskResume                              0x080081ef   Thumb Code   102  tasks.o(.text)
    xTaskResumeFromISR                       0x08008255   Thumb Code   180  tasks.o(.text)
    vTaskStartScheduler                      0x08008385   Thumb Code    74  tasks.o(.text)
    vTaskEndScheduler                        0x080083cf   Thumb Code    18  tasks.o(.text)
    xTaskGetTickCount                        0x080083e1   Thumb Code    18  tasks.o(.text)
    xTaskGetTickCountFromISR                 0x080083f3   Thumb Code    22  tasks.o(.text)
    uxTaskGetNumberOfTasks                   0x08008409   Thumb Code     6  tasks.o(.text)
    vTaskList                                0x08008499   Thumb Code   182  tasks.o(.text)
    vTaskPlaceOnEventList                    0x0800854f   Thumb Code    70  tasks.o(.text)
    vTaskPlaceOnEventListRestricted          0x08008595   Thumb Code    52  tasks.o(.text)
    xTaskRemoveFromEventList                 0x080085c9   Thumb Code   106  tasks.o(.text)
    vTaskSetTimeOutState                     0x08008633   Thumb Code    28  tasks.o(.text)
    xTaskCheckForTimeOut                     0x0800864f   Thumb Code   112  tasks.o(.text)
    vTaskMissedYield                         0x080086bf   Thumb Code     8  tasks.o(.text)
    uxTaskGetTaskNumber                      0x080086c7   Thumb Code    14  tasks.o(.text)
    vTaskSetTaskNumber                       0x080086d5   Thumb Code     8  tasks.o(.text)
    xTaskGetCurrentTaskHandle                0x080086dd   Thumb Code     6  tasks.o(.text)
    xTaskGetSchedulerState                   0x080086e3   Thumb Code    24  tasks.o(.text)
    vTaskPriorityInherit                     0x080086fb   Thumb Code   226  tasks.o(.text)
    vTaskPriorityDisinherit                  0x080087dd   Thumb Code    70  tasks.o(.text)
    __aeabi_memcpy                           0x08008831   Thumb Code    36  memcpya.o(.text)
    __aeabi_memcpy4                          0x08008831   Thumb Code     0  memcpya.o(.text)
    __aeabi_memcpy8                          0x08008831   Thumb Code     0  memcpya.o(.text)
    __aeabi_memset                           0x08008855   Thumb Code    14  memseta.o(.text)
    __aeabi_memset4                          0x08008855   Thumb Code     0  memseta.o(.text)
    __aeabi_memset8                          0x08008855   Thumb Code     0  memseta.o(.text)
    __aeabi_memclr                           0x08008863   Thumb Code     4  memseta.o(.text)
    __aeabi_memclr4                          0x08008863   Thumb Code     0  memseta.o(.text)
    __aeabi_memclr8                          0x08008863   Thumb Code     0  memseta.o(.text)
    _memset$wrapper                          0x08008867   Thumb Code    18  memseta.o(.text)
    strcat                                   0x08008879   Thumb Code    24  strcat.o(.text)
    strncpy                                  0x08008891   Thumb Code    24  strncpy.o(.text)
    strlen                                   0x080088a9   Thumb Code    14  strlen.o(.text)
    strcmp                                   0x080088b7   Thumb Code    28  strcmp.o(.text)
    __aeabi_dadd                             0x080088d3   Thumb Code   322  dadd.o(.text)
    __aeabi_dsub                             0x08008a15   Thumb Code     6  dadd.o(.text)
    __aeabi_drsub                            0x08008a1b   Thumb Code     6  dadd.o(.text)
    __aeabi_dmul                             0x08008a21   Thumb Code   228  dmul.o(.text)
    __aeabi_ddiv                             0x08008b05   Thumb Code   222  ddiv.o(.text)
    __aeabi_i2d                              0x08008be3   Thumb Code    34  dflti.o(.text)
    __aeabi_f2d                              0x08008c05   Thumb Code    38  f2d.o(.text)
    __aeabi_d2f                              0x08008c2b   Thumb Code    56  d2f.o(.text)
    __aeabi_uidiv                            0x08008c63   Thumb Code     0  uidiv.o(.text)
    __aeabi_uidivmod                         0x08008c63   Thumb Code    44  uidiv.o(.text)
    __aeabi_llsl                             0x08008c8f   Thumb Code    30  llshl.o(.text)
    _ll_shift_l                              0x08008c8f   Thumb Code     0  llshl.o(.text)
    __aeabi_lasr                             0x08008cad   Thumb Code    36  llsshr.o(.text)
    _ll_sshift_r                             0x08008cad   Thumb Code     0  llsshr.o(.text)
    __I$use$fp                               0x08008cd1   Thumb Code     0  iusefp.o(.text)
    _float_round                             0x08008cd1   Thumb Code    18  fepilogue.o(.text)
    _float_epilogue                          0x08008ce3   Thumb Code    92  fepilogue.o(.text)
    _double_round                            0x08008d3f   Thumb Code    30  depilogue.o(.text)
    _double_epilogue                         0x08008d5d   Thumb Code   156  depilogue.o(.text)
    __scatterload                            0x08008df9   Thumb Code    28  init.o(.text)
    __scatterload_rt2                        0x08008df9   Thumb Code     0  init.o(.text)
    __aeabi_llsr                             0x08008e1d   Thumb Code    32  llushr.o(.text)
    _ll_ushift_r                             0x08008e1d   Thumb Code     0  llushr.o(.text)
    __decompress                             0x08008e3d   Thumb Code     0  __dczerorl2.o(.text)
    __decompress1                            0x08008e3d   Thumb Code    86  __dczerorl2.o(.text)
    __0snprintf$3                            0x08008e95   Thumb Code    44  printf3.o(i.__0snprintf$3)
    __1snprintf$3                            0x08008e95   Thumb Code     0  printf3.o(i.__0snprintf$3)
    __2snprintf                              0x08008e95   Thumb Code     0  printf3.o(i.__0snprintf$3)
    __0sprintf$3                             0x08008ec5   Thumb Code    34  printf3.o(i.__0sprintf$3)
    __1sprintf$3                             0x08008ec5   Thumb Code     0  printf3.o(i.__0sprintf$3)
    __2sprintf                               0x08008ec5   Thumb Code     0  printf3.o(i.__0sprintf$3)
    __ARM_fpclassifyf                        0x08008eed   Thumb Code    38  fpclassifyf.o(i.__ARM_fpclassifyf)
    __hardfp_cosf                            0x08008f15   Thumb Code   280  cosf.o(i.__hardfp_cosf)
    __hardfp_sinf                            0x08009065   Thumb Code   344  sinf.o(i.__hardfp_sinf)
    __mathlib_flt_infnan                     0x080091f5   Thumb Code     6  funder.o(i.__mathlib_flt_infnan)
    __mathlib_flt_invalid                    0x080091fd   Thumb Code    10  funder.o(i.__mathlib_flt_invalid)
    __mathlib_flt_underflow                  0x0800920d   Thumb Code    10  funder.o(i.__mathlib_flt_underflow)
    __mathlib_rredf2                         0x0800921d   Thumb Code   316  rredf.o(i.__mathlib_rredf2)
    __scatterload_copy                       0x08009371   Thumb Code    14  handlers.o(i.__scatterload_copy)
    __scatterload_null                       0x0800937f   Thumb Code     2  handlers.o(i.__scatterload_null)
    __scatterload_zeroinit                   0x08009381   Thumb Code    14  handlers.o(i.__scatterload_zeroinit)
    __set_errno                              0x08009391   Thumb Code     6  errno.o(i.__set_errno)
    Region$$Table$$Base                      0x08009594   Number         0  anon$$obj.o(Region$$Table)
    Region$$Table$$Limit                     0x080095b4   Number         0  anon$$obj.o(Region$$Table)
    bien_hmi                                 0x20000000   Data           4  main.o(.data)
    DATA_SPEED                               0x20000004   Data          60  main.o(.data)
    sieu_am                                  0x20000040   Data           4  main.o(.data)
    num_over_t1                              0x20000044   Data           4  main.o(.data)
    num_over_t2                              0x20000048   Data           4  main.o(.data)
    num_over_t3                              0x2000004c   Data           4  main.o(.data)
    num_over_t5                              0x20000050   Data           4  main.o(.data)
    num_over_t9                              0x20000054   Data           4  main.o(.data)
    CCR2_Val                                 0x20000058   Data           4  main.o(.data)
    HMI_LOOP                                 0x2000005c   Data           4  main.o(.data)
    num_over_t4                              0x20000060   Data           4  main.o(.data)
    IMU                                      0x20000064   Data           2  main.o(.data)
    IMUxoay                                  0x20000066   Data           2  main.o(.data)
    data_tx_gyro                             0x20000068   Data           1  main.o(.data)
    en_gyro                                  0x20000069   Data           1  main.o(.data)
    dataTxGyro                               0x2000006a   Data           1  main.o(.data)
    enGyro                                   0x2000006b   Data           1  main.o(.data)
    CB_DO_LINE                               0x2000006c   Data           1  main.o(.data)
    Home                                     0x2000006d   Data           1  main.o(.data)
    lazeSauValue                             0x20000070   Data           4  main.o(.data)
    lazeTruocValue                           0x20000074   Data           4  main.o(.data)
    lazeTraiValue                            0x20000078   Data           4  main.o(.data)
    lazePhaiValue                            0x2000007c   Data           4  main.o(.data)
    BienTroNongBanValue                      0x20000080   Data           4  main.o(.data)
    bientronangluaValue                      0x20000084   Data           4  main.o(.data)
    bientronangbongValue                     0x20000088   Data           4  main.o(.data)
    JTA                                      0x2000008c   Data           4  main.o(.data)
    force                                    0x20000090   Data           4  main.o(.data)
    degree_F                                 0x20000094   Data           4  main.o(.data)
    offsettam                                0x20000098   Data           4  main.o(.data)
    Vi_tri                                   0x2000009c   Data           1  main.o(.data)
    coVong                                   0x200000a0   Data           4  main.o(.data)
    Vitri_tru                                0x200000a4   Data           4  main.o(.data)
    g0                                       0x200000a8   Data           4  main.o(.data)
    g1                                       0x200000ac   Data           4  main.o(.data)
    g2                                       0x200000b0   Data           4  main.o(.data)
    g3                                       0x200000b4   Data           4  main.o(.data)
    g4                                       0x200000b8   Data           4  main.o(.data)
    g5                                       0x200000bc   Data           4  main.o(.data)
    g6                                       0x200000c0   Data           4  main.o(.data)
    bit_khoa_ham_thay_tuan                   0x200000c4   Data           4  main.o(.data)
    dang_Ban                                 0x200000c8   Data           4  main.o(.data)
    robotIsRun_cc                            0x200000cc   Data           4  main.o(.data)
    vi_tri_bong                              0x200000d0   Data           4  main.o(.data)
    vi_tri_ma_xoay                           0x200000d4   Data           4  main.o(.data)
    sang_phai                                0x200000d8   Data           4  main.o(.data)
    sang_trai                                0x200000dc   Data           4  main.o(.data)
    di_xuong                                 0x200000e0   Data           4  main.o(.data)
    di_len                                   0x200000e4   Data           4  main.o(.data)
    taget_BT_Xoay                            0x200000e8   Data           4  main.o(.data)
    Min_BT_Xoay                              0x200000ec   Data           4  main.o(.data)
    Max_BT_Xoay                              0x200000f0   Data           4  main.o(.data)
    goc_ban                                  0x200000f4   Data           4  main.o(.data)
    Max_BT_Nang_Lua                          0x200000f8   Data           4  main.o(.data)
    taget_BT_Nang_Lua                        0x200000fc   Data           4  main.o(.data)
    Min_BT_Nang_Lua                          0x20000100   Data           4  main.o(.data)
    Max_BT_Nang_Bong                         0x20000104   Data           4  main.o(.data)
    taget_BT_Nang_Bong                       0x20000108   Data           4  main.o(.data)
    Min_BT_Nang_Bong                         0x2000010c   Data           4  main.o(.data)
    BT_Nang_Tha_Bong                         0x20000110   Data           4  main.o(.data)
    BT_Bat_Bong_giua                         0x20000114   Data           4  main.o(.data)
    BT_Bat_Bong_sau                          0x20000118   Data           4  main.o(.data)
    CB_line_trai                             0x2000011c   Data           1  main.o(.data)
    CB_line_phai                             0x2000011d   Data           1  main.o(.data)
    Nho_trai_truoc                           0x2000011e   Data           1  main.o(.data)
    Nho_trai_sau                             0x2000011f   Data           1  main.o(.data)
    Nho_phai_truoc                           0x20000120   Data           1  main.o(.data)
    Nho_phai_sau                             0x20000121   Data           1  main.o(.data)
    Do_Xanh                                  0x20000122   Data           1  main.o(.data)
    Cam                                      0x20000123   Data           1  main.o(.data)
    received_offset                          0x20000124   Data           1  main.o(.data)
    received_distance                        0x20000126   Data           2  main.o(.data)
    robotLimitSpeed                          0x20000128   Data           4  main.o(.data)
    f05                                      0x2000012c   Data           4  main.o(.data)
    f1                                       0x20000130   Data           4  main.o(.data)
    f2                                       0x20000134   Data           4  main.o(.data)
    f4                                       0x20000138   Data           4  main.o(.data)
    f5                                       0x2000013c   Data           4  main.o(.data)
    f6                                       0x20000140   Data           4  main.o(.data)
    f10                                      0x20000144   Data           4  main.o(.data)
    f20                                      0x20000148   Data           4  main.o(.data)
    f30                                      0x2000014c   Data           4  main.o(.data)
    f45                                      0x20000150   Data           4  main.o(.data)
    f60                                      0x20000154   Data           4  main.o(.data)
    f120                                     0x20000158   Data           4  main.o(.data)
    i100                                     0x2000015c   Data           4  main.o(.data)
    khoangCachGocFix                         0x20000160   Data           4  main.o(.data)
    _robotY                                  0x20000164   Data           4  main.o(.data)
    _robotX                                  0x20000168   Data           4  main.o(.data)
    motorLock                                0x2000016c   Data           4  main.o(.data)
    motorLockRepeat                          0x20000170   Data           4  main.o(.data)
    radian                                   0x20000174   Data           4  main.o(.data)
    _robotChange                             0x20000178   Data           4  main.o(.data)
    _robotRotatePoint                        0x2000017c   Data           4  main.o(.data)
    _robotCurrentSpeed                       0x20000180   Data           4  main.o(.data)
    _robotRunSpeed                           0x20000184   Data           4  main.o(.data)
    _robotMaxSpeed                           0x20000188   Data           4  main.o(.data)
    _robotAccStop                            0x2000018c   Data           4  main.o(.data)
    _robotCounter                            0x20000190   Data           4  main.o(.data)
    _robotAngle                              0x20000194   Data           4  main.o(.data)
    _robotRunAngle                           0x20000198   Data           4  main.o(.data)
    _robotRotateAngle                        0x2000019c   Data           4  main.o(.data)
    _robotIMUInit                            0x200001a0   Data           4  main.o(.data)
    _robotRotate                             0x200001a4   Data           4  main.o(.data)
    _robotCurve                              0x200001a8   Data           4  main.o(.data)
    _robotAngleCounterFix                    0x200001ac   Data           4  main.o(.data)
    _robotAngleToFix                         0x200001b0   Data           4  main.o(.data)
    _robotIMUAngle                           0x200001b4   Data           4  main.o(.data)
    _IMUAngle_Before                         0x200001b8   Data           4  main.o(.data)
    _robotDelayGiamToc                       0x200001bc   Data           4  main.o(.data)
    _robotRunFL                              0x200001c0   Data           4  main.o(.data)
    _robotRunFR                              0x200001c4   Data           4  main.o(.data)
    _robotRunRL                              0x200001c8   Data           4  main.o(.data)
    _robotRunRR                              0x200001cc   Data           4  main.o(.data)
    _lockRobot                               0x200001d0   Data           4  main.o(.data)
    xl_truot_lua                             0x200001d4   Data           1  main.o(.data)
    xl_kep_lua_tren                          0x200001d5   Data           1  main.o(.data)
    xl_kep_lua_duoi                          0x200001d6   Data           1  main.o(.data)
    xl_nang_lua                              0x200001d7   Data           1  main.o(.data)
    gt_kep_bong                              0x200001d8   Data           1  main.o(.data)
    vi_tri                                   0x200001d9   Data           1  main.o(.data)
    Cbcc                                     0x200001da   Data           1  main.o(.data)
    Cbnv                                     0x200001db   Data           1  main.o(.data)
    Cbnn                                     0x200001dc   Data           1  main.o(.data)
    vt_xl_nang_lua                           0x200001dd   Data           1  main.o(.data)
    On_Off_Ban                               0x200001de   Data           1  main.o(.data)
    Nang_vong_max                            0x200001e0   Data           4  main.o(.data)
    Nang_vong_min                            0x200001e4   Data           4  main.o(.data)
    i                                        0x200001e8   Data           4  main.o(.data)
    Nang_goc_max                             0x200001ec   Data           4  main.o(.data)
    Nang_goc_min                             0x200001f0   Data           4  main.o(.data)
    en_tru                                   0x200001f4   Data           4  main.o(.data)
    max_speed                                0x200001f8   Data           4  main.o(.data)
    speed_temp                               0x200001fc   Data           4  main.o(.data)
    speed_tay_lua                            0x20000200   Data           4  main.o(.data)
    speed_xoay                               0x20000204   Data           4  main.o(.data)
    xl_kepbong_state                         0x20000208   Data           4  main.o(.data)
    xl_nangkep_state                         0x2000020c   Data           4  main.o(.data)
    ban_bong_state                           0x20000210   Data           4  main.o(.data)
    xoay_state                               0x20000214   Data           4  main.o(.data)
    result                                   0x20000218   Data           4  main.o(.data)
    final_result                             0x2000021c   Data           4  main.o(.data)
    toc                                      0x20000220   Data           4  main.o(.data)
    hs_goc                                   0x20000224   Data           4  main.o(.data)
    tocdoXoaytrack                           0x2000022c   Data           4  main.o(.data)
    gtri_laze_phai                           0x20000238   Data           4  main.o(.data)
    gtri_laze_trai                           0x2000023c   Data           4  main.o(.data)
    speed                                    0x20000240   Data           1  main.o(.data)
    speed1                                   0x20000241   Data           1  main.o(.data)
    update                                   0x20000242   Data           1  main.o(.data)
    shooting                                 0x20000243   Data           1  main.o(.data)
    SystemCoreClock                          0x20000280   Data           4  system_stm32f4xx.o(.data)
    AHBPrescTable                            0x20000284   Data          16  system_stm32f4xx.o(.data)
    pxCurrentTCB                             0x200002d0   Data           4  tasks.o(.data)
    buf                                      0x20000310   Data         150  main.o(.bss)
    ky_tu                                    0x200003a6   Data          40  main.o(.bss)
    ky_tu_1                                  0x200003ce   Data          40  main.o(.bss)
    ky_tu_2                                  0x200003f6   Data          40  main.o(.bss)
    ky_tu_3                                  0x2000041e   Data          40  main.o(.bss)
    Buffer_HMI                               0x20000446   Data         150  main.o(.bss)
    _ADC1_Value                              0x200004dc   Data          16  main.o(.bss)
    RX_USART1                                0x200004ec   Data          15  main.o(.bss)
    RX_USART2                                0x200004fb   Data          15  main.o(.bss)
    DATA_COLOR                               0x2000050a   Data          20  main.o(.bss)
    MANG_GAME                                0x2000051e   Data          10  main.o(.bss)
    GP_BTN                                   0x20000528   Data          15  main.o(.bss)
    RX_USART6                                0x20000537   Data          10  main.o(.bss)
    xQueueRegistry                           0x20000544   Data          64  queue.o(.bss)
    __initial_sp                             0x200032a0   Data           0  startup_stm32f4xx.o(STACK)



==============================================================================

Memory Map of the image

  Image Entry point : 0x08000189

  Load Region LR_IROM1 (Base: 0x08000000, Size: 0x000098c4, Max: 0x00080000, ABSOLUTE, COMPRESSED[0x00009688])

    Execution Region ER_IROM1 (Exec base: 0x08000000, Load base: 0x08000000, Size: 0x000095b4, Max: 0x00080000, ABSOLUTE)

    Exec Addr    Load Addr    Size         Type   Attr      Idx    E Section Name        Object

    0x08000000   0x08000000   0x00000188   Data   RO          298    RESET               startup_stm32f4xx.o
    0x08000188   0x08000188   0x00000000   Code   RO          643  * .ARM.Collect$$$$00000000  mc_w.l(entry.o)
    0x08000188   0x08000188   0x00000004   Code   RO          952    .ARM.Collect$$$$00000001  mc_w.l(entry2.o)
    0x0800018c   0x0800018c   0x00000004   Code   RO          955    .ARM.Collect$$$$00000004  mc_w.l(entry5.o)
    0x08000190   0x08000190   0x00000000   Code   RO          957    .ARM.Collect$$$$00000008  mc_w.l(entry7b.o)
    0x08000190   0x08000190   0x00000000   Code   RO          959    .ARM.Collect$$$$0000000A  mc_w.l(entry8b.o)
    0x08000190   0x08000190   0x00000008   Code   RO          960    .ARM.Collect$$$$0000000B  mc_w.l(entry9a.o)
    0x08000198   0x08000198   0x00000000   Code   RO          962    .ARM.Collect$$$$0000000D  mc_w.l(entry10a.o)
    0x08000198   0x08000198   0x00000000   Code   RO          964    .ARM.Collect$$$$0000000F  mc_w.l(entry11a.o)
    0x08000198   0x08000198   0x00000004   Code   RO          953    .ARM.Collect$$$$00002712  mc_w.l(entry2.o)
    0x0800019c   0x0800019c   0x000000a8   Code   RO          564    .emb_text           port.o
    0x08000244   0x08000244   0x000002d4   Code   RO            2    .text               stm32f4xx_it.o
    0x08000518   0x08000518   0x00004214   Code   RO          139    .text               main.o
    0x0800472c   0x0800472c   0x00000200   Code   RO          275    .text               system_stm32f4xx.o
    0x0800492c   0x0800492c   0x00000024   Code   RO          299    .text               startup_stm32f4xx.o
    0x08004950   0x08004950   0x000000e0   Code   RO          304    .text               misc.o
    0x08004a30   0x08004a30   0x0000025c   Code   RO          320    .text               stm32f4xx_gpio.o
    0x08004c8c   0x08004c8c   0x00000588   Code   RO          336    .text               stm32f4xx_rcc.o
    0x08005214   0x08005214   0x00000464   Code   RO          354    .text               stm32f4xx_adc.o
    0x08005678   0x08005678   0x000003a8   Code   RO          370    .text               stm32f4xx_dma.o
    0x08005a20   0x08005a20   0x0000011c   Code   RO          386    .text               stm32f4xx_exti.o
    0x08005b3c   0x08005b3c   0x00000ca2   Code   RO          418    .text               stm32f4xx_tim.o
    0x080067de   0x080067de   0x00000002   PAD
    0x080067e0   0x080067e0   0x0000041a   Code   RO          434    .text               stm32f4xx_usart.o
    0x08006bfa   0x08006bfa   0x00000002   PAD
    0x08006bfc   0x08006bfc   0x0000008c   Code   RO          450    .text               stm32f4xx_syscfg.o
    0x08006c88   0x08006c88   0x00000098   Code   RO          507    .text               list.o
    0x08006d20   0x08006d20   0x00000768   Code   RO          525    .text               queue.o
    0x08007488   0x08007488   0x00000410   Code   RO          543    .text               timers.o
    0x08007898   0x08007898   0x000000dc   Code   RO          565    .text               port.o
    0x08007974   0x08007974   0x00000118   Code   RO          582    .text               heap_2.o
    0x08007a8c   0x08007a8c   0x00000da4   Code   RO          597    .text               tasks.o
    0x08008830   0x08008830   0x00000024   Code   RO          646    .text               mc_w.l(memcpya.o)
    0x08008854   0x08008854   0x00000024   Code   RO          648    .text               mc_w.l(memseta.o)
    0x08008878   0x08008878   0x00000018   Code   RO          650    .text               mc_w.l(strcat.o)
    0x08008890   0x08008890   0x00000018   Code   RO          652    .text               mc_w.l(strncpy.o)
    0x080088a8   0x080088a8   0x0000000e   Code   RO          654    .text               mc_w.l(strlen.o)
    0x080088b6   0x080088b6   0x0000001c   Code   RO          656    .text               mc_w.l(strcmp.o)
    0x080088d2   0x080088d2   0x0000014e   Code   RO          921    .text               mf_w.l(dadd.o)
    0x08008a20   0x08008a20   0x000000e4   Code   RO          923    .text               mf_w.l(dmul.o)
    0x08008b04   0x08008b04   0x000000de   Code   RO          925    .text               mf_w.l(ddiv.o)
    0x08008be2   0x08008be2   0x00000022   Code   RO          927    .text               mf_w.l(dflti.o)
    0x08008c04   0x08008c04   0x00000026   Code   RO          929    .text               mf_w.l(f2d.o)
    0x08008c2a   0x08008c2a   0x00000038   Code   RO          931    .text               mf_w.l(d2f.o)
    0x08008c62   0x08008c62   0x0000002c   Code   RO          969    .text               mc_w.l(uidiv.o)
    0x08008c8e   0x08008c8e   0x0000001e   Code   RO          973    .text               mc_w.l(llshl.o)
    0x08008cac   0x08008cac   0x00000024   Code   RO          975    .text               mc_w.l(llsshr.o)
    0x08008cd0   0x08008cd0   0x00000000   Code   RO          984    .text               mc_w.l(iusefp.o)
    0x08008cd0   0x08008cd0   0x0000006e   Code   RO          985    .text               mf_w.l(fepilogue.o)
    0x08008d3e   0x08008d3e   0x000000ba   Code   RO          987    .text               mf_w.l(depilogue.o)
    0x08008df8   0x08008df8   0x00000024   Code   RO          993    .text               mc_w.l(init.o)
    0x08008e1c   0x08008e1c   0x00000020   Code   RO          996    .text               mc_w.l(llushr.o)
    0x08008e3c   0x08008e3c   0x00000056   Code   RO         1007    .text               mc_w.l(__dczerorl2.o)
    0x08008e92   0x08008e92   0x00000002   PAD
    0x08008e94   0x08008e94   0x00000030   Code   RO          750    i.__0snprintf$3     mc_w.l(printf3.o)
    0x08008ec4   0x08008ec4   0x00000028   Code   RO          751    i.__0sprintf$3      mc_w.l(printf3.o)
    0x08008eec   0x08008eec   0x00000026   Code   RO          933    i.__ARM_fpclassifyf  m_wm.l(fpclassifyf.o)
    0x08008f12   0x08008f12   0x00000002   PAD
    0x08008f14   0x08008f14   0x00000150   Code   RO          619    i.__hardfp_cosf     m_wm.l(cosf.o)
    0x08009064   0x08009064   0x00000190   Code   RO          631    i.__hardfp_sinf     m_wm.l(sinf.o)
    0x080091f4   0x080091f4   0x00000006   Code   RO          936    i.__mathlib_flt_infnan  m_wm.l(funder.o)
    0x080091fa   0x080091fa   0x00000002   PAD
    0x080091fc   0x080091fc   0x00000010   Code   RO          938    i.__mathlib_flt_invalid  m_wm.l(funder.o)
    0x0800920c   0x0800920c   0x00000010   Code   RO          941    i.__mathlib_flt_underflow  m_wm.l(funder.o)
    0x0800921c   0x0800921c   0x00000154   Code   RO          949    i.__mathlib_rredf2  m_wm.l(rredf.o)
    0x08009370   0x08009370   0x0000000e   Code   RO         1001    i.__scatterload_copy  mc_w.l(handlers.o)
    0x0800937e   0x0800937e   0x00000002   Code   RO         1002    i.__scatterload_null  mc_w.l(handlers.o)
    0x08009380   0x08009380   0x0000000e   Code   RO         1003    i.__scatterload_zeroinit  mc_w.l(handlers.o)
    0x0800938e   0x0800938e   0x00000002   PAD
    0x08009390   0x08009390   0x0000000c   Code   RO          979    i.__set_errno       mc_w.l(errno.o)
    0x0800939c   0x0800939c   0x000001b8   Code   RO          756    i._printf_core      mc_w.l(printf3.o)
    0x08009554   0x08009554   0x00000016   Code   RO          757    i._snputc           mc_w.l(printf3.o)
    0x0800956a   0x0800956a   0x0000000a   Code   RO          758    i._sputc            mc_w.l(printf3.o)
    0x08009574   0x08009574   0x00000020   Data   RO          950    .constdata          m_wm.l(rredf.o)
    0x08009594   0x08009594   0x00000020   Data   RO          999    Region$$Table       anon$$obj.o


    Execution Region RW_IRAM1 (Exec base: 0x20000000, Load base: 0x080095b4, Size: 0x000032a0, Max: 0x00020000, ABSOLUTE, COMPRESSED[0x000000d4])

    Exec Addr    Load Addr    Size         Type   Attr      Idx    E Section Name        Object

    0x20000000   COMPRESSED   0x0000027d   Data   RW          141    .data               main.o
    0x2000027d   COMPRESSED   0x00000003   PAD
    0x20000280   COMPRESSED   0x00000014   Data   RW          276    .data               system_stm32f4xx.o
    0x20000294   COMPRESSED   0x00000010   Data   RW          337    .data               stm32f4xx_rcc.o
    0x200002a4   COMPRESSED   0x00000010   Data   RW          545    .data               timers.o
    0x200002b4   COMPRESSED   0x00000004   Data   RW          566    .data               port.o
    0x200002b8   COMPRESSED   0x00000018   Data   RW          584    .data               heap_2.o
    0x200002d0   COMPRESSED   0x0000003c   Data   RW          599    .data               tasks.o
    0x2000030c   COMPRESSED   0x00000004   Data   RW          980    .data               mc_w.l(errno.o)
    0x20000310        -       0x00000231   Zero   RW          140    .bss                main.o
    0x20000541   COMPRESSED   0x00000003   PAD
    0x20000544        -       0x00000040   Zero   RW          526    .bss                queue.o
    0x20000584        -       0x00000028   Zero   RW          544    .bss                timers.o
    0x200005ac   COMPRESSED   0x00000004   PAD
    0x200005b0        -       0x00002800   Zero   RW          583    .bss                heap_2.o
    0x20002db0        -       0x000000f0   Zero   RW          598    .bss                tasks.o
    0x20002ea0        -       0x00000400   Zero   RW          296    STACK               startup_stm32f4xx.o


==============================================================================

Image component sizes


      Code (inc. data)   RO Data    RW Data    ZI Data      Debug   Object Name

       280         22          0         24      10240       3868   heap_2.o
       152          0          0          0          0       3650   list.o
     16916       1704          0        637        561     319333   main.o
       224         20          0          0          0       2085   misc.o
       388         34          0          4          0       3202   port.o
      1896          6          0          0         64      11128   queue.o
        36          8        392          0       1024        976   startup_stm32f4xx.o
      1124         24          0          0          0      10954   stm32f4xx_adc.o
       936         32          0          0          0       6661   stm32f4xx_dma.o
       284         10          0          0          0       2587   stm32f4xx_exti.o
       604         36          0          0          0       4389   stm32f4xx_gpio.o
       724        118          0          0          0     292611   stm32f4xx_it.o
      1416         48          0         16          0      11391   stm32f4xx_rcc.o
       140         12          0          0          0       1795   stm32f4xx_syscfg.o
      3234         60          0          0          0      23276   stm32f4xx_tim.o
      1050         26          0          0          0       8124   stm32f4xx_usart.o
       512         44          0         20          0       1987   system_stm32f4xx.o
      3492        256          0         60        240      16177   tasks.o
      1040         36          0         16         40      10672   timers.o

    ----------------------------------------------------------------------
     34452       2496        424        780      12176     734866   Object Totals
         0          0         32          0          0          0   (incl. Generated)
         4          0          0          3          7          0   (incl. Padding)

    ----------------------------------------------------------------------

      Code (inc. data)   RO Data    RW Data    ZI Data      Debug   Library Member Name

       336         56          0          0          0        136   cosf.o
        38          0          0          0          0        116   fpclassifyf.o
        38         12          0          0          0        348   funder.o
       340         24         32          0          0        160   rredf.o
       400         56          0          0          0        212   sinf.o
        86          0          0          0          0          0   __dczerorl2.o
         0          0          0          0          0          0   entry.o
         0          0          0          0          0          0   entry10a.o
         0          0          0          0          0          0   entry11a.o
         8          4          0          0          0          0   entry2.o
         4          0          0          0          0          0   entry5.o
         0          0          0          0          0          0   entry7b.o
         0          0          0          0          0          0   entry8b.o
         8          4          0          0          0          0   entry9a.o
        12          6          0          4          0         68   errno.o
        30          0          0          0          0          0   handlers.o
        36          8          0          0          0         68   init.o
         0          0          0          0          0          0   iusefp.o
        30          0          0          0          0         68   llshl.o
        36          0          0          0          0         68   llsshr.o
        32          0          0          0          0         68   llushr.o
        36          0          0          0          0         68   memcpya.o
        36          0          0          0          0        108   memseta.o
       560         14          0          0          0        404   printf3.o
        24          0          0          0          0         68   strcat.o
        28          0          0          0          0         76   strcmp.o
        14          0          0          0          0         68   strlen.o
        24          0          0          0          0         76   strncpy.o
        44          0          0          0          0         80   uidiv.o
        56          0          0          0          0         88   d2f.o
       334          0          0          0          0        148   dadd.o
       222          0          0          0          0        100   ddiv.o
       186          0          0          0          0        176   depilogue.o
        34          0          0          0          0         76   dflti.o
       228          0          0          0          0         96   dmul.o
        38          0          0          0          0         68   f2d.o
       110          0          0          0          0        168   fepilogue.o

    ----------------------------------------------------------------------
      3416        184         32          4          0       3180   Library Totals
         8          0          0          0          0          0   (incl. Padding)

    ----------------------------------------------------------------------

      Code (inc. data)   RO Data    RW Data    ZI Data      Debug   Library Name

      1152        148         32          0          0        972   m_wm.l
      1048         36          0          4          0       1288   mc_w.l
      1208          0          0          0          0        920   mf_w.l

    ----------------------------------------------------------------------
      3416        184         32          4          0       3180   Library Totals

    ----------------------------------------------------------------------

==============================================================================


      Code (inc. data)   RO Data    RW Data    ZI Data      Debug   

     37868       2680        456        784      12176     730886   Grand Totals
     37868       2680        456        212      12176     730886   ELF Image Totals (compressed)
     37868       2680        456        212          0          0   ROM Totals

==============================================================================

    Total RO  Size (Code + RO Data)                38324 (  37.43kB)
    Total RW  Size (RW Data + ZI Data)             12960 (  12.66kB)
    Total ROM Size (Code + RO Data + RW Data)      38536 (  37.63kB)

==============================================================================

