<html>
<body>
<pre>
<h1>µVision Build Log</h1>
<h2>Tool Versions:</h2>
IDE-Version: µVision V5.31.0.0
Copyright (C) 2020 ARM Ltd and ARM Germany GmbH. All rights reserved.
License Information: bao han, baohan, LIC=D0D7S-LBYZW-30ZNC-7TC9J-WTZ55-3P3T0
 
Tool Versions:
Toolchain:       MDK-ARM Plus  Version: 5.31.0.0
Toolchain Path:  D:\keilc\keil_c\ARM\ARMCC\Bin
C Compiler:      Armcc.exe V5.06 update 6 (build 750)
Assembler:       Armasm.exe V5.06 update 6 (build 750)
Linker/Locator:  ArmLink.exe V5.06 update 6 (build 750)
Library Manager: ArmAr.exe V5.06 update 6 (build 750)
Hex Converter:   FromElf.exe V5.06 update 6 (build 750)
CPU DLL:         SARMCM3.DLL V5.31.0.0
Dialog DLL:      DCM.DLL V1.17.3.0
Target DLL:      STLink\ST-LINKIII-KEIL_SWO.dll V3.0.7.0
Dialog DLL:      TCM.DLL V1.46.0.0
 
<h2>Project:</h2>
E:\AI_folder\robocon\ROBOT_MR1\ROBOT_MR1\MDK-ARM\Project.uvprojx
Project File Date:  04/02/2025

<h2>Output:</h2>
*** Using Compiler 'V5.06 update 6 (build 750)', folder: 'D:\keilc\keil_c\ARM\ARMCC\Bin'
Build target 'Project'
assembling startup_stm32f4xx.s...
compiling stm32f4xx_spi.c...
compiling stm32f4xx_gpio.c...
compiling system_stm32f4xx.c...
compiling misc.c...
compiling stm32f4xx_usart.c...
compiling stm32f4xx_exti.c...
compiling stm32f4xx_syscfg.c...
compiling stm32f4xx_adc.c...
compiling stm32f4xx_it.c...
..\stm32f4xx_it.c(46): warning:  #1295-D: Deprecated declaration timer_do_line - give arg types
  void timer_do_line();	
..\stm32f4xx_it.c(144): warning:  #1295-D: Deprecated declaration gp_update_uart - give arg types
  void gp_update_uart ();	
..\stm32f4xx_it.c(216): warning:  #223-D: function "ProcessReceivedData" declared implicitly
          ProcessReceivedData();
..\stm32f4xx_it.c(241): warning:  #177-D: variable "i"  was declared but never referenced
  {int i;
..\stm32f4xx_it.c(291): warning:  #1295-D: Deprecated declaration RUN_TIMER - give arg types
  void RUN_TIMER();
..\stm32f4xx_it.c(385): warning:  #177-D: variable "tang"  was declared but never referenced
    {int tang,bien_sieu_am;
..\stm32f4xx_it.c(385): warning:  #177-D: variable "bien_sieu_am"  was declared but never referenced
    {int tang,bien_sieu_am;
..\stm32f4xx_it.c: 7 warnings, 0 errors
compiling stm32f4xx_dma.c...
compiling stm32f4xx_rcc.c...
compiling stm32f4xx_tim.c...
compiling list.c...
compiling heap_2.c...
compiling croutine.c...
compiling timers.c...
compiling queue.c...
compiling port.c...
compiling tasks.c...
compiling stm32f4xx_i2c.c...
compiling main.c...
..\LID_HMI.h(16): warning:  #223-D: function "strlen" declared implicitly
      int len = strlen(_buf1);
..\LID_HMI.h(17): warning:  #223-D: function "strcmp" declared implicitly
      if (strcmp(Buffer_HMI, _buf1) != 0) {	
..\LID_HMI.h(18): warning:  #223-D: function "strncpy" declared implicitly
          strncpy(Buffer_HMI, _buf1, sizeof(Buffer_HMI) - 1);  // Sao chép n?i dung m?i vào Buffer_HMI v?i gi?i h?n kích thu?c
..\LID_HMI.h(114): warning:  #223-D: function "strcat" declared implicitly
  strcat (ky_tu,ky_tu_1);
..\LID_HMI.h(97): warning:  #177-D: variable "k"  was declared but never referenced
  	char k=0xff,i;
..\LID_HMI.h(147): warning:  #223-D: function "strcat" declared implicitly
  strcat (ky_tu,ky_tu_1);
..\LID_HMI.h(132): warning:  #177-D: variable "k"  was declared but never referenced
  	char k=0xff,i;
..\LID_HMI.h(188): warning:  #223-D: function "strcat" declared implicitly
  strcat (ky_tu,ky_tu_1);
..\LID_HMI.h(171): warning:  #177-D: variable "k"  was declared but never referenced
  	char k=0xff,i;
..\doc_tay_game.h(345): warning:  #177-D: variable "CANH_A"  was declared but never referenced
  	   float CANH_A,CANH_B;
..\doc_tay_game.h(345): warning:  #177-D: variable "CANH_B"  was declared but never referenced
  	   float CANH_A,CANH_B;
..\config.h(703): warning:  #177-D: variable "NVIC_InitStructure"  was declared but never referenced
  	NVIC_InitTypeDef NVIC_InitStructure;
..\config.h(1632): warning:  #188-D: enumerated type mixed with another type
  											GPIO_WriteBit(GPIOC,GPIO_Pin_15,0);
..\config.h(1636): warning:  #188-D: enumerated type mixed with another type
  											GPIO_WriteBit(GPIOC,GPIO_Pin_15,1);
..\config.h(1674): warning:  #111-D: statement is unreachable
  										break;
..\config.h(1623): warning:  #177-D: variable "camera"  was declared but never referenced
  		char*camera="11111111111111111111110111111111";
..\config.h(1626): warning:  #550-D: variable "_chu_cac_bit"  was set but never used
  									char _chu_cac_bit[40];
..\config.h(1751): warning:  #177-D: variable "_k"  was declared but never referenced
  	{int _k,_i;
..\config.h(1751): warning:  #177-D: variable "_i"  was declared but never referenced
  	{int _k,_i;
..\config.h(1763): warning:  #1-D: last line of file ends without a newline
  }
..\4OmniControler.h(114): warning:  #177-D: variable "gd"  was declared but never referenced
  	int goc_den, goc_doi, gd;
..\4OmniControler.h(291): warning:  #550-D: variable "R"  was set but never used
  		int R;
..\4OmniControler.h(501): warning:  #1035-D: single-precision operand implicitly converted to double-precision
  			robotRotate(robotAngle, (absF(robotAngle - _robotIMUAngle) > 50? (robotAngle > _robotIMUAngle ? rotate: -rotate):(robotAngle - _robotIMUAngle)*0.0005), 0);
..\DieuKhienCoCau.h(20): warning:  #260-D: explicit type is missing ("int" assumed)
  extern speed_temp;
..\DieuKhienCoCau.h(195): warning:  #1035-D: single-precision operand implicitly converted to double-precision
      filtered_lazeValue = (SMOOTHING_FACTOR * lazeTruocValue) + ((1 - SMOOTHING_FACTOR) * filtered_lazeValue);
..\DieuKhienCoCau.h(191): warning:  #177-D: variable "gocBan"  was declared but never referenced
      float gocBan = 0;
..\DieuKhienCoCau.h(249): warning:  #1035-D: single-precision operand implicitly converted to double-precision
      filtered_distance_chuyen = (SMOOTHING_FACTOR_CHUYEN * received_distance) + ((1 - SMOOTHING_FACTOR_CHUYEN) * filtered_distance_chuyen);
..\DieuKhienCoCau.h(245): warning:  #177-D: variable "gocChuyen"  was declared but never referenced
      float gocChuyen = 0;
..\DieuKhienCoCau.h(301): warning:  #1035-D: single-precision operand implicitly converted to double-precision
      if (speed > MAX_SPEED) {
..\BasicFunction.h(310): warning:  #1-D: last line of file ends without a newline
  }
..\main.c(58): warning:  #177-D: function "taskDieuKhienCoCau2"  was declared but never referenced
  static void taskDieuKhienCoCau2(void *pvParameters)
..\main.c: 31 warnings, 0 errors
linking...
Program Size: Code=45128 RO-data=824 RW-data=1076 ZI-data=12172  
FromELF: creating hex file...
".\Project\Project.axf" - 0 Error(s), 38 Warning(s).

<h2>Software Packages used:</h2>

Package Vendor: ARM
                http://www.keil.com/pack/ARM.CMSIS.5.7.0.pack
                ARM.CMSIS.5.7.0
                CMSIS (Cortex Microcontroller Software Interface Standard)
   * Component: CORE Version: 5.4.0

Package Vendor: Keil
                https://www.keil.com/pack/Keil.STM32F4xx_DFP.3.0.0.pack
                Keil.STM32F4xx_DFP.3.0.0
                STMicroelectronics STM32F4 Series Device Support

<h2>Collection of Component include folders:</h2>
  .\RTE\_Project
  D:\keilc\pack\ARM\CMSIS\5.7.0\CMSIS\Core\Include

<h2>Collection of Component Files used:</h2>

   * Component: ARM::CMSIS:CORE:5.4.0
Build Time Elapsed:  00:00:02
</pre>
</body>
</html>
