<html>
<body>
<pre>
<h1>µVision Build Log</h1>
<h2>Tool Versions:</h2>
IDE-Version: µVision V5.31.0.0
Copyright (C) 2020 ARM Ltd and ARM Germany GmbH. All rights reserved.
License Information: bao han, baohan, LIC=D0D7S-LBYZW-30ZNC-7TC9J-WTZ55-3P3T0
 
Tool Versions:
Toolchain:       MDK-ARM Plus  Version: 5.31.0.0
Toolchain Path:  D:\keilc\keil_c\ARM\ARMCC\Bin
C Compiler:      Armcc.exe V5.06 update 6 (build 750)
Assembler:       Armasm.exe V5.06 update 6 (build 750)
Linker/Locator:  ArmLink.exe V5.06 update 6 (build 750)
Library Manager: ArmAr.exe V5.06 update 6 (build 750)
Hex Converter:   FromElf.exe V5.06 update 6 (build 750)
CPU DLL:         SARMCM3.DLL V5.31.0.0
Dialog DLL:      DCM.DLL V1.17.3.0
Target DLL:      STLink\ST-LINKIII-KEIL_SWO.dll V3.0.7.0
Dialog DLL:      TCM.DLL V1.46.0.0
 
<h2>Project:</h2>
E:\AI_folder\robocon\ROBOT1_final_NB_test\ROBOT1_final_NB_test\ROBOT1_final_NB\ROBOT1_final\ROBOT1\ROBOT1\LHAS\ROBOT_MR1\MDK-ARM\Project.uvprojx
Project File Date:  06/06/2025

<h2>Output:</h2>
*** Using Compiler 'V5.06 update 6 (build 750)', folder: 'D:\keilc\keil_c\ARM\ARMCC\Bin'
Build target 'Project'
compiling main.c...
..\LID_HMI.h(16): warning:  #223-D: function "strlen" declared implicitly
      int len = strlen(_buf1);
..\LID_HMI.h(17): warning:  #223-D: function "strcmp" declared implicitly
      if (strcmp(Buffer_HMI, _buf1) != 0) {	
..\LID_HMI.h(18): warning:  #223-D: function "strncpy" declared implicitly
          strncpy(Buffer_HMI, _buf1, sizeof(Buffer_HMI) - 1);  // Sao chép n?i dung m?i vào Buffer_HMI v?i gi?i h?n kích thu?c
..\LID_HMI.h(114): warning:  #223-D: function "strcat" declared implicitly
  strcat (ky_tu,ky_tu_1);
..\LID_HMI.h(97): warning:  #177-D: variable "k"  was declared but never referenced
  	char k=0xff,i;
..\LID_HMI.h(147): warning:  #223-D: function "strcat" declared implicitly
  strcat (ky_tu,ky_tu_1);
..\LID_HMI.h(132): warning:  #177-D: variable "k"  was declared but never referenced
  	char k=0xff,i;
..\LID_HMI.h(188): warning:  #223-D: function "strcat" declared implicitly
  strcat (ky_tu,ky_tu_1);
..\LID_HMI.h(171): warning:  #177-D: variable "k"  was declared but never referenced
  	char k=0xff,i;
..\doc_tay_game.h(345): warning:  #177-D: variable "CANH_A"  was declared but never referenced
  	   float CANH_A,CANH_B;
..\doc_tay_game.h(345): warning:  #177-D: variable "CANH_B"  was declared but never referenced
  	   float CANH_A,CANH_B;
..\config.h(693): warning:  #177-D: variable "NVIC_InitStructure"  was declared but never referenced
  	NVIC_InitTypeDef NVIC_InitStructure;
..\config.h(1686): warning:  #188-D: enumerated type mixed with another type
  											GPIO_WriteBit(GPIOC,GPIO_Pin_15,0);
..\config.h(1690): warning:  #188-D: enumerated type mixed with another type
  											GPIO_WriteBit(GPIOC,GPIO_Pin_15,1);
..\config.h(1728): warning:  #111-D: statement is unreachable
  										if(CHON_SAN == 1){
..\config.h(1677): warning:  #177-D: variable "camera"  was declared but never referenced
  		char*camera="11111111111111111111110111111111";
..\config.h(1680): warning:  #550-D: variable "_chu_cac_bit"  was set but never used
  									char _chu_cac_bit[40];
..\config.h(1821): warning:  #177-D: variable "_k"  was declared but never referenced
  	{int _k,_i;
..\config.h(1821): warning:  #177-D: variable "_i"  was declared but never referenced
  	{int _k,_i;
..\config.h(1833): warning:  #1-D: last line of file ends without a newline
  }
..\Tinh_Khoang_Cach.h(150): warning:  #177-D: variable "c"  was declared but never referenced
      int i, j, c, leftIndex=0, rightIndex=0;
..\Tinh_Khoang_Cach.h(150): warning:  #177-D: variable "leftIndex"  was declared but never referenced
      int i, j, c, leftIndex=0, rightIndex=0;
..\Tinh_Khoang_Cach.h(150): warning:  #177-D: variable "rightIndex"  was declared but never referenced
      int i, j, c, leftIndex=0, rightIndex=0;
..\3SwerveWheelsControler.h(114): warning:  #177-D: variable "gd"  was declared but never referenced
  	int goc_den, goc_doi, gd;
..\3SwerveWheelsControler.h(292): warning:  #177-D: variable "R"  was declared but never referenced
  		float R,V0hx, V0hy, V4hx, V4hy, V8hx, V8hy;
..\3SwerveWheelsControler.h(373): warning:  #1035-D: single-precision operand implicitly converted to double-precision
  	absRotate = rotate*0.5;
..\3SwerveWheelsControler.h(595): warning:  #1035-D: single-precision operand implicitly converted to double-precision
  			robotRotate(robotAngle, (absF(robotAngle - _robotIMUAngle) > 50? (robotAngle > _robotIMUAngle ? rotate: -rotate):(robotAngle - _robotIMUAngle)*0.0005), 0);
..\DieuKhienCoCau.h(22): warning:  #260-D: explicit type is missing ("int" assumed)
  extern speed_temp;
..\DieuKhienCoCau.h(370): warning:  #1035-D: single-precision operand implicitly converted to double-precision
      angle_deg = angle_rad * (180.0f / M_PI);
..\DieuKhienCoCau.h(491): warning:  #177-D: variable "k"  was declared but never referenced
  	int k = 3000;
..\DieuKhienCoCau.h(492): warning:  #177-D: variable "KhoangCachDung"  was declared but never referenced
  	int KhoangCachDung = 5000;
..\DieuKhienCoCau.h(493): warning:  #177-D: variable "KhoangCachDaTien"  was declared but never referenced
  	int KhoangCachDaTien = 0;
..\DieuKhienCoCau.h(494): warning:  #177-D: variable "HuongChay"  was declared but never referenced
  	int HuongChay = 0;
..\DieuKhienCoCau.h(1162): warning:  #177-D: variable "x"  was declared but never referenced
  	int x, y;
..\DieuKhienCoCau.h(1162): warning:  #177-D: variable "y"  was declared but never referenced
  	int x, y;
..\DieuKhienCoCau.h(1163): warning:  #177-D: variable "goc_ACB"  was declared but never referenced
  	double goc_ACB, goc_DCB,DB;
..\DieuKhienCoCau.h(1163): warning:  #177-D: variable "goc_DCB"  was declared but never referenced
  	double goc_ACB, goc_DCB,DB;
..\DieuKhienCoCau.h(1163): warning:  #177-D: variable "DB"  was declared but never referenced
  	double goc_ACB, goc_DCB,DB;
..\DieuKhienCoCau.h(1164): warning:  #177-D: variable "he_so_dcb"  was declared but never referenced
  	float he_so_dcb;
..\DieuKhienCoCau.h(1165): warning:  #177-D: variable "taget_bien_tro_giua_ro"  was declared but never referenced
  	int taget_bien_tro_giua_ro;
..\DieuKhienCoCau.h(1222): warning:  #1-D: last line of file ends without a newline
  	}
..\San_Xanh.h(30): warning:  #1035-D: single-precision operand implicitly converted to double-precision
  			filtered_lazeValue = (SMOOTHING_FACTOR * (lazeTruocValue_Ban - (received_offset)) + ((1 - SMOOTHING_FACTOR) * filtered_lazeValue));
..\San_Xanh.h(25): warning:  #177-D: variable "gocBan"  was declared but never referenced
      float gocBan = 0;
..\San_Do.h(2): warning:  #47-D: incompatible redefinition of macro "MOCCU"  (declared at line 4 of "..\San_Xanh.h")
  #define MOCCU 399  // MOC NHA: 398  // MOC NB: 
..\San_Do.h(3): warning:  #47-D: incompatible redefinition of macro "LUC_TAI_MOC"  (declared at line 6 of "..\San_Xanh.h")
  #define LUC_TAI_MOC 114.5   //108 ,, NB: 
..\San_Do.h(4): warning:  #47-D: incompatible redefinition of macro "LUC_TAI_MOC_XOAY"  (declared at line 7 of "..\San_Xanh.h")
  #define LUC_TAI_MOC_XOAY 118    // 117.5   NB: 
..\San_Do.h(14): warning:  #47-D: incompatible redefinition of macro "A"  (declared at line 18 of "..\San_Xanh.h")
  #define A 48    // NB 49
..\San_Do.h(16): warning:  #47-D: incompatible redefinition of macro "B"  (declared at line 20 of "..\San_Xanh.h")
  #define B (log((float) (LUC_TAI_MOC + cong_tru_luc) / A) / MOCCU)
..\San_Do.h(26): warning:  #1035-D: single-precision operand implicitly converted to double-precision
  			filtered_lazeValue = (SMOOTHING_FACTOR * lazeTruocValue_Ban  + ((1 - SMOOTHING_FACTOR) * filtered_lazeValue));
..\San_Do.h(38): warning:  #1035-D: single-precision operand implicitly converted to double-precision
  			if (lazeTruocValue_Ban >= 607 && lazeTruocValue_Ban < 613  ) {lucBan -= 2.2;}
..\San_Do.h(39): warning:  #1035-D: single-precision operand implicitly converted to double-precision
  		else if (lazeTruocValue_Ban >= 613 && lazeTruocValue_Ban < 620  ) {lucBan -= 3.2;}
..\San_Do.h(40): warning:  #1035-D: single-precision operand implicitly converted to double-precision
  		else if (lazeTruocValue_Ban >= 620 && lazeTruocValue_Ban < 630  ) {lucBan -= 4.3;}
..\San_Do.h(42): warning:  #1035-D: single-precision operand implicitly converted to double-precision
  		else if (lazeTruocValue_Ban >= 640 && lazeTruocValue_Ban < 650  ) {lucBan -= 8.5;}
..\San_Do.h(20): warning:  #177-D: variable "gocBan"  was declared but never referenced
      float gocBan = 0;
..\San_Do.h(59): warning:  #1-D: last line of file ends without a newline
  	
..\main.c(130): warning:  #174-D: expression has no effect
  	target_BT_Xoay ;
..\main.c: 56 warnings, 0 errors
linking...
Program Size: Code=55296 RO-data=1080 RW-data=1204 ZI-data=30444  
FromELF: creating hex file...
".\Project\Project.axf" - 0 Error(s), 56 Warning(s).

<h2>Software Packages used:</h2>

Package Vendor: ARM
                http://www.keil.com/pack/ARM.CMSIS.5.7.0.pack
                ARM.CMSIS.5.7.0
                CMSIS (Cortex Microcontroller Software Interface Standard)
   * Component: CORE Version: 5.4.0

Package Vendor: Keil
                https://www.keil.com/pack/Keil.STM32F4xx_DFP.3.0.0.pack
                Keil.STM32F4xx_DFP.3.0.0
                STMicroelectronics STM32F4 Series Device Support

<h2>Collection of Component include folders:</h2>
  .\RTE\_Project
  D:\keilc\pack\ARM\CMSIS\5.7.0\CMSIS\Core\Include

<h2>Collection of Component Files used:</h2>

   * Component: ARM::CMSIS:CORE:5.4.0
Build Time Elapsed:  00:00:01
</pre>
</body>
</html>
