<!doctype html public "-//w3c//dtd html 4.0 transitional//en">
<html><head>
<title>Static Call Graph - [.\Output\Project.axf]</title></head>
<body><HR>
<H1>Static Call Graph for image .\Output\Project.axf</H1><HR>
<BR><P>#&#060CALLGRAPH&#062# ARM Linker, 5060750: Last Updated: Fri May 16 15:53:20 2025
<BR><P>
<H3>Maximum Stack Usage =       1488 bytes + Unknown(Cycles, Untraceable Function Pointers)</H3><H3>
Call chain for Maximum Stack Depth:</H3>
f_setcfg &rArr; tag_start &rArr; tag_pdoa_task &rArr;  tag_pdoa_task (Cycle)
<P>
<H3>
Mutually Recursive functions
</H3> <LI><a href="#[110]">dwt_readfromdevice</a>&nbsp;&nbsp;&nbsp;&rArr;&nbsp;&nbsp;&nbsp;<a href="#[111]">dwt_xfer3000</a><BR>
 <LI><a href="#[2a8]">tag_pdoa_task</a>&nbsp;&nbsp;&nbsp;&rArr;&nbsp;&nbsp;&nbsp;<a href="#[2a8]">tag_pdoa_task</a><BR>
 <LI><a href="#[28e]">node_pdoa_task</a>&nbsp;&nbsp;&nbsp;&rArr;&nbsp;&nbsp;&nbsp;<a href="#[28e]">node_pdoa_task</a><BR>
 <LI><a href="#[35]">ADC1_2_IRQHandler</a>&nbsp;&nbsp;&nbsp;&rArr;&nbsp;&nbsp;&nbsp;<a href="#[35]">ADC1_2_IRQHandler</a><BR>
</UL>
<P>
<H3>
Function Pointers
</H3><UL>
 <LI><a href="#[35]">ADC1_2_IRQHandler</a> from startup_stm32f10x_md.o(.text) referenced from startup_stm32f10x_md.o(RESET)
 <LI><a href="#[12]">AT_CmdFunc_ANCHOR_GPIOTEST</a> from ait_cmd.o(.text) referenced 2 times from ait_cmd.o(.data)
 <LI><a href="#[18]">AT_CmdFunc_AT</a> from ait_cmd.o(.text) referenced 2 times from ait_cmd.o(.data)
 <LI><a href="#[16]">AT_CmdFunc_FACTORY</a> from ait_cmd.o(.text) referenced 2 times from ait_cmd.o(.data)
 <LI><a href="#[17]">AT_CmdFunc_GETWORKMODE</a> from ait_cmd.o(.text) referenced 2 times from ait_cmd.o(.data)
 <LI><a href="#[13]">AT_CmdFunc_RFTEST</a> from ait_cmd.o(.text) referenced 2 times from ait_cmd.o(.data)
 <LI><a href="#[14]">AT_CmdFunc_RSSI</a> from ait_cmd.o(.text) referenced 2 times from ait_cmd.o(.data)
 <LI><a href="#[11]">AT_CmdFunc_RST</a> from ait_cmd.o(.text) referenced 2 times from ait_cmd.o(.data)
 <LI><a href="#[15]">AT_CmdFunc_UwbMac</a> from ait_cmd.o(.text) referenced 2 times from ait_cmd.o(.data)
 <LI><a href="#[10]">AT_CmdFunc_version</a> from ait_cmd.o(.text) referenced 2 times from ait_cmd.o(.data)
 <LI><a href="#[1d]">BusFault_Handler</a> from stm32f10x_it.o(.text) referenced from startup_stm32f10x_md.o(RESET)
 <LI><a href="#[38]">CAN1_RX1_IRQHandler</a> from startup_stm32f10x_md.o(.text) referenced from startup_stm32f10x_md.o(RESET)
 <LI><a href="#[39]">CAN1_SCE_IRQHandler</a> from startup_stm32f10x_md.o(.text) referenced from startup_stm32f10x_md.o(RESET)
 <LI><a href="#[2e]">DMA1_Channel1_IRQHandler</a> from startup_stm32f10x_md.o(.text) referenced from startup_stm32f10x_md.o(RESET)
 <LI><a href="#[2f]">DMA1_Channel2_IRQHandler</a> from startup_stm32f10x_md.o(.text) referenced from startup_stm32f10x_md.o(RESET)
 <LI><a href="#[30]">DMA1_Channel3_IRQHandler</a> from startup_stm32f10x_md.o(.text) referenced from startup_stm32f10x_md.o(RESET)
 <LI><a href="#[31]">DMA1_Channel4_IRQHandler</a> from generic_cmd.o(.text) referenced from startup_stm32f10x_md.o(RESET)
 <LI><a href="#[32]">DMA1_Channel5_IRQHandler</a> from generic_cmd.o(.text) referenced from startup_stm32f10x_md.o(RESET)
 <LI><a href="#[33]">DMA1_Channel6_IRQHandler</a> from startup_stm32f10x_md.o(.text) referenced from startup_stm32f10x_md.o(RESET)
 <LI><a href="#[34]">DMA1_Channel7_IRQHandler</a> from startup_stm32f10x_md.o(.text) referenced from startup_stm32f10x_md.o(RESET)
 <LI><a href="#[20]">DebugMon_Handler</a> from stm32f10x_it.o(.text) referenced from startup_stm32f10x_md.o(RESET)
 <LI><a href="#[1]">EP1_IN_Callback</a> from usb_endp.o(.text) referenced 2 times from usb_istr.o(.data)
 <LI><a href="#[3]">EP3_OUT_Callback</a> from usb_endp.o(.text) referenced 2 times from usb_istr.o(.data)
 <LI><a href="#[29]">EXTI0_IRQHandler</a> from startup_stm32f10x_md.o(.text) referenced from startup_stm32f10x_md.o(RESET)
 <LI><a href="#[4b]">EXTI15_10_IRQHandler</a> from startup_stm32f10x_md.o(.text) referenced from startup_stm32f10x_md.o(RESET)
 <LI><a href="#[2a]">EXTI1_IRQHandler</a> from startup_stm32f10x_md.o(.text) referenced from startup_stm32f10x_md.o(RESET)
 <LI><a href="#[2b]">EXTI2_IRQHandler</a> from startup_stm32f10x_md.o(.text) referenced from startup_stm32f10x_md.o(RESET)
 <LI><a href="#[2c]">EXTI3_IRQHandler</a> from startup_stm32f10x_md.o(.text) referenced from startup_stm32f10x_md.o(RESET)
 <LI><a href="#[2d]">EXTI4_IRQHandler</a> from startup_stm32f10x_md.o(.text) referenced from startup_stm32f10x_md.o(RESET)
 <LI><a href="#[3a]">EXTI9_5_IRQHandler</a> from stm32f10x_it.o(.text) referenced from startup_stm32f10x_md.o(RESET)
 <LI><a href="#[27]">FLASH_IRQHandler</a> from startup_stm32f10x_md.o(.text) referenced from startup_stm32f10x_md.o(RESET)
 <LI><a href="#[1b]">HardFault_Handler</a> from stm32f10x_it.o(.text) referenced from startup_stm32f10x_md.o(RESET)
 <LI><a href="#[43]">I2C1_ER_IRQHandler</a> from startup_stm32f10x_md.o(.text) referenced from startup_stm32f10x_md.o(RESET)
 <LI><a href="#[42]">I2C1_EV_IRQHandler</a> from startup_stm32f10x_md.o(.text) referenced from startup_stm32f10x_md.o(RESET)
 <LI><a href="#[45]">I2C2_ER_IRQHandler</a> from startup_stm32f10x_md.o(.text) referenced from startup_stm32f10x_md.o(RESET)
 <LI><a href="#[44]">I2C2_EV_IRQHandler</a> from startup_stm32f10x_md.o(.text) referenced from startup_stm32f10x_md.o(RESET)
 <LI><a href="#[1c]">MemManage_Handler</a> from stm32f10x_it.o(.text) referenced from startup_stm32f10x_md.o(RESET)
 <LI><a href="#[1a]">NMI_Handler</a> from stm32f10x_it.o(.text) referenced from startup_stm32f10x_md.o(RESET)
 <LI><a href="#[2]">NOP_Process</a> from usb_core.o(.text) referenced 38 times from usb_istr.o(.data)
 <LI><a href="#[24]">PVD_IRQHandler</a> from startup_stm32f10x_md.o(.text) referenced from startup_stm32f10x_md.o(RESET)
 <LI><a href="#[21]">PendSV_Handler</a> from stm32f10x_it.o(.text) referenced from startup_stm32f10x_md.o(RESET)
 <LI><a href="#[28]">RCC_IRQHandler</a> from startup_stm32f10x_md.o(.text) referenced from startup_stm32f10x_md.o(RESET)
 <LI><a href="#[4c]">RTCAlarm_IRQHandler</a> from startup_stm32f10x_md.o(.text) referenced from startup_stm32f10x_md.o(RESET)
 <LI><a href="#[26]">RTC_IRQHandler</a> from startup_stm32f10x_md.o(.text) referenced from startup_stm32f10x_md.o(RESET)
 <LI><a href="#[19]">Reset_Handler</a> from startup_stm32f10x_md.o(.text) referenced from startup_stm32f10x_md.o(RESET)
 <LI><a href="#[46]">SPI1_IRQHandler</a> from startup_stm32f10x_md.o(.text) referenced from startup_stm32f10x_md.o(RESET)
 <LI><a href="#[47]">SPI2_IRQHandler</a> from startup_stm32f10x_md.o(.text) referenced from startup_stm32f10x_md.o(RESET)
 <LI><a href="#[1f]">SVC_Handler</a> from stm32f10x_it.o(.text) referenced from startup_stm32f10x_md.o(RESET)
 <LI><a href="#[1dd]">Standard_GetConfiguration</a> from usb_core.o(.text) referenced from usb_core.o(.text)
 <LI><a href="#[1de]">Standard_GetInterface</a> from usb_core.o(.text) referenced from usb_core.o(.text)
 <LI><a href="#[1dc]">Standard_GetStatus</a> from usb_core.o(.text) referenced from usb_core.o(.text)
 <LI><a href="#[22]">SysTick_Handler</a> from stm32f10x_it.o(.text) referenced from startup_stm32f10x_md.o(RESET)
 <LI><a href="#[4f]">SystemInit</a> from system_stm32f10x.o(.text) referenced from startup_stm32f10x_md.o(.text)
 <LI><a href="#[25]">TAMPER_IRQHandler</a> from startup_stm32f10x_md.o(.text) referenced from startup_stm32f10x_md.o(RESET)
 <LI><a href="#[3b]">TIM1_BRK_IRQHandler</a> from startup_stm32f10x_md.o(.text) referenced from startup_stm32f10x_md.o(RESET)
 <LI><a href="#[3e]">TIM1_CC_IRQHandler</a> from startup_stm32f10x_md.o(.text) referenced from startup_stm32f10x_md.o(RESET)
 <LI><a href="#[3d]">TIM1_TRG_COM_IRQHandler</a> from startup_stm32f10x_md.o(.text) referenced from startup_stm32f10x_md.o(RESET)
 <LI><a href="#[3c]">TIM1_UP_IRQHandler</a> from startup_stm32f10x_md.o(.text) referenced from startup_stm32f10x_md.o(RESET)
 <LI><a href="#[3f]">TIM2_IRQHandler</a> from stm32f10x_it.o(.text) referenced from startup_stm32f10x_md.o(RESET)
 <LI><a href="#[40]">TIM3_IRQHandler</a> from startup_stm32f10x_md.o(.text) referenced from startup_stm32f10x_md.o(RESET)
 <LI><a href="#[41]">TIM4_IRQHandler</a> from startup_stm32f10x_md.o(.text) referenced from startup_stm32f10x_md.o(RESET)
 <LI><a href="#[48]">USART1_IRQHandler</a> from startup_stm32f10x_md.o(.text) referenced from startup_stm32f10x_md.o(RESET)
 <LI><a href="#[49]">USART2_IRQHandler</a> from hal_usart.o(.text) referenced from startup_stm32f10x_md.o(RESET)
 <LI><a href="#[4a]">USART3_IRQHandler</a> from startup_stm32f10x_md.o(.text) referenced from startup_stm32f10x_md.o(RESET)
 <LI><a href="#[4d]">USBWakeUp_IRQHandler</a> from usb_it.o(.text) referenced from startup_stm32f10x_md.o(RESET)
 <LI><a href="#[36]">USB_HP_CAN1_TX_IRQHandler</a> from startup_stm32f10x_md.o(.text) referenced from startup_stm32f10x_md.o(RESET)
 <LI><a href="#[37]">USB_LP_CAN1_RX0_IRQHandler</a> from usb_it.o(.text) referenced from startup_stm32f10x_md.o(RESET)
 <LI><a href="#[1e]">UsageFault_Handler</a> from stm32f10x_it.o(.text) referenced from startup_stm32f10x_md.o(RESET)
 <LI><a href="#[8]">Virtual_Com_Port_Data_Setup</a> from usb_prop.o(.text) referenced 2 times from usb_prop.o(.data)
 <LI><a href="#[c]">Virtual_Com_Port_GetConfigDescriptor</a> from usb_prop.o(.text) referenced 2 times from usb_prop.o(.data)
 <LI><a href="#[b]">Virtual_Com_Port_GetDeviceDescriptor</a> from usb_prop.o(.text) referenced 2 times from usb_prop.o(.data)
 <LI><a href="#[1cc]">Virtual_Com_Port_GetLineCoding</a> from usb_prop.o(.text) referenced from usb_prop.o(.text)
 <LI><a href="#[d]">Virtual_Com_Port_GetStringDescriptor</a> from usb_prop.o(.text) referenced 2 times from usb_prop.o(.data)
 <LI><a href="#[a]">Virtual_Com_Port_Get_Interface_Setting</a> from usb_prop.o(.text) referenced 2 times from usb_prop.o(.data)
 <LI><a href="#[9]">Virtual_Com_Port_NoData_Setup</a> from usb_prop.o(.text) referenced 2 times from usb_prop.o(.data)
 <LI><a href="#[5]">Virtual_Com_Port_Reset</a> from usb_prop.o(.text) referenced 2 times from usb_prop.o(.data)
 <LI><a href="#[e]">Virtual_Com_Port_SetConfiguration</a> from usb_prop.o(.text) referenced 2 times from usb_prop.o(.data)
 <LI><a href="#[f]">Virtual_Com_Port_SetDeviceAddress</a> from usb_prop.o(.text) referenced 2 times from usb_prop.o(.data)
 <LI><a href="#[1cd]">Virtual_Com_Port_SetLineCoding</a> from usb_prop.o(.text) referenced from usb_prop.o(.text)
 <LI><a href="#[6]">Virtual_Com_Port_Status_In</a> from usb_prop.o(.text) referenced 2 times from usb_prop.o(.data)
 <LI><a href="#[7]">Virtual_Com_Port_Status_Out</a> from usb_prop.o(.text) referenced 2 times from usb_prop.o(.data)
 <LI><a href="#[4]">Virtual_Com_Port_init</a> from usb_prop.o(.text) referenced 2 times from usb_prop.o(.data)
 <LI><a href="#[23]">WWDG_IRQHandler</a> from startup_stm32f10x_md.o(.text) referenced from startup_stm32f10x_md.o(RESET)
 <LI><a href="#[50]">__main</a> from entry.o(.ARM.Collect$$$$00000000) referenced from startup_stm32f10x_md.o(.text)
 <LI><a href="#[52]">_sbackspace</a> from _sgetc.o(.text) referenced from strtod.o(.text)
 <LI><a href="#[51]">_sgetc</a> from _sgetc.o(.text) referenced from strtod.o(.text)
 <LI><a href="#[54]">_snputc</a> from printfa.o(i._snputc) referenced from printfa.o(i.__0snprintf)
 <LI><a href="#[54]">_snputc</a> from printfa.o(i._snputc) referenced from printfa.o(i.__0vsnprintf)
 <LI><a href="#[55]">_sputc</a> from printfa.o(i._sputc) referenced from printfa.o(i.__0sprintf)
 <LI><a href="#[67]">f_addtag</a> from cmd_fn.o(.text) referenced from cmd_fn.o(.constdata)
 <LI><a href="#[64]">f_deca</a> from cmd_fn.o(.text) referenced from cmd_fn.o(.constdata)
 <LI><a href="#[68]">f_deltag</a> from cmd_fn.o(.text) referenced from cmd_fn.o(.constdata)
 <LI><a href="#[63]">f_distance</a> from cmd_fn.o(.text) referenced from cmd_fn.o(.constdata)
 <LI><a href="#[6b]">f_filter</a> from cmd_fn.o(.text) referenced from cmd_fn.o(.constdata)
 <LI><a href="#[5a]">f_getcfg</a> from cmd_fn.o(.text) referenced from cmd_fn.o(.constdata)
 <LI><a href="#[5c]">f_getdev</a> from cmd_fn.o(.text) referenced from cmd_fn.o(.constdata)
 <LI><a href="#[65]">f_getdlist</a> from cmd_fn.o(.text) referenced from cmd_fn.o(.constdata)
 <LI><a href="#[70]">f_getewbmode</a> from cmd_fn.o(.text) referenced from cmd_fn.o(.constdata)
 <LI><a href="#[66]">f_getklist</a> from cmd_fn.o(.text) referenced from cmd_fn.o(.constdata)
 <LI><a href="#[60]">f_getsensor</a> from cmd_fn.o(.text) referenced from cmd_fn.o(.constdata)
 <LI><a href="#[56]">f_getver</a> from cmd_fn.o(.text) referenced from cmd_fn.o(.constdata)
 <LI><a href="#[5e]">f_getworkmode</a> from cmd_fn.o(.text) referenced from cmd_fn.o(.constdata)
 <LI><a href="#[6d]">f_pdoagetcfg</a> from cmd_fn.o(.text) referenced from cmd_fn.o(.constdata)
 <LI><a href="#[69]">f_pdoaoff</a> from cmd_fn.o(.text) referenced from cmd_fn.o(.constdata)
 <LI><a href="#[6c]">f_pdoasetcfg</a> from cmd_fn.o(.text) referenced from cmd_fn.o(.constdata)
 <LI><a href="#[58]">f_restart</a> from cmd_fn.o(.text) referenced from cmd_fn.o(.constdata)
 <LI><a href="#[59]">f_restore</a> from cmd_fn.o(.text) referenced from cmd_fn.o(.constdata)
 <LI><a href="#[6a]">f_rngoff</a> from cmd_fn.o(.text) referenced from cmd_fn.o(.constdata)
 <LI><a href="#[57]">f_save</a> from cmd_fn.o(.text) referenced from cmd_fn.o(.constdata)
 <LI><a href="#[5b]">f_setcfg</a> from cmd_fn.o(.text) referenced from cmd_fn.o(.constdata)
 <LI><a href="#[5d]">f_setdev</a> from cmd_fn.o(.text) referenced from cmd_fn.o(.constdata)
 <LI><a href="#[71]">f_setuwbmode</a> from cmd_fn.o(.text) referenced from cmd_fn.o(.constdata)
 <LI><a href="#[5f]">f_setworkmode</a> from cmd_fn.o(.text) referenced from cmd_fn.o(.constdata)
 <LI><a href="#[72]">f_test</a> from cmd_fn.o(.text) referenced from cmd_fn.o(.constdata)
 <LI><a href="#[61]">f_testled</a> from cmd_fn.o(.text) referenced from cmd_fn.o(.constdata)
 <LI><a href="#[62]">f_testoled</a> from cmd_fn.o(.text) referenced from cmd_fn.o(.constdata)
 <LI><a href="#[6e]">f_uart_rate</a> from cmd_fn.o(.text) referenced from cmd_fn.o(.constdata)
 <LI><a href="#[6f]">f_user_cmd</a> from cmd_fn.o(.text) referenced from cmd_fn.o(.constdata)
 <LI><a href="#[53]">isspace</a> from isspace_o.o(.text) referenced from strtod.o(.text)
 <LI><a href="#[4e]">main</a> from main.o(.text) referenced from entry9a.o(.ARM.Collect$$$$0000000B)
 <LI><a href="#[28b]">twr_rx_error_cb</a> from node.o(.text) referenced from node.o(.text)
 <LI><a href="#[289]">twr_rx_node_cb</a> from node.o(.text) referenced from node.o(.text)
 <LI><a href="#[29f]">twr_rx_tag_cb</a> from tag.o(.text) referenced from tag.o(.text)
 <LI><a href="#[2a1]">twr_rx_tag_error_cb</a> from tag.o(.text) referenced from tag.o(.text)
 <LI><a href="#[2a0]">twr_rx_tag_timeout_cb</a> from tag.o(.text) referenced from tag.o(.text)
 <LI><a href="#[28a]">twr_rx_timeout_cb</a> from node.o(.text) referenced from node.o(.text)
 <LI><a href="#[288]">twr_tx_node_cb</a> from node.o(.text) referenced from node.o(.text)
 <LI><a href="#[29e]">twr_tx_tag_cb</a> from tag.o(.text) referenced from tag.o(.text)
</UL>
<P>
<H3>
Global Symbols
</H3>
<P><STRONG><a name="[50]"></a>__main</STRONG> (Thumb, 0 bytes, Stack size unknown bytes, entry.o(.ARM.Collect$$$$00000000))
<BR>[Address Reference Count : 1]<UL><LI> startup_stm32f10x_md.o(.text)
</UL>
<P><STRONG><a name="[2e2]"></a>_main_stk</STRONG> (Thumb, 0 bytes, Stack size unknown bytes, entry2.o(.ARM.Collect$$$$00000001))

<P><STRONG><a name="[73]"></a>_main_scatterload</STRONG> (Thumb, 0 bytes, Stack size unknown bytes, entry5.o(.ARM.Collect$$$$00000004))
<BR><BR>[Calls]<UL><LI><a href="#[74]">&gt;&gt;</a>&nbsp;&nbsp;&nbsp;__scatterload
</UL>

<P><STRONG><a name="[2c8]"></a>__main_after_scatterload</STRONG> (Thumb, 0 bytes, Stack size unknown bytes, entry5.o(.ARM.Collect$$$$00000004))
<BR><BR>[Called By]<UL><LI><a href="#[74]">&gt;&gt;</a>&nbsp;&nbsp;&nbsp;__scatterload
</UL>

<P><STRONG><a name="[2e3]"></a>_main_clock</STRONG> (Thumb, 0 bytes, Stack size unknown bytes, entry7b.o(.ARM.Collect$$$$00000008))

<P><STRONG><a name="[2e4]"></a>_main_cpp_init</STRONG> (Thumb, 0 bytes, Stack size unknown bytes, entry8b.o(.ARM.Collect$$$$0000000A))

<P><STRONG><a name="[2e5]"></a>_main_init</STRONG> (Thumb, 0 bytes, Stack size unknown bytes, entry9a.o(.ARM.Collect$$$$0000000B))

<P><STRONG><a name="[2e6]"></a>__rt_final_cpp</STRONG> (Thumb, 0 bytes, Stack size unknown bytes, entry10a.o(.ARM.Collect$$$$0000000D))

<P><STRONG><a name="[2e7]"></a>__rt_final_exit</STRONG> (Thumb, 0 bytes, Stack size unknown bytes, entry11a.o(.ARM.Collect$$$$0000000F))

<P><STRONG><a name="[79]"></a>string_split</STRONG> (Thumb, 80 bytes, Stack size 20 bytes, cmd.o(.text))
<BR><BR>[Stack]<UL><LI>Max Depth = 20<LI>Call Chain = string_split
</UL>
<BR>[Called By]<UL><LI><a href="#[75]">&gt;&gt;</a>&nbsp;&nbsp;&nbsp;command_parser
</UL>

<P><STRONG><a name="[75]"></a>command_parser</STRONG> (Thumb, 212 bytes, Stack size 168 bytes, cmd.o(.text))
<BR><BR>[Stack]<UL><LI>Max Depth = 216<LI>Call Chain = command_parser &rArr; _dbg_printf &rArr; USART1_SendBuffer
</UL>
<BR>[Calls]<UL><LI><a href="#[7a]">&gt;&gt;</a>&nbsp;&nbsp;&nbsp;_dbg_printf
<LI><a href="#[79]">&gt;&gt;</a>&nbsp;&nbsp;&nbsp;string_split
<LI><a href="#[78]">&gt;&gt;</a>&nbsp;&nbsp;&nbsp;strlen
<LI><a href="#[77]">&gt;&gt;</a>&nbsp;&nbsp;&nbsp;strstr
<LI><a href="#[76]">&gt;&gt;</a>&nbsp;&nbsp;&nbsp;__aeabi_memclr4
</UL>
<BR>[Called By]<UL><LI><a href="#[a3]">&gt;&gt;</a>&nbsp;&nbsp;&nbsp;App_Module_Process_USB_CMD
<LI><a href="#[a4]">&gt;&gt;</a>&nbsp;&nbsp;&nbsp;App_Module_Process_USART_CMD
</UL>

<P><STRONG><a name="[56]"></a>f_getver</STRONG> (Thumb, 42 bytes, Stack size 72 bytes, cmd_fn.o(.text))
<BR><BR>[Stack]<UL><LI>Max Depth = 136<LI>Call Chain = f_getver &rArr; port_tx_msg &rArr; App_Module_Uart_Send &rArr; USART1_SendBuffer
</UL>
<BR>[Calls]<UL><LI><a href="#[7c]">&gt;&gt;</a>&nbsp;&nbsp;&nbsp;port_tx_msg
<LI><a href="#[7b]">&gt;&gt;</a>&nbsp;&nbsp;&nbsp;__2sprintf
<LI><a href="#[78]">&gt;&gt;</a>&nbsp;&nbsp;&nbsp;strlen
<LI><a href="#[76]">&gt;&gt;</a>&nbsp;&nbsp;&nbsp;__aeabi_memclr4
</UL>
<BR>[Address Reference Count : 1]<UL><LI> cmd_fn.o(.constdata)
</UL>
<P><STRONG><a name="[57]"></a>f_save</STRONG> (Thumb, 20 bytes, Stack size 0 bytes, cmd_fn.o(.text))
<BR><BR>[Stack]<UL><LI>Max Depth = 60<LI>Call Chain = f_save &rArr; App_Module_Sys_Write_NVM &rArr; HalWrite_Flash &rArr; FLASH_ProgramWord &rArr; FLASH_WaitForLastOperation
</UL>
<BR>[Calls]<UL><LI><a href="#[7e]">&gt;&gt;</a>&nbsp;&nbsp;&nbsp;HalDelay_nMs
<LI><a href="#[7d]">&gt;&gt;</a>&nbsp;&nbsp;&nbsp;App_Module_Sys_Write_NVM
<LI><a href="#[7f]">&gt;&gt;</a>&nbsp;&nbsp;&nbsp;__NVIC_SystemReset
<LI><a href="#[7a]">&gt;&gt;</a>&nbsp;&nbsp;&nbsp;_dbg_printf
</UL>
<BR>[Address Reference Count : 1]<UL><LI> cmd_fn.o(.constdata)
</UL>
<P><STRONG><a name="[59]"></a>f_restore</STRONG> (Thumb, 24 bytes, Stack size 0 bytes, cmd_fn.o(.text))
<BR><BR>[Stack]<UL><LI>Max Depth = 60<LI>Call Chain = f_restore &rArr; App_Module_Sys_Write_NVM &rArr; HalWrite_Flash &rArr; FLASH_ProgramWord &rArr; FLASH_WaitForLastOperation
</UL>
<BR>[Calls]<UL><LI><a href="#[7e]">&gt;&gt;</a>&nbsp;&nbsp;&nbsp;HalDelay_nMs
<LI><a href="#[80]">&gt;&gt;</a>&nbsp;&nbsp;&nbsp;App_Module_sys_para_Init
<LI><a href="#[7d]">&gt;&gt;</a>&nbsp;&nbsp;&nbsp;App_Module_Sys_Write_NVM
<LI><a href="#[7f]">&gt;&gt;</a>&nbsp;&nbsp;&nbsp;__NVIC_SystemReset
<LI><a href="#[7a]">&gt;&gt;</a>&nbsp;&nbsp;&nbsp;_dbg_printf
</UL>
<BR>[Address Reference Count : 1]<UL><LI> cmd_fn.o(.constdata)
</UL>
<P><STRONG><a name="[58]"></a>f_restart</STRONG> (Thumb, 10 bytes, Stack size 0 bytes, cmd_fn.o(.text))
<BR><BR>[Stack]<UL><LI>Max Depth = 48<LI>Call Chain = f_restart &rArr; _dbg_printf &rArr; USART1_SendBuffer
</UL>
<BR>[Calls]<UL><LI><a href="#[7f]">&gt;&gt;</a>&nbsp;&nbsp;&nbsp;__NVIC_SystemReset
<LI><a href="#[7a]">&gt;&gt;</a>&nbsp;&nbsp;&nbsp;_dbg_printf
</UL>
<BR>[Address Reference Count : 1]<UL><LI> cmd_fn.o(.constdata)
</UL>
<P><STRONG><a name="[5b]"></a>f_setcfg</STRONG> (Thumb, 226 bytes, Stack size 288 bytes, cmd_fn.o(.text))
<BR><BR>[Stack]<UL><LI>Max Depth = 1488<LI>Call Chain = f_setcfg &rArr; tag_start &rArr; tag_pdoa_task &rArr;  tag_pdoa_task (Cycle)
</UL>
<BR>[Calls]<UL><LI><a href="#[82]">&gt;&gt;</a>&nbsp;&nbsp;&nbsp;tag_start
<LI><a href="#[7c]">&gt;&gt;</a>&nbsp;&nbsp;&nbsp;port_tx_msg
<LI><a href="#[83]">&gt;&gt;</a>&nbsp;&nbsp;&nbsp;node_start
<LI><a href="#[7a]">&gt;&gt;</a>&nbsp;&nbsp;&nbsp;_dbg_printf
<LI><a href="#[81]">&gt;&gt;</a>&nbsp;&nbsp;&nbsp;atoi
<LI><a href="#[7b]">&gt;&gt;</a>&nbsp;&nbsp;&nbsp;__2sprintf
<LI><a href="#[78]">&gt;&gt;</a>&nbsp;&nbsp;&nbsp;strlen
<LI><a href="#[76]">&gt;&gt;</a>&nbsp;&nbsp;&nbsp;__aeabi_memclr4
</UL>
<BR>[Address Reference Count : 1]<UL><LI> cmd_fn.o(.constdata)
</UL>
<P><STRONG><a name="[5a]"></a>f_getcfg</STRONG> (Thumb, 78 bytes, Stack size 280 bytes, cmd_fn.o(.text))
<BR><BR>[Stack]<UL><LI>Max Depth = 344<LI>Call Chain = f_getcfg &rArr; port_tx_msg &rArr; App_Module_Uart_Send &rArr; USART1_SendBuffer
</UL>
<BR>[Calls]<UL><LI><a href="#[7c]">&gt;&gt;</a>&nbsp;&nbsp;&nbsp;port_tx_msg
<LI><a href="#[7b]">&gt;&gt;</a>&nbsp;&nbsp;&nbsp;__2sprintf
<LI><a href="#[78]">&gt;&gt;</a>&nbsp;&nbsp;&nbsp;strlen
<LI><a href="#[76]">&gt;&gt;</a>&nbsp;&nbsp;&nbsp;__aeabi_memclr4
</UL>
<BR>[Address Reference Count : 1]<UL><LI> cmd_fn.o(.constdata)
</UL>
<P><STRONG><a name="[5f]"></a>f_setworkmode</STRONG> (Thumb, 104 bytes, Stack size 80 bytes, cmd_fn.o(.text))
<BR><BR>[Stack]<UL><LI>Max Depth = 184<LI>Call Chain = f_setworkmode &rArr; OLED_CLS &rArr; OLED_Fill &rArr; WriteDat &rArr; I2C_WriteByte &rArr; _dbg_printf &rArr; USART1_SendBuffer
</UL>
<BR>[Calls]<UL><LI><a href="#[7c]">&gt;&gt;</a>&nbsp;&nbsp;&nbsp;port_tx_msg
<LI><a href="#[84]">&gt;&gt;</a>&nbsp;&nbsp;&nbsp;OLED_CLS
<LI><a href="#[7e]">&gt;&gt;</a>&nbsp;&nbsp;&nbsp;HalDelay_nMs
<LI><a href="#[7d]">&gt;&gt;</a>&nbsp;&nbsp;&nbsp;App_Module_Sys_Write_NVM
<LI><a href="#[7f]">&gt;&gt;</a>&nbsp;&nbsp;&nbsp;__NVIC_SystemReset
<LI><a href="#[7a]">&gt;&gt;</a>&nbsp;&nbsp;&nbsp;_dbg_printf
<LI><a href="#[81]">&gt;&gt;</a>&nbsp;&nbsp;&nbsp;atoi
<LI><a href="#[7b]">&gt;&gt;</a>&nbsp;&nbsp;&nbsp;__2sprintf
<LI><a href="#[78]">&gt;&gt;</a>&nbsp;&nbsp;&nbsp;strlen
<LI><a href="#[76]">&gt;&gt;</a>&nbsp;&nbsp;&nbsp;__aeabi_memclr4
</UL>
<BR>[Address Reference Count : 1]<UL><LI> cmd_fn.o(.constdata)
</UL>
<P><STRONG><a name="[5e]"></a>f_getworkmode</STRONG> (Thumb, 44 bytes, Stack size 72 bytes, cmd_fn.o(.text))
<BR><BR>[Stack]<UL><LI>Max Depth = 136<LI>Call Chain = f_getworkmode &rArr; port_tx_msg &rArr; App_Module_Uart_Send &rArr; USART1_SendBuffer
</UL>
<BR>[Calls]<UL><LI><a href="#[7c]">&gt;&gt;</a>&nbsp;&nbsp;&nbsp;port_tx_msg
<LI><a href="#[7b]">&gt;&gt;</a>&nbsp;&nbsp;&nbsp;__2sprintf
<LI><a href="#[78]">&gt;&gt;</a>&nbsp;&nbsp;&nbsp;strlen
<LI><a href="#[76]">&gt;&gt;</a>&nbsp;&nbsp;&nbsp;__aeabi_memclr4
</UL>
<BR>[Address Reference Count : 1]<UL><LI> cmd_fn.o(.constdata)
</UL>
<P><STRONG><a name="[5d]"></a>f_setdev</STRONG> (Thumb, 258 bytes, Stack size 344 bytes, cmd_fn.o(.text))
<BR><BR>[Stack]<UL><LI>Max Depth = 568<LI>Call Chain = f_setdev &rArr; atof &rArr; __strtod_int &rArr; _local_sscanf &rArr; _scanf_real
</UL>
<BR>[Calls]<UL><LI><a href="#[7c]">&gt;&gt;</a>&nbsp;&nbsp;&nbsp;port_tx_msg
<LI><a href="#[87]">&gt;&gt;</a>&nbsp;&nbsp;&nbsp;__aeabi_f2d
<LI><a href="#[86]">&gt;&gt;</a>&nbsp;&nbsp;&nbsp;__aeabi_d2f
<LI><a href="#[81]">&gt;&gt;</a>&nbsp;&nbsp;&nbsp;atoi
<LI><a href="#[7b]">&gt;&gt;</a>&nbsp;&nbsp;&nbsp;__2sprintf
<LI><a href="#[78]">&gt;&gt;</a>&nbsp;&nbsp;&nbsp;strlen
<LI><a href="#[76]">&gt;&gt;</a>&nbsp;&nbsp;&nbsp;__aeabi_memclr4
<LI><a href="#[85]">&gt;&gt;</a>&nbsp;&nbsp;&nbsp;atof
</UL>
<BR>[Address Reference Count : 1]<UL><LI> cmd_fn.o(.constdata)
</UL>
<P><STRONG><a name="[5c]"></a>f_getdev</STRONG> (Thumb, 114 bytes, Stack size 336 bytes, cmd_fn.o(.text))
<BR><BR>[Stack]<UL><LI>Max Depth = 400<LI>Call Chain = f_getdev &rArr; port_tx_msg &rArr; App_Module_Uart_Send &rArr; USART1_SendBuffer
</UL>
<BR>[Calls]<UL><LI><a href="#[7c]">&gt;&gt;</a>&nbsp;&nbsp;&nbsp;port_tx_msg
<LI><a href="#[87]">&gt;&gt;</a>&nbsp;&nbsp;&nbsp;__aeabi_f2d
<LI><a href="#[7b]">&gt;&gt;</a>&nbsp;&nbsp;&nbsp;__2sprintf
<LI><a href="#[78]">&gt;&gt;</a>&nbsp;&nbsp;&nbsp;strlen
<LI><a href="#[76]">&gt;&gt;</a>&nbsp;&nbsp;&nbsp;__aeabi_memclr4
</UL>
<BR>[Address Reference Count : 1]<UL><LI> cmd_fn.o(.constdata)
</UL>
<P><STRONG><a name="[72]"></a>f_test</STRONG> (Thumb, 4 bytes, Stack size 0 bytes, cmd_fn.o(.text))
<BR>[Address Reference Count : 1]<UL><LI> cmd_fn.o(.constdata)
</UL>
<P><STRONG><a name="[60]"></a>f_getsensor</STRONG> (Thumb, 66 bytes, Stack size 72 bytes, cmd_fn.o(.text))
<BR><BR>[Stack]<UL><LI>Max Depth = 360<LI>Call Chain = f_getsensor &rArr; drv_lis2dh12_get_angle &rArr; pow &rArr; __kernel_poly &rArr; __aeabi_dmul &rArr; _double_epilogue &rArr; _double_round
</UL>
<BR>[Calls]<UL><LI><a href="#[7c]">&gt;&gt;</a>&nbsp;&nbsp;&nbsp;port_tx_msg
<LI><a href="#[88]">&gt;&gt;</a>&nbsp;&nbsp;&nbsp;drv_lis2dh12_get_angle
<LI><a href="#[87]">&gt;&gt;</a>&nbsp;&nbsp;&nbsp;__aeabi_f2d
<LI><a href="#[7b]">&gt;&gt;</a>&nbsp;&nbsp;&nbsp;__2sprintf
<LI><a href="#[78]">&gt;&gt;</a>&nbsp;&nbsp;&nbsp;strlen
<LI><a href="#[76]">&gt;&gt;</a>&nbsp;&nbsp;&nbsp;__aeabi_memclr4
</UL>
<BR>[Address Reference Count : 1]<UL><LI> cmd_fn.o(.constdata)
</UL>
<P><STRONG><a name="[61]"></a>f_testled</STRONG> (Thumb, 252 bytes, Stack size 80 bytes, cmd_fn.o(.text))
<BR><BR>[Stack]<UL><LI>Max Depth = 208<LI>Call Chain = f_testled &rArr; flow_light &rArr; dwt_write32bitoffsetreg &rArr; dwt_writetodevice &rArr; dwt_xfer3000 &rArr; _dbg_printf &rArr; USART1_SendBuffer
</UL>
<BR>[Calls]<UL><LI><a href="#[89]">&gt;&gt;</a>&nbsp;&nbsp;&nbsp;flow_light
<LI><a href="#[8a]">&gt;&gt;</a>&nbsp;&nbsp;&nbsp;HalLed_Mode_Set
<LI><a href="#[81]">&gt;&gt;</a>&nbsp;&nbsp;&nbsp;atoi
<LI><a href="#[76]">&gt;&gt;</a>&nbsp;&nbsp;&nbsp;__aeabi_memclr4
</UL>
<BR>[Address Reference Count : 1]<UL><LI> cmd_fn.o(.constdata)
</UL>
<P><STRONG><a name="[8b]"></a>remove_newline_chars</STRONG> (Thumb, 30 bytes, Stack size 0 bytes, cmd_fn.o(.text))
<BR><BR>[Called By]<UL><LI><a href="#[62]">&gt;&gt;</a>&nbsp;&nbsp;&nbsp;f_testoled
</UL>

<P><STRONG><a name="[62]"></a>f_testoled</STRONG> (Thumb, 36 bytes, Stack size 8 bytes, cmd_fn.o(.text))
<BR><BR>[Stack]<UL><LI>Max Depth = 136<LI>Call Chain = f_testoled &rArr; OLED_ShowStr &rArr; OLED_SetPos &rArr; WriteCmd &rArr; I2C_WriteByte &rArr; _dbg_printf &rArr; USART1_SendBuffer
</UL>
<BR>[Calls]<UL><LI><a href="#[8c]">&gt;&gt;</a>&nbsp;&nbsp;&nbsp;OLED_ShowStr
<LI><a href="#[84]">&gt;&gt;</a>&nbsp;&nbsp;&nbsp;OLED_CLS
<LI><a href="#[8b]">&gt;&gt;</a>&nbsp;&nbsp;&nbsp;remove_newline_chars
</UL>
<BR>[Address Reference Count : 1]<UL><LI> cmd_fn.o(.constdata)
</UL>
<P><STRONG><a name="[63]"></a>f_distance</STRONG> (Thumb, 50 bytes, Stack size 72 bytes, cmd_fn.o(.text))
<BR><BR>[Stack]<UL><LI>Max Depth = 136<LI>Call Chain = f_distance &rArr; port_tx_msg &rArr; App_Module_Uart_Send &rArr; USART1_SendBuffer
</UL>
<BR>[Calls]<UL><LI><a href="#[7c]">&gt;&gt;</a>&nbsp;&nbsp;&nbsp;port_tx_msg
<LI><a href="#[87]">&gt;&gt;</a>&nbsp;&nbsp;&nbsp;__aeabi_f2d
<LI><a href="#[7b]">&gt;&gt;</a>&nbsp;&nbsp;&nbsp;__2sprintf
<LI><a href="#[78]">&gt;&gt;</a>&nbsp;&nbsp;&nbsp;strlen
<LI><a href="#[76]">&gt;&gt;</a>&nbsp;&nbsp;&nbsp;__aeabi_memclr4
</UL>
<BR>[Address Reference Count : 1]<UL><LI> cmd_fn.o(.constdata)
</UL>
<P><STRONG><a name="[64]"></a>f_deca</STRONG> (Thumb, 164 bytes, Stack size 272 bytes, cmd_fn.o(.text))
<BR><BR>[Stack]<UL><LI>Max Depth = 336<LI>Call Chain = f_deca &rArr; port_tx_msg &rArr; App_Module_Uart_Send &rArr; USART1_SendBuffer
</UL>
<BR>[Calls]<UL><LI><a href="#[7c]">&gt;&gt;</a>&nbsp;&nbsp;&nbsp;port_tx_msg
<LI><a href="#[7b]">&gt;&gt;</a>&nbsp;&nbsp;&nbsp;__2sprintf
<LI><a href="#[78]">&gt;&gt;</a>&nbsp;&nbsp;&nbsp;strlen
<LI><a href="#[76]">&gt;&gt;</a>&nbsp;&nbsp;&nbsp;__aeabi_memclr4
</UL>
<BR>[Address Reference Count : 1]<UL><LI> cmd_fn.o(.constdata)
</UL>
<P><STRONG><a name="[65]"></a>f_getdlist</STRONG> (Thumb, 140 bytes, Stack size 184 bytes, cmd_fn.o(.text))
<BR><BR>[Stack]<UL><LI>Max Depth = 248<LI>Call Chain = f_getdlist &rArr; port_tx_msg &rArr; App_Module_Uart_Send &rArr; USART1_SendBuffer
</UL>
<BR>[Calls]<UL><LI><a href="#[7c]">&gt;&gt;</a>&nbsp;&nbsp;&nbsp;port_tx_msg
<LI><a href="#[90]">&gt;&gt;</a>&nbsp;&nbsp;&nbsp;initDList
<LI><a href="#[8e]">&gt;&gt;</a>&nbsp;&nbsp;&nbsp;getDList_size
<LI><a href="#[8d]">&gt;&gt;</a>&nbsp;&nbsp;&nbsp;getDList
<LI><a href="#[7b]">&gt;&gt;</a>&nbsp;&nbsp;&nbsp;__2sprintf
<LI><a href="#[8f]">&gt;&gt;</a>&nbsp;&nbsp;&nbsp;__2snprintf
<LI><a href="#[76]">&gt;&gt;</a>&nbsp;&nbsp;&nbsp;__aeabi_memclr4
</UL>
<BR>[Address Reference Count : 1]<UL><LI> cmd_fn.o(.constdata)
</UL>
<P><STRONG><a name="[66]"></a>f_getklist</STRONG> (Thumb, 140 bytes, Stack size 184 bytes, cmd_fn.o(.text))
<BR><BR>[Stack]<UL><LI>Max Depth = 248<LI>Call Chain = f_getklist &rArr; port_tx_msg &rArr; App_Module_Uart_Send &rArr; USART1_SendBuffer
</UL>
<BR>[Calls]<UL><LI><a href="#[7c]">&gt;&gt;</a>&nbsp;&nbsp;&nbsp;port_tx_msg
<LI><a href="#[92]">&gt;&gt;</a>&nbsp;&nbsp;&nbsp;get_knownTagList_size
<LI><a href="#[91]">&gt;&gt;</a>&nbsp;&nbsp;&nbsp;get_knownTagList
<LI><a href="#[93]">&gt;&gt;</a>&nbsp;&nbsp;&nbsp;fill_json_tag
<LI><a href="#[7b]">&gt;&gt;</a>&nbsp;&nbsp;&nbsp;__2sprintf
<LI><a href="#[8f]">&gt;&gt;</a>&nbsp;&nbsp;&nbsp;__2snprintf
<LI><a href="#[78]">&gt;&gt;</a>&nbsp;&nbsp;&nbsp;strlen
<LI><a href="#[76]">&gt;&gt;</a>&nbsp;&nbsp;&nbsp;__aeabi_memclr4
</UL>
<BR>[Address Reference Count : 1]<UL><LI> cmd_fn.o(.constdata)
</UL>
<P><STRONG><a name="[67]"></a>f_addtag</STRONG> (Thumb, 218 bytes, Stack size 192 bytes, cmd_fn.o(.text))
<BR><BR>[Stack]<UL><LI>Max Depth = 280<LI>Call Chain = f_addtag &rArr; atoi &rArr; strtol &rArr; _strtoul
</UL>
<BR>[Calls]<UL><LI><a href="#[7c]">&gt;&gt;</a>&nbsp;&nbsp;&nbsp;port_tx_msg
<LI><a href="#[96]">&gt;&gt;</a>&nbsp;&nbsp;&nbsp;add_tag_to_knownTagList
<LI><a href="#[93]">&gt;&gt;</a>&nbsp;&nbsp;&nbsp;fill_json_tag
<LI><a href="#[81]">&gt;&gt;</a>&nbsp;&nbsp;&nbsp;atoi
<LI><a href="#[94]">&gt;&gt;</a>&nbsp;&nbsp;&nbsp;strtoull
<LI><a href="#[95]">&gt;&gt;</a>&nbsp;&nbsp;&nbsp;strtoul
<LI><a href="#[7b]">&gt;&gt;</a>&nbsp;&nbsp;&nbsp;__2sprintf
<LI><a href="#[78]">&gt;&gt;</a>&nbsp;&nbsp;&nbsp;strlen
<LI><a href="#[76]">&gt;&gt;</a>&nbsp;&nbsp;&nbsp;__aeabi_memclr4
</UL>
<BR>[Address Reference Count : 1]<UL><LI> cmd_fn.o(.constdata)
</UL>
<P><STRONG><a name="[68]"></a>f_deltag</STRONG> (Thumb, 154 bytes, Stack size 184 bytes, cmd_fn.o(.text))
<BR><BR>[Stack]<UL><LI>Max Depth = 272<LI>Call Chain = f_deltag &rArr; strtoull &rArr; __strtoull &rArr; _strtoull
</UL>
<BR>[Calls]<UL><LI><a href="#[7c]">&gt;&gt;</a>&nbsp;&nbsp;&nbsp;port_tx_msg
<LI><a href="#[97]">&gt;&gt;</a>&nbsp;&nbsp;&nbsp;del_tag64_from_knownTagList
<LI><a href="#[98]">&gt;&gt;</a>&nbsp;&nbsp;&nbsp;del_tag16_from_knownTagList
<LI><a href="#[94]">&gt;&gt;</a>&nbsp;&nbsp;&nbsp;strtoull
<LI><a href="#[7b]">&gt;&gt;</a>&nbsp;&nbsp;&nbsp;__2sprintf
<LI><a href="#[78]">&gt;&gt;</a>&nbsp;&nbsp;&nbsp;strlen
<LI><a href="#[76]">&gt;&gt;</a>&nbsp;&nbsp;&nbsp;__aeabi_memclr4
</UL>
<BR>[Address Reference Count : 1]<UL><LI> cmd_fn.o(.constdata)
</UL>
<P><STRONG><a name="[69]"></a>f_pdoaoff</STRONG> (Thumb, 330 bytes, Stack size 8 bytes, cmd_fn.o(.text))
<BR><BR>[Stack]<UL><LI>Max Depth = 96<LI>Call Chain = f_pdoaoff &rArr; atoi &rArr; strtol &rArr; _strtoul
</UL>
<BR>[Calls]<UL><LI><a href="#[81]">&gt;&gt;</a>&nbsp;&nbsp;&nbsp;atoi
</UL>
<BR>[Address Reference Count : 1]<UL><LI> cmd_fn.o(.constdata)
</UL>
<P><STRONG><a name="[6a]"></a>f_rngoff</STRONG> (Thumb, 30 bytes, Stack size 8 bytes, cmd_fn.o(.text))
<BR><BR>[Stack]<UL><LI>Max Depth = 96<LI>Call Chain = f_rngoff &rArr; atoi &rArr; strtol &rArr; _strtoul
</UL>
<BR>[Calls]<UL><LI><a href="#[81]">&gt;&gt;</a>&nbsp;&nbsp;&nbsp;atoi
</UL>
<BR>[Address Reference Count : 1]<UL><LI> cmd_fn.o(.constdata)
</UL>
<P><STRONG><a name="[6b]"></a>f_filter</STRONG> (Thumb, 30 bytes, Stack size 8 bytes, cmd_fn.o(.text))
<BR><BR>[Stack]<UL><LI>Max Depth = 96<LI>Call Chain = f_filter &rArr; atoi &rArr; strtol &rArr; _strtoul
</UL>
<BR>[Calls]<UL><LI><a href="#[81]">&gt;&gt;</a>&nbsp;&nbsp;&nbsp;atoi
</UL>
<BR>[Address Reference Count : 1]<UL><LI> cmd_fn.o(.constdata)
</UL>
<P><STRONG><a name="[6c]"></a>f_pdoasetcfg</STRONG> (Thumb, 186 bytes, Stack size 320 bytes, cmd_fn.o(.text))
<BR><BR>[Stack]<UL><LI>Max Depth = 408<LI>Call Chain = f_pdoasetcfg &rArr; atoi &rArr; strtol &rArr; _strtoul
</UL>
<BR>[Calls]<UL><LI><a href="#[7c]">&gt;&gt;</a>&nbsp;&nbsp;&nbsp;port_tx_msg
<LI><a href="#[81]">&gt;&gt;</a>&nbsp;&nbsp;&nbsp;atoi
<LI><a href="#[7b]">&gt;&gt;</a>&nbsp;&nbsp;&nbsp;__2sprintf
<LI><a href="#[78]">&gt;&gt;</a>&nbsp;&nbsp;&nbsp;strlen
<LI><a href="#[76]">&gt;&gt;</a>&nbsp;&nbsp;&nbsp;__aeabi_memclr4
</UL>
<BR>[Address Reference Count : 1]<UL><LI> cmd_fn.o(.constdata)
</UL>
<P><STRONG><a name="[6d]"></a>f_pdoagetcfg</STRONG> (Thumb, 88 bytes, Stack size 296 bytes, cmd_fn.o(.text))
<BR><BR>[Stack]<UL><LI>Max Depth = 360<LI>Call Chain = f_pdoagetcfg &rArr; port_tx_msg &rArr; App_Module_Uart_Send &rArr; USART1_SendBuffer
</UL>
<BR>[Calls]<UL><LI><a href="#[7c]">&gt;&gt;</a>&nbsp;&nbsp;&nbsp;port_tx_msg
<LI><a href="#[7b]">&gt;&gt;</a>&nbsp;&nbsp;&nbsp;__2sprintf
<LI><a href="#[78]">&gt;&gt;</a>&nbsp;&nbsp;&nbsp;strlen
<LI><a href="#[76]">&gt;&gt;</a>&nbsp;&nbsp;&nbsp;__aeabi_memclr4
</UL>
<BR>[Address Reference Count : 1]<UL><LI> cmd_fn.o(.constdata)
</UL>
<P><STRONG><a name="[6e]"></a>f_uart_rate</STRONG> (Thumb, 30 bytes, Stack size 8 bytes, cmd_fn.o(.text))
<BR><BR>[Stack]<UL><LI>Max Depth = 96<LI>Call Chain = f_uart_rate &rArr; atoi &rArr; strtol &rArr; _strtoul
</UL>
<BR>[Calls]<UL><LI><a href="#[81]">&gt;&gt;</a>&nbsp;&nbsp;&nbsp;atoi
</UL>
<BR>[Address Reference Count : 1]<UL><LI> cmd_fn.o(.constdata)
</UL>
<P><STRONG><a name="[6f]"></a>f_user_cmd</STRONG> (Thumb, 30 bytes, Stack size 8 bytes, cmd_fn.o(.text))
<BR><BR>[Stack]<UL><LI>Max Depth = 96<LI>Call Chain = f_user_cmd &rArr; atoi &rArr; strtol &rArr; _strtoul
</UL>
<BR>[Calls]<UL><LI><a href="#[81]">&gt;&gt;</a>&nbsp;&nbsp;&nbsp;atoi
</UL>
<BR>[Address Reference Count : 1]<UL><LI> cmd_fn.o(.constdata)
</UL>
<P><STRONG><a name="[71]"></a>f_setuwbmode</STRONG> (Thumb, 66 bytes, Stack size 80 bytes, cmd_fn.o(.text))
<BR><BR>[Stack]<UL><LI>Max Depth = 168<LI>Call Chain = f_setuwbmode &rArr; atoi &rArr; strtol &rArr; _strtoul
</UL>
<BR>[Calls]<UL><LI><a href="#[7c]">&gt;&gt;</a>&nbsp;&nbsp;&nbsp;port_tx_msg
<LI><a href="#[81]">&gt;&gt;</a>&nbsp;&nbsp;&nbsp;atoi
<LI><a href="#[78]">&gt;&gt;</a>&nbsp;&nbsp;&nbsp;strlen
<LI><a href="#[76]">&gt;&gt;</a>&nbsp;&nbsp;&nbsp;__aeabi_memclr4
</UL>
<BR>[Address Reference Count : 1]<UL><LI> cmd_fn.o(.constdata)
</UL>
<P><STRONG><a name="[70]"></a>f_getewbmode</STRONG> (Thumb, 44 bytes, Stack size 72 bytes, cmd_fn.o(.text))
<BR><BR>[Stack]<UL><LI>Max Depth = 136<LI>Call Chain = f_getewbmode &rArr; port_tx_msg &rArr; App_Module_Uart_Send &rArr; USART1_SendBuffer
</UL>
<BR>[Calls]<UL><LI><a href="#[7c]">&gt;&gt;</a>&nbsp;&nbsp;&nbsp;port_tx_msg
<LI><a href="#[7b]">&gt;&gt;</a>&nbsp;&nbsp;&nbsp;__2sprintf
<LI><a href="#[78]">&gt;&gt;</a>&nbsp;&nbsp;&nbsp;strlen
<LI><a href="#[76]">&gt;&gt;</a>&nbsp;&nbsp;&nbsp;__aeabi_memclr4
</UL>
<BR>[Address Reference Count : 1]<UL><LI> cmd_fn.o(.constdata)
</UL>
<P><STRONG><a name="[99]"></a>App_Module_sys_para_debug</STRONG> (Thumb, 36 bytes, Stack size 8 bytes, generic.o(.text))
<BR><BR>[Stack]<UL><LI>Max Depth = 56<LI>Call Chain = App_Module_sys_para_debug &rArr; _dbg_printf &rArr; USART1_SendBuffer
</UL>
<BR>[Calls]<UL><LI><a href="#[7a]">&gt;&gt;</a>&nbsp;&nbsp;&nbsp;_dbg_printf
</UL>
<BR>[Called By]<UL><LI><a href="#[a0]">&gt;&gt;</a>&nbsp;&nbsp;&nbsp;App_Module_Init
</UL>

<P><STRONG><a name="[2e8]"></a>Check_Sum</STRONG> (Thumb, 24 bytes, Stack size 8 bytes, generic.o(.text), UNUSED)

<P><STRONG><a name="[80]"></a>App_Module_sys_para_Init</STRONG> (Thumb, 36 bytes, Stack size 0 bytes, generic.o(.text))
<BR><BR>[Calls]<UL><LI><a href="#[9a]">&gt;&gt;</a>&nbsp;&nbsp;&nbsp;__aeabi_memcpy4
</UL>
<BR>[Called By]<UL><LI><a href="#[9e]">&gt;&gt;</a>&nbsp;&nbsp;&nbsp;App_Module_sys_para_read
<LI><a href="#[59]">&gt;&gt;</a>&nbsp;&nbsp;&nbsp;f_restore
</UL>

<P><STRONG><a name="[7d]"></a>App_Module_Sys_Write_NVM</STRONG> (Thumb, 28 bytes, Stack size 8 bytes, generic.o(.text))
<BR><BR>[Stack]<UL><LI>Max Depth = 60<LI>Call Chain = App_Module_Sys_Write_NVM &rArr; HalWrite_Flash &rArr; FLASH_ProgramWord &rArr; FLASH_WaitForLastOperation
</UL>
<BR>[Calls]<UL><LI><a href="#[9b]">&gt;&gt;</a>&nbsp;&nbsp;&nbsp;HalWrite_Flash
<LI><a href="#[7e]">&gt;&gt;</a>&nbsp;&nbsp;&nbsp;HalDelay_nMs
</UL>
<BR>[Called By]<UL><LI><a href="#[9e]">&gt;&gt;</a>&nbsp;&nbsp;&nbsp;App_Module_sys_para_read
<LI><a href="#[5f]">&gt;&gt;</a>&nbsp;&nbsp;&nbsp;f_setworkmode
<LI><a href="#[59]">&gt;&gt;</a>&nbsp;&nbsp;&nbsp;f_restore
<LI><a href="#[57]">&gt;&gt;</a>&nbsp;&nbsp;&nbsp;f_save
<LI><a href="#[1e]">&gt;&gt;</a>&nbsp;&nbsp;&nbsp;UsageFault_Handler
<LI><a href="#[1d]">&gt;&gt;</a>&nbsp;&nbsp;&nbsp;BusFault_Handler
<LI><a href="#[1c]">&gt;&gt;</a>&nbsp;&nbsp;&nbsp;MemManage_Handler
<LI><a href="#[1b]">&gt;&gt;</a>&nbsp;&nbsp;&nbsp;HardFault_Handler
</UL>

<P><STRONG><a name="[9c]"></a>App_Module_Sys_Read_NVM</STRONG> (Thumb, 10 bytes, Stack size 0 bytes, generic.o(.text))
<BR><BR>[Stack]<UL><LI>Max Depth = 8<LI>Call Chain = App_Module_Sys_Read_NVM &rArr; HalRead_Flash
</UL>
<BR>[Calls]<UL><LI><a href="#[9d]">&gt;&gt;</a>&nbsp;&nbsp;&nbsp;HalRead_Flash
</UL>
<BR>[Called By]<UL><LI><a href="#[be]">&gt;&gt;</a>&nbsp;&nbsp;&nbsp;Hal_Driver_Init
<LI><a href="#[9e]">&gt;&gt;</a>&nbsp;&nbsp;&nbsp;App_Module_sys_para_read
</UL>

<P><STRONG><a name="[9e]"></a>App_Module_sys_para_read</STRONG> (Thumb, 124 bytes, Stack size 8 bytes, generic.o(.text))
<BR><BR>[Stack]<UL><LI>Max Depth = 68<LI>Call Chain = App_Module_sys_para_read &rArr; App_Module_Sys_Write_NVM &rArr; HalWrite_Flash &rArr; FLASH_ProgramWord &rArr; FLASH_WaitForLastOperation
</UL>
<BR>[Calls]<UL><LI><a href="#[9b]">&gt;&gt;</a>&nbsp;&nbsp;&nbsp;HalWrite_Flash
<LI><a href="#[9f]">&gt;&gt;</a>&nbsp;&nbsp;&nbsp;GPIO_PinRemapConfig
<LI><a href="#[9c]">&gt;&gt;</a>&nbsp;&nbsp;&nbsp;App_Module_Sys_Read_NVM
<LI><a href="#[7e]">&gt;&gt;</a>&nbsp;&nbsp;&nbsp;HalDelay_nMs
<LI><a href="#[80]">&gt;&gt;</a>&nbsp;&nbsp;&nbsp;App_Module_sys_para_Init
<LI><a href="#[7d]">&gt;&gt;</a>&nbsp;&nbsp;&nbsp;App_Module_Sys_Write_NVM
<LI><a href="#[9a]">&gt;&gt;</a>&nbsp;&nbsp;&nbsp;__aeabi_memcpy4
</UL>
<BR>[Called By]<UL><LI><a href="#[a0]">&gt;&gt;</a>&nbsp;&nbsp;&nbsp;App_Module_Init
</UL>

<P><STRONG><a name="[a0]"></a>App_Module_Init</STRONG> (Thumb, 24 bytes, Stack size 8 bytes, generic.o(.text))
<BR><BR>[Stack]<UL><LI>Max Depth = 76<LI>Call Chain = App_Module_Init &rArr; App_Module_sys_para_read &rArr; App_Module_Sys_Write_NVM &rArr; HalWrite_Flash &rArr; FLASH_ProgramWord &rArr; FLASH_WaitForLastOperation
</UL>
<BR>[Calls]<UL><LI><a href="#[a1]">&gt;&gt;</a>&nbsp;&nbsp;&nbsp;App_Module_CMD_Queue_Init
<LI><a href="#[9e]">&gt;&gt;</a>&nbsp;&nbsp;&nbsp;App_Module_sys_para_read
<LI><a href="#[99]">&gt;&gt;</a>&nbsp;&nbsp;&nbsp;App_Module_sys_para_debug
<LI><a href="#[7e]">&gt;&gt;</a>&nbsp;&nbsp;&nbsp;HalDelay_nMs
</UL>
<BR>[Called By]<UL><LI><a href="#[20a]">&gt;&gt;</a>&nbsp;&nbsp;&nbsp;init
</UL>

<P><STRONG><a name="[a2]"></a>App_Module_Sys_Work_Mode_Event</STRONG> (Thumb, 104 bytes, Stack size 16 bytes, generic.o(.text))
<BR><BR>[Stack]<UL><LI>Max Depth = 1200<LI>Call Chain = App_Module_Sys_Work_Mode_Event &rArr; App_Module_Process_USART_CMD &rArr; at_cmd_recv &rArr; at_cmd_parse &rArr; _dbg_printf &rArr; USART1_SendBuffer
</UL>
<BR>[Calls]<UL><LI><a href="#[a3]">&gt;&gt;</a>&nbsp;&nbsp;&nbsp;App_Module_Process_USB_CMD
<LI><a href="#[a4]">&gt;&gt;</a>&nbsp;&nbsp;&nbsp;App_Module_Process_USART_CMD
<LI><a href="#[7c]">&gt;&gt;</a>&nbsp;&nbsp;&nbsp;port_tx_msg
<LI><a href="#[89]">&gt;&gt;</a>&nbsp;&nbsp;&nbsp;flow_light
<LI><a href="#[8a]">&gt;&gt;</a>&nbsp;&nbsp;&nbsp;HalLed_Mode_Set
</UL>
<BR>[Called By]<UL><LI><a href="#[20d]">&gt;&gt;</a>&nbsp;&nbsp;&nbsp;ds_twr_sts_sdc_responder
<LI><a href="#[20e]">&gt;&gt;</a>&nbsp;&nbsp;&nbsp;ds_twr_sts_sdc_initiator
<LI><a href="#[20b]">&gt;&gt;</a>&nbsp;&nbsp;&nbsp;nt_task
<LI><a href="#[2a8]">&gt;&gt;</a>&nbsp;&nbsp;&nbsp;tag_pdoa_task
<LI><a href="#[28e]">&gt;&gt;</a>&nbsp;&nbsp;&nbsp;node_pdoa_task
</UL>

<P><STRONG><a name="[284]"></a>App_Module_Get_SysState_Usercmd</STRONG> (Thumb, 4 bytes, Stack size 0 bytes, generic.o(.text))
<BR><BR>[Called By]<UL><LI><a href="#[282]">&gt;&gt;</a>&nbsp;&nbsp;&nbsp;prepare_twr_resp_msg
</UL>

<P><STRONG><a name="[a1]"></a>App_Module_CMD_Queue_Init</STRONG> (Thumb, 32 bytes, Stack size 8 bytes, generic_cmd.o(.text))
<BR><BR>[Stack]<UL><LI>Max Depth = 8<LI>Call Chain = App_Module_CMD_Queue_Init
</UL>
<BR>[Calls]<UL><LI><a href="#[a5]">&gt;&gt;</a>&nbsp;&nbsp;&nbsp;osal_CreateQueue
<LI><a href="#[76]">&gt;&gt;</a>&nbsp;&nbsp;&nbsp;__aeabi_memclr4
</UL>
<BR>[Called By]<UL><LI><a href="#[a0]">&gt;&gt;</a>&nbsp;&nbsp;&nbsp;App_Module_Init
</UL>

<P><STRONG><a name="[a3]"></a>App_Module_Process_USB_CMD</STRONG> (Thumb, 96 bytes, Stack size 160 bytes, generic_cmd.o(.text))
<BR><BR>[Stack]<UL><LI>Max Depth = 376<LI>Call Chain = App_Module_Process_USB_CMD &rArr; command_parser &rArr; _dbg_printf &rArr; USART1_SendBuffer
</UL>
<BR>[Calls]<UL><LI><a href="#[a6]">&gt;&gt;</a>&nbsp;&nbsp;&nbsp;HalUsbRead
<LI><a href="#[a7]">&gt;&gt;</a>&nbsp;&nbsp;&nbsp;usart1_recv_msg_handler
<LI><a href="#[75]">&gt;&gt;</a>&nbsp;&nbsp;&nbsp;command_parser
<LI><a href="#[76]">&gt;&gt;</a>&nbsp;&nbsp;&nbsp;__aeabi_memclr4
</UL>
<BR>[Called By]<UL><LI><a href="#[a2]">&gt;&gt;</a>&nbsp;&nbsp;&nbsp;App_Module_Sys_Work_Mode_Event
</UL>

<P><STRONG><a name="[a4]"></a>App_Module_Process_USART_CMD</STRONG> (Thumb, 50 bytes, Stack size 72 bytes, generic_cmd.o(.text))
<BR><BR>[Stack]<UL><LI>Max Depth = 1184<LI>Call Chain = App_Module_Process_USART_CMD &rArr; at_cmd_recv &rArr; at_cmd_parse &rArr; _dbg_printf &rArr; USART1_SendBuffer
</UL>
<BR>[Calls]<UL><LI><a href="#[a8]">&gt;&gt;</a>&nbsp;&nbsp;&nbsp;osal_Dequeue
<LI><a href="#[a9]">&gt;&gt;</a>&nbsp;&nbsp;&nbsp;at_cmd_recv
<LI><a href="#[75]">&gt;&gt;</a>&nbsp;&nbsp;&nbsp;command_parser
</UL>
<BR>[Called By]<UL><LI><a href="#[a2]">&gt;&gt;</a>&nbsp;&nbsp;&nbsp;App_Module_Sys_Work_Mode_Event
</UL>

<P><STRONG><a name="[aa]"></a>App_Module_Uart_Send</STRONG> (Thumb, 98 bytes, Stack size 24 bytes, generic_cmd.o(.text))
<BR><BR>[Stack]<UL><LI>Max Depth = 48<LI>Call Chain = App_Module_Uart_Send &rArr; USART1_SendBuffer
</UL>
<BR>[Calls]<UL><LI><a href="#[ac]">&gt;&gt;</a>&nbsp;&nbsp;&nbsp;USART1_SendBuffer
<LI><a href="#[9a]">&gt;&gt;</a>&nbsp;&nbsp;&nbsp;__aeabi_memcpy4
<LI><a href="#[ab]">&gt;&gt;</a>&nbsp;&nbsp;&nbsp;__aeabi_memcpy
</UL>
<BR>[Called By]<UL><LI><a href="#[7c]">&gt;&gt;</a>&nbsp;&nbsp;&nbsp;port_tx_msg
</UL>

<P><STRONG><a name="[7c]"></a>port_tx_msg</STRONG> (Thumb, 22 bytes, Stack size 16 bytes, generic_cmd.o(.text))
<BR><BR>[Stack]<UL><LI>Max Depth = 64<LI>Call Chain = port_tx_msg &rArr; App_Module_Uart_Send &rArr; USART1_SendBuffer
</UL>
<BR>[Calls]<UL><LI><a href="#[ad]">&gt;&gt;</a>&nbsp;&nbsp;&nbsp;HalUsbWrite
<LI><a href="#[aa]">&gt;&gt;</a>&nbsp;&nbsp;&nbsp;App_Module_Uart_Send
</UL>
<BR>[Called By]<UL><LI><a href="#[a2]">&gt;&gt;</a>&nbsp;&nbsp;&nbsp;App_Module_Sys_Work_Mode_Event
<LI><a href="#[70]">&gt;&gt;</a>&nbsp;&nbsp;&nbsp;f_getewbmode
<LI><a href="#[71]">&gt;&gt;</a>&nbsp;&nbsp;&nbsp;f_setuwbmode
<LI><a href="#[6d]">&gt;&gt;</a>&nbsp;&nbsp;&nbsp;f_pdoagetcfg
<LI><a href="#[6c]">&gt;&gt;</a>&nbsp;&nbsp;&nbsp;f_pdoasetcfg
<LI><a href="#[68]">&gt;&gt;</a>&nbsp;&nbsp;&nbsp;f_deltag
<LI><a href="#[67]">&gt;&gt;</a>&nbsp;&nbsp;&nbsp;f_addtag
<LI><a href="#[66]">&gt;&gt;</a>&nbsp;&nbsp;&nbsp;f_getklist
<LI><a href="#[65]">&gt;&gt;</a>&nbsp;&nbsp;&nbsp;f_getdlist
<LI><a href="#[64]">&gt;&gt;</a>&nbsp;&nbsp;&nbsp;f_deca
<LI><a href="#[63]">&gt;&gt;</a>&nbsp;&nbsp;&nbsp;f_distance
<LI><a href="#[60]">&gt;&gt;</a>&nbsp;&nbsp;&nbsp;f_getsensor
<LI><a href="#[5c]">&gt;&gt;</a>&nbsp;&nbsp;&nbsp;f_getdev
<LI><a href="#[5d]">&gt;&gt;</a>&nbsp;&nbsp;&nbsp;f_setdev
<LI><a href="#[5e]">&gt;&gt;</a>&nbsp;&nbsp;&nbsp;f_getworkmode
<LI><a href="#[5f]">&gt;&gt;</a>&nbsp;&nbsp;&nbsp;f_setworkmode
<LI><a href="#[5a]">&gt;&gt;</a>&nbsp;&nbsp;&nbsp;f_getcfg
<LI><a href="#[5b]">&gt;&gt;</a>&nbsp;&nbsp;&nbsp;f_setcfg
<LI><a href="#[56]">&gt;&gt;</a>&nbsp;&nbsp;&nbsp;f_getver
<LI><a href="#[2aa]">&gt;&gt;</a>&nbsp;&nbsp;&nbsp;App_Tag_Module_UWB_Mode_Display
<LI><a href="#[292]">&gt;&gt;</a>&nbsp;&nbsp;&nbsp;App_Module_UWB_Mode_Display
<LI><a href="#[286]">&gt;&gt;</a>&nbsp;&nbsp;&nbsp;twr_uwb_process
<LI><a href="#[26f]">&gt;&gt;</a>&nbsp;&nbsp;&nbsp;signal_to_pc_new_tag_discovered
<LI><a href="#[17]">&gt;&gt;</a>&nbsp;&nbsp;&nbsp;AT_CmdFunc_GETWORKMODE
<LI><a href="#[16]">&gt;&gt;</a>&nbsp;&nbsp;&nbsp;AT_CmdFunc_FACTORY
</UL>

<P><STRONG><a name="[ae]"></a>data_tx_msg</STRONG> (Thumb, 4 bytes, Stack size 0 bytes, generic_cmd.o(.text))
<BR><BR>[Stack]<UL><LI>Max Depth = 16<LI>Call Chain = data_tx_msg &rArr; HalUsbWrite &rArr; USB_TxWrite &rArr; QUEUE_PacketIn
</UL>
<BR>[Calls]<UL><LI><a href="#[ad]">&gt;&gt;</a>&nbsp;&nbsp;&nbsp;HalUsbWrite
</UL>
<BR>[Called By]<UL><LI><a href="#[2ac]">&gt;&gt;</a>&nbsp;&nbsp;&nbsp;send_to_pc_custom_twr_carfollow
<LI><a href="#[2a2]">&gt;&gt;</a>&nbsp;&nbsp;&nbsp;tag_output_pc
<LI><a href="#[280]">&gt;&gt;</a>&nbsp;&nbsp;&nbsp;node_output_pc
<LI><a href="#[274]">&gt;&gt;</a>&nbsp;&nbsp;&nbsp;send_to_pc_twr
</UL>

<P><STRONG><a name="[af]"></a>wifi_tx_msg</STRONG> (Thumb, 4 bytes, Stack size 0 bytes, generic_cmd.o(.text))
<BR><BR>[Stack]<UL><LI>Max Depth = 24<LI>Call Chain = wifi_tx_msg &rArr; USART2SendDatas
</UL>
<BR>[Calls]<UL><LI><a href="#[b0]">&gt;&gt;</a>&nbsp;&nbsp;&nbsp;USART2SendDatas
</UL>
<BR>[Called By]<UL><LI><a href="#[2ac]">&gt;&gt;</a>&nbsp;&nbsp;&nbsp;send_to_pc_custom_twr_carfollow
<LI><a href="#[2a3]">&gt;&gt;</a>&nbsp;&nbsp;&nbsp;tag_output_wifi
<LI><a href="#[281]">&gt;&gt;</a>&nbsp;&nbsp;&nbsp;node_output_wifi
<LI><a href="#[274]">&gt;&gt;</a>&nbsp;&nbsp;&nbsp;send_to_pc_twr
</UL>

<P><STRONG><a name="[b7]"></a>get_Xor_CRC</STRONG> (Thumb, 24 bytes, Stack size 12 bytes, generic_cmd.o(.text))
<BR><BR>[Stack]<UL><LI>Max Depth = 12<LI>Call Chain = get_Xor_CRC
</UL>
<BR>[Called By]<UL><LI><a href="#[b6]">&gt;&gt;</a>&nbsp;&nbsp;&nbsp;App_Module_format_conver_uint8
<LI><a href="#[2a2]">&gt;&gt;</a>&nbsp;&nbsp;&nbsp;tag_output_pc
<LI><a href="#[280]">&gt;&gt;</a>&nbsp;&nbsp;&nbsp;node_output_pc
</UL>

<P><STRONG><a name="[32]"></a>DMA1_Channel5_IRQHandler</STRONG> (Thumb, 110 bytes, Stack size 144 bytes, generic_cmd.o(.text))
<BR><BR>[Stack]<UL><LI>Max Depth = 168<LI>Call Chain = DMA1_Channel5_IRQHandler &rArr; osal_Enqueue
</UL>
<BR>[Calls]<UL><LI><a href="#[b2]">&gt;&gt;</a>&nbsp;&nbsp;&nbsp;osal_Enqueue
<LI><a href="#[b1]">&gt;&gt;</a>&nbsp;&nbsp;&nbsp;DMA_GetITStatus
<LI><a href="#[b3]">&gt;&gt;</a>&nbsp;&nbsp;&nbsp;DMA_ClearITPendingBit
<LI><a href="#[a7]">&gt;&gt;</a>&nbsp;&nbsp;&nbsp;usart1_recv_msg_handler
<LI><a href="#[76]">&gt;&gt;</a>&nbsp;&nbsp;&nbsp;__aeabi_memclr4
<LI><a href="#[9a]">&gt;&gt;</a>&nbsp;&nbsp;&nbsp;__aeabi_memcpy4
<LI><a href="#[ab]">&gt;&gt;</a>&nbsp;&nbsp;&nbsp;__aeabi_memcpy
</UL>
<BR>[Address Reference Count : 1]<UL><LI> startup_stm32f10x_md.o(RESET)
</UL>
<P><STRONG><a name="[31]"></a>DMA1_Channel4_IRQHandler</STRONG> (Thumb, 36 bytes, Stack size 8 bytes, generic_cmd.o(.text))
<BR><BR>[Stack]<UL><LI>Max Depth = 8<LI>Call Chain = DMA1_Channel4_IRQHandler
</UL>
<BR>[Calls]<UL><LI><a href="#[b4]">&gt;&gt;</a>&nbsp;&nbsp;&nbsp;DMA_GetFlagStatus
<LI><a href="#[b5]">&gt;&gt;</a>&nbsp;&nbsp;&nbsp;DMA_ClearFlag
</UL>
<BR>[Address Reference Count : 1]<UL><LI> startup_stm32f10x_md.o(RESET)
</UL>
<P><STRONG><a name="[b6]"></a>App_Module_format_conver_uint8</STRONG> (Thumb, 220 bytes, Stack size 28 bytes, generic_cmd.o(.text), UNUSED)
<BR><BR>[Calls]<UL><LI><a href="#[b7]">&gt;&gt;</a>&nbsp;&nbsp;&nbsp;get_Xor_CRC
</UL>
<BR>[Called By]<UL><LI><a href="#[2ac]">&gt;&gt;</a>&nbsp;&nbsp;&nbsp;send_to_pc_custom_twr_carfollow
</UL>

<P><STRONG><a name="[2e9]"></a>set_aiio_output_state</STRONG> (Thumb, 6 bytes, Stack size 0 bytes, user_out.o(.text), UNUSED)

<P><STRONG><a name="[260]"></a>get_aiio_output_state</STRONG> (Thumb, 6 bytes, Stack size 0 bytes, user_out.o(.text))
<BR><BR>[Called By]<UL><LI><a href="#[2a4]">&gt;&gt;</a>&nbsp;&nbsp;&nbsp;tagtestapprun
<LI><a href="#[286]">&gt;&gt;</a>&nbsp;&nbsp;&nbsp;twr_uwb_process
<LI><a href="#[270]">&gt;&gt;</a>&nbsp;&nbsp;&nbsp;ranging_process
<LI><a href="#[25e]">&gt;&gt;</a>&nbsp;&nbsp;&nbsp;ranging_process_t
</UL>

<P><STRONG><a name="[b8]"></a>node_twr_output_user</STRONG> (Thumb, 60 bytes, Stack size 16 bytes, user_out.o(.text))
<BR><BR>[Stack]<UL><LI>Max Depth = 72<LI>Call Chain = node_twr_output_user &rArr; __aeabi_ui2d &rArr; _double_epilogue &rArr; _double_round
</UL>
<BR>[Calls]<UL><LI><a href="#[b9]">&gt;&gt;</a>&nbsp;&nbsp;&nbsp;__aeabi_ui2d
<LI><a href="#[ba]">&gt;&gt;</a>&nbsp;&nbsp;&nbsp;__aeabi_ddiv
<LI><a href="#[7a]">&gt;&gt;</a>&nbsp;&nbsp;&nbsp;_dbg_printf
</UL>
<BR>[Called By]<UL><LI><a href="#[286]">&gt;&gt;</a>&nbsp;&nbsp;&nbsp;twr_uwb_process
</UL>

<P><STRONG><a name="[bb]"></a>tag_twr_output_user</STRONG> (Thumb, 58 bytes, Stack size 16 bytes, user_out.o(.text))
<BR><BR>[Stack]<UL><LI>Max Depth = 72<LI>Call Chain = tag_twr_output_user &rArr; __aeabi_ui2d &rArr; _double_epilogue &rArr; _double_round
</UL>
<BR>[Calls]<UL><LI><a href="#[b9]">&gt;&gt;</a>&nbsp;&nbsp;&nbsp;__aeabi_ui2d
<LI><a href="#[ba]">&gt;&gt;</a>&nbsp;&nbsp;&nbsp;__aeabi_ddiv
<LI><a href="#[7a]">&gt;&gt;</a>&nbsp;&nbsp;&nbsp;_dbg_printf
</UL>
<BR>[Called By]<UL><LI><a href="#[2a4]">&gt;&gt;</a>&nbsp;&nbsp;&nbsp;tagtestapprun
</UL>

<P><STRONG><a name="[bc]"></a>node_pdoa_output_user</STRONG> (Thumb, 60 bytes, Stack size 8 bytes, user_out.o(.text), UNUSED)
<BR><BR>[Calls]<UL><LI><a href="#[ba]">&gt;&gt;</a>&nbsp;&nbsp;&nbsp;__aeabi_ddiv
<LI><a href="#[87]">&gt;&gt;</a>&nbsp;&nbsp;&nbsp;__aeabi_f2d
<LI><a href="#[7a]">&gt;&gt;</a>&nbsp;&nbsp;&nbsp;_dbg_printf
</UL>
<BR>[Called By]<UL><LI><a href="#[270]">&gt;&gt;</a>&nbsp;&nbsp;&nbsp;ranging_process
</UL>

<P><STRONG><a name="[bd]"></a>tag_pdoa_output_user</STRONG> (Thumb, 60 bytes, Stack size 8 bytes, user_out.o(.text), UNUSED)
<BR><BR>[Calls]<UL><LI><a href="#[ba]">&gt;&gt;</a>&nbsp;&nbsp;&nbsp;__aeabi_ddiv
<LI><a href="#[87]">&gt;&gt;</a>&nbsp;&nbsp;&nbsp;__aeabi_f2d
<LI><a href="#[7a]">&gt;&gt;</a>&nbsp;&nbsp;&nbsp;_dbg_printf
</UL>
<BR>[Called By]<UL><LI><a href="#[25e]">&gt;&gt;</a>&nbsp;&nbsp;&nbsp;ranging_process_t
</UL>

<P><STRONG><a name="[be]"></a>Hal_Driver_Init</STRONG> (Thumb, 100 bytes, Stack size 8 bytes, hal_drivers.o(.text))
<BR><BR>[Stack]<UL><LI>Max Depth = 144<LI>Call Chain = Hal_Driver_Init &rArr; Hal_I2C_LCD_Init &rArr; OLED_Fill &rArr; WriteDat &rArr; I2C_WriteByte &rArr; _dbg_printf &rArr; USART1_SendBuffer
</UL>
<BR>[Calls]<UL><LI><a href="#[bf]">&gt;&gt;</a>&nbsp;&nbsp;&nbsp;NVIC_PriorityGroupConfig
<LI><a href="#[c7]">&gt;&gt;</a>&nbsp;&nbsp;&nbsp;Hal_I2C_Sensor_Init
<LI><a href="#[c6]">&gt;&gt;</a>&nbsp;&nbsp;&nbsp;Hal_I2C_LCD_Init
<LI><a href="#[c5]">&gt;&gt;</a>&nbsp;&nbsp;&nbsp;HalUsbInit
<LI><a href="#[c3]">&gt;&gt;</a>&nbsp;&nbsp;&nbsp;HalUARTInit
<LI><a href="#[c0]">&gt;&gt;</a>&nbsp;&nbsp;&nbsp;HalTimerInit
<LI><a href="#[c4]">&gt;&gt;</a>&nbsp;&nbsp;&nbsp;HalSpiInit
<LI><a href="#[c2]">&gt;&gt;</a>&nbsp;&nbsp;&nbsp;HalLedInit
<LI><a href="#[c8]">&gt;&gt;</a>&nbsp;&nbsp;&nbsp;HalIis2dh12Init
<LI><a href="#[c1]">&gt;&gt;</a>&nbsp;&nbsp;&nbsp;HalFlashInit
<LI><a href="#[9c]">&gt;&gt;</a>&nbsp;&nbsp;&nbsp;App_Module_Sys_Read_NVM
</UL>
<BR>[Called By]<UL><LI><a href="#[20a]">&gt;&gt;</a>&nbsp;&nbsp;&nbsp;init
</UL>

<P><STRONG><a name="[c1]"></a>HalFlashInit</STRONG> (Thumb, 2 bytes, Stack size 0 bytes, hal_flash.o(.text))
<BR><BR>[Called By]<UL><LI><a href="#[be]">&gt;&gt;</a>&nbsp;&nbsp;&nbsp;Hal_Driver_Init
</UL>

<P><STRONG><a name="[9b]"></a>HalWrite_Flash</STRONG> (Thumb, 98 bytes, Stack size 24 bytes, hal_flash.o(.text))
<BR><BR>[Stack]<UL><LI>Max Depth = 52<LI>Call Chain = HalWrite_Flash &rArr; FLASH_ProgramWord &rArr; FLASH_WaitForLastOperation
</UL>
<BR>[Calls]<UL><LI><a href="#[c9]">&gt;&gt;</a>&nbsp;&nbsp;&nbsp;FLASH_Unlock
<LI><a href="#[cc]">&gt;&gt;</a>&nbsp;&nbsp;&nbsp;FLASH_ProgramWord
<LI><a href="#[cd]">&gt;&gt;</a>&nbsp;&nbsp;&nbsp;FLASH_Lock
<LI><a href="#[cb]">&gt;&gt;</a>&nbsp;&nbsp;&nbsp;FLASH_ErasePage
<LI><a href="#[ca]">&gt;&gt;</a>&nbsp;&nbsp;&nbsp;FLASH_ClearFlag
</UL>
<BR>[Called By]<UL><LI><a href="#[9e]">&gt;&gt;</a>&nbsp;&nbsp;&nbsp;App_Module_sys_para_read
<LI><a href="#[7d]">&gt;&gt;</a>&nbsp;&nbsp;&nbsp;App_Module_Sys_Write_NVM
</UL>

<P><STRONG><a name="[9d]"></a>HalRead_Flash</STRONG> (Thumb, 22 bytes, Stack size 8 bytes, hal_flash.o(.text))
<BR><BR>[Stack]<UL><LI>Max Depth = 8<LI>Call Chain = HalRead_Flash
</UL>
<BR>[Called By]<UL><LI><a href="#[9c]">&gt;&gt;</a>&nbsp;&nbsp;&nbsp;App_Module_Sys_Read_NVM
</UL>

<P><STRONG><a name="[c6]"></a>Hal_I2C_LCD_Init</STRONG> (Thumb, 128 bytes, Stack size 32 bytes, hal_iic.o(.text))
<BR><BR>[Stack]<UL><LI>Max Depth = 136<LI>Call Chain = Hal_I2C_LCD_Init &rArr; OLED_Fill &rArr; WriteDat &rArr; I2C_WriteByte &rArr; _dbg_printf &rArr; USART1_SendBuffer
</UL>
<BR>[Calls]<UL><LI><a href="#[cf]">&gt;&gt;</a>&nbsp;&nbsp;&nbsp;RCC_APB2PeriphClockCmd
<LI><a href="#[ce]">&gt;&gt;</a>&nbsp;&nbsp;&nbsp;RCC_APB1PeriphClockCmd
<LI><a href="#[d4]">&gt;&gt;</a>&nbsp;&nbsp;&nbsp;OLED_Init
<LI><a href="#[d5]">&gt;&gt;</a>&nbsp;&nbsp;&nbsp;OLED_Fill
<LI><a href="#[d3]">&gt;&gt;</a>&nbsp;&nbsp;&nbsp;I2C_Init
<LI><a href="#[d1]">&gt;&gt;</a>&nbsp;&nbsp;&nbsp;I2C_DeInit
<LI><a href="#[d2]">&gt;&gt;</a>&nbsp;&nbsp;&nbsp;I2C_Cmd
<LI><a href="#[d0]">&gt;&gt;</a>&nbsp;&nbsp;&nbsp;GPIO_Init
</UL>
<BR>[Called By]<UL><LI><a href="#[be]">&gt;&gt;</a>&nbsp;&nbsp;&nbsp;Hal_Driver_Init
</UL>

<P><STRONG><a name="[c7]"></a>Hal_I2C_Sensor_Init</STRONG> (Thumb, 112 bytes, Stack size 32 bytes, hal_iic.o(.text))
<BR><BR>[Stack]<UL><LI>Max Depth = 84<LI>Call Chain = Hal_I2C_Sensor_Init &rArr; I2C_Init &rArr; RCC_GetClocksFreq
</UL>
<BR>[Calls]<UL><LI><a href="#[cf]">&gt;&gt;</a>&nbsp;&nbsp;&nbsp;RCC_APB2PeriphClockCmd
<LI><a href="#[ce]">&gt;&gt;</a>&nbsp;&nbsp;&nbsp;RCC_APB1PeriphClockCmd
<LI><a href="#[d3]">&gt;&gt;</a>&nbsp;&nbsp;&nbsp;I2C_Init
<LI><a href="#[d1]">&gt;&gt;</a>&nbsp;&nbsp;&nbsp;I2C_DeInit
<LI><a href="#[d2]">&gt;&gt;</a>&nbsp;&nbsp;&nbsp;I2C_Cmd
<LI><a href="#[d0]">&gt;&gt;</a>&nbsp;&nbsp;&nbsp;GPIO_Init
</UL>
<BR>[Called By]<UL><LI><a href="#[be]">&gt;&gt;</a>&nbsp;&nbsp;&nbsp;Hal_Driver_Init
</UL>

<P><STRONG><a name="[d6]"></a>HalI2cInit</STRONG> (Thumb, 150 bytes, Stack size 40 bytes, hal_iic.o(.text))
<BR><BR>[Stack]<UL><LI>Max Depth = 168<LI>Call Chain = HalI2cInit &rArr; OLED_ShowStr &rArr; OLED_SetPos &rArr; WriteCmd &rArr; I2C_WriteByte &rArr; _dbg_printf &rArr; USART1_SendBuffer
</UL>
<BR>[Calls]<UL><LI><a href="#[d5]">&gt;&gt;</a>&nbsp;&nbsp;&nbsp;OLED_Fill
<LI><a href="#[8c]">&gt;&gt;</a>&nbsp;&nbsp;&nbsp;OLED_ShowStr
<LI><a href="#[7b]">&gt;&gt;</a>&nbsp;&nbsp;&nbsp;__2sprintf
</UL>
<BR>[Called By]<UL><LI><a href="#[82]">&gt;&gt;</a>&nbsp;&nbsp;&nbsp;tag_start
<LI><a href="#[83]">&gt;&gt;</a>&nbsp;&nbsp;&nbsp;node_start
<LI><a href="#[20d]">&gt;&gt;</a>&nbsp;&nbsp;&nbsp;ds_twr_sts_sdc_responder
<LI><a href="#[20e]">&gt;&gt;</a>&nbsp;&nbsp;&nbsp;ds_twr_sts_sdc_initiator
</UL>

<P><STRONG><a name="[d7]"></a>Screen_Cleaning</STRONG> (Thumb, 122 bytes, Stack size 40 bytes, hal_iic.o(.text), UNUSED)
<BR><BR>[Calls]<UL><LI><a href="#[d8]">&gt;&gt;</a>&nbsp;&nbsp;&nbsp;OLED_ShowCN
<LI><a href="#[d5]">&gt;&gt;</a>&nbsp;&nbsp;&nbsp;OLED_Fill
<LI><a href="#[8c]">&gt;&gt;</a>&nbsp;&nbsp;&nbsp;OLED_ShowStr
<LI><a href="#[7b]">&gt;&gt;</a>&nbsp;&nbsp;&nbsp;__2sprintf
</UL>

<P><STRONG><a name="[d9]"></a>OLED_Display</STRONG> (Thumb, 94 bytes, Stack size 40 bytes, hal_iic.o(.text))
<BR><BR>[Stack]<UL><LI>Max Depth = 168<LI>Call Chain = OLED_Display &rArr; OLED_ShowStr &rArr; OLED_SetPos &rArr; WriteCmd &rArr; I2C_WriteByte &rArr; _dbg_printf &rArr; USART1_SendBuffer
</UL>
<BR>[Calls]<UL><LI><a href="#[da]">&gt;&gt;</a>&nbsp;&nbsp;&nbsp;__aeabi_fdiv
<LI><a href="#[87]">&gt;&gt;</a>&nbsp;&nbsp;&nbsp;__aeabi_f2d
<LI><a href="#[8c]">&gt;&gt;</a>&nbsp;&nbsp;&nbsp;OLED_ShowStr
<LI><a href="#[7b]">&gt;&gt;</a>&nbsp;&nbsp;&nbsp;__2sprintf
<LI><a href="#[76]">&gt;&gt;</a>&nbsp;&nbsp;&nbsp;__aeabi_memclr4
</UL>
<BR>[Called By]<UL><LI><a href="#[286]">&gt;&gt;</a>&nbsp;&nbsp;&nbsp;twr_uwb_process
</UL>

<P><STRONG><a name="[db]"></a>HalLedSet</STRONG> (Thumb, 58 bytes, Stack size 0 bytes, hal_led.o(.text))
<BR><BR>[Calls]<UL><LI><a href="#[dd]">&gt;&gt;</a>&nbsp;&nbsp;&nbsp;GPIO_SetBits
<LI><a href="#[dc]">&gt;&gt;</a>&nbsp;&nbsp;&nbsp;GPIO_ResetBits
</UL>
<BR>[Called By]<UL><LI><a href="#[df]">&gt;&gt;</a>&nbsp;&nbsp;&nbsp;HalLed_Blink
<LI><a href="#[c2]">&gt;&gt;</a>&nbsp;&nbsp;&nbsp;HalLedInit
<LI><a href="#[89]">&gt;&gt;</a>&nbsp;&nbsp;&nbsp;flow_light
<LI><a href="#[8a]">&gt;&gt;</a>&nbsp;&nbsp;&nbsp;HalLed_Mode_Set
</UL>

<P><STRONG><a name="[c2]"></a>HalLedInit</STRONG> (Thumb, 46 bytes, Stack size 8 bytes, hal_led.o(.text))
<BR><BR>[Stack]<UL><LI>Max Depth = 28<LI>Call Chain = HalLedInit &rArr; GPIO_Init
</UL>
<BR>[Calls]<UL><LI><a href="#[db]">&gt;&gt;</a>&nbsp;&nbsp;&nbsp;HalLedSet
<LI><a href="#[cf]">&gt;&gt;</a>&nbsp;&nbsp;&nbsp;RCC_APB2PeriphClockCmd
<LI><a href="#[d0]">&gt;&gt;</a>&nbsp;&nbsp;&nbsp;GPIO_Init
</UL>
<BR>[Called By]<UL><LI><a href="#[be]">&gt;&gt;</a>&nbsp;&nbsp;&nbsp;Hal_Driver_Init
</UL>

<P><STRONG><a name="[8a]"></a>HalLed_Mode_Set</STRONG> (Thumb, 64 bytes, Stack size 8 bytes, hal_led.o(.text))
<BR><BR>[Stack]<UL><LI>Max Depth = 8<LI>Call Chain = HalLed_Mode_Set
</UL>
<BR>[Calls]<UL><LI><a href="#[db]">&gt;&gt;</a>&nbsp;&nbsp;&nbsp;HalLedSet
</UL>
<BR>[Called By]<UL><LI><a href="#[a2]">&gt;&gt;</a>&nbsp;&nbsp;&nbsp;App_Module_Sys_Work_Mode_Event
<LI><a href="#[89]">&gt;&gt;</a>&nbsp;&nbsp;&nbsp;flow_light
<LI><a href="#[61]">&gt;&gt;</a>&nbsp;&nbsp;&nbsp;f_testled
</UL>

<P><STRONG><a name="[89]"></a>flow_light</STRONG> (Thumb, 138 bytes, Stack size 16 bytes, hal_led.o(.text))
<BR><BR>[Stack]<UL><LI>Max Depth = 128<LI>Call Chain = flow_light &rArr; dwt_write32bitoffsetreg &rArr; dwt_writetodevice &rArr; dwt_xfer3000 &rArr; _dbg_printf &rArr; USART1_SendBuffer
</UL>
<BR>[Calls]<UL><LI><a href="#[de]">&gt;&gt;</a>&nbsp;&nbsp;&nbsp;dwt_write32bitoffsetreg
<LI><a href="#[db]">&gt;&gt;</a>&nbsp;&nbsp;&nbsp;HalLedSet
<LI><a href="#[8a]">&gt;&gt;</a>&nbsp;&nbsp;&nbsp;HalLed_Mode_Set
<LI><a href="#[7e]">&gt;&gt;</a>&nbsp;&nbsp;&nbsp;HalDelay_nMs
</UL>
<BR>[Called By]<UL><LI><a href="#[a2]">&gt;&gt;</a>&nbsp;&nbsp;&nbsp;App_Module_Sys_Work_Mode_Event
<LI><a href="#[61]">&gt;&gt;</a>&nbsp;&nbsp;&nbsp;f_testled
</UL>

<P><STRONG><a name="[df]"></a>HalLed_Blink</STRONG> (Thumb, 62 bytes, Stack size 16 bytes, hal_led.o(.text))
<BR><BR>[Stack]<UL><LI>Max Depth = 16<LI>Call Chain = HalLed_Blink
</UL>
<BR>[Calls]<UL><LI><a href="#[db]">&gt;&gt;</a>&nbsp;&nbsp;&nbsp;HalLedSet
</UL>
<BR>[Called By]<UL><LI><a href="#[3f]">&gt;&gt;</a>&nbsp;&nbsp;&nbsp;TIM2_IRQHandler
</UL>

<P><STRONG><a name="[e0]"></a>Hal_DECA_KEY_NVIC_Config</STRONG> (Thumb, 32 bytes, Stack size 8 bytes, hal_spi.o(.text))
<BR><BR>[Stack]<UL><LI>Max Depth = 24<LI>Call Chain = Hal_DECA_KEY_NVIC_Config &rArr; NVIC_Init
</UL>
<BR>[Calls]<UL><LI><a href="#[e1]">&gt;&gt;</a>&nbsp;&nbsp;&nbsp;NVIC_Init
</UL>
<BR>[Called By]<UL><LI><a href="#[e2]">&gt;&gt;</a>&nbsp;&nbsp;&nbsp;HalDecaExitInit
</UL>

<P><STRONG><a name="[e2]"></a>HalDecaExitInit</STRONG> (Thumb, 44 bytes, Stack size 16 bytes, hal_spi.o(.text))
<BR><BR>[Stack]<UL><LI>Max Depth = 40<LI>Call Chain = HalDecaExitInit &rArr; Hal_DECA_KEY_NVIC_Config &rArr; NVIC_Init
</UL>
<BR>[Calls]<UL><LI><a href="#[e3]">&gt;&gt;</a>&nbsp;&nbsp;&nbsp;GPIO_EXTILineConfig
<LI><a href="#[e4]">&gt;&gt;</a>&nbsp;&nbsp;&nbsp;EXTI_Init
<LI><a href="#[e0]">&gt;&gt;</a>&nbsp;&nbsp;&nbsp;Hal_DECA_KEY_NVIC_Config
</UL>
<BR>[Called By]<UL><LI><a href="#[e5]">&gt;&gt;</a>&nbsp;&nbsp;&nbsp;Hal_SPI1_Deca_Init
</UL>

<P><STRONG><a name="[e5]"></a>Hal_SPI1_Deca_Init</STRONG> (Thumb, 214 bytes, Stack size 40 bytes, hal_spi.o(.text))
<BR><BR>[Stack]<UL><LI>Max Depth = 80<LI>Call Chain = Hal_SPI1_Deca_Init &rArr; HalDecaExitInit &rArr; Hal_DECA_KEY_NVIC_Config &rArr; NVIC_Init
</UL>
<BR>[Calls]<UL><LI><a href="#[e8]">&gt;&gt;</a>&nbsp;&nbsp;&nbsp;SPI_SSOutputCmd
<LI><a href="#[e7]">&gt;&gt;</a>&nbsp;&nbsp;&nbsp;SPI_Init
<LI><a href="#[e6]">&gt;&gt;</a>&nbsp;&nbsp;&nbsp;SPI_I2S_DeInit
<LI><a href="#[e9]">&gt;&gt;</a>&nbsp;&nbsp;&nbsp;SPI_Cmd
<LI><a href="#[e2]">&gt;&gt;</a>&nbsp;&nbsp;&nbsp;HalDecaExitInit
<LI><a href="#[dd]">&gt;&gt;</a>&nbsp;&nbsp;&nbsp;GPIO_SetBits
<LI><a href="#[cf]">&gt;&gt;</a>&nbsp;&nbsp;&nbsp;RCC_APB2PeriphClockCmd
<LI><a href="#[d0]">&gt;&gt;</a>&nbsp;&nbsp;&nbsp;GPIO_Init
</UL>
<BR>[Called By]<UL><LI><a href="#[c4]">&gt;&gt;</a>&nbsp;&nbsp;&nbsp;HalSpiInit
</UL>

<P><STRONG><a name="[c4]"></a>HalSpiInit</STRONG> (Thumb, 2 bytes, Stack size 0 bytes, hal_spi.o(.text))
<BR><BR>[Stack]<UL><LI>Max Depth = 80<LI>Call Chain = HalSpiInit &rArr; Hal_SPI1_Deca_Init &rArr; HalDecaExitInit &rArr; Hal_DECA_KEY_NVIC_Config &rArr; NVIC_Init
</UL>
<BR>[Calls]<UL><LI><a href="#[e5]">&gt;&gt;</a>&nbsp;&nbsp;&nbsp;Hal_SPI1_Deca_Init
</UL>
<BR>[Called By]<UL><LI><a href="#[be]">&gt;&gt;</a>&nbsp;&nbsp;&nbsp;Hal_Driver_Init
</UL>

<P><STRONG><a name="[7e]"></a>HalDelay_nMs</STRONG> (Thumb, 24 bytes, Stack size 0 bytes, hal_timer.o(.text))
<BR><BR>[Called By]<UL><LI><a href="#[d4]">&gt;&gt;</a>&nbsp;&nbsp;&nbsp;OLED_Init
<LI><a href="#[a0]">&gt;&gt;</a>&nbsp;&nbsp;&nbsp;App_Module_Init
<LI><a href="#[9e]">&gt;&gt;</a>&nbsp;&nbsp;&nbsp;App_Module_sys_para_read
<LI><a href="#[89]">&gt;&gt;</a>&nbsp;&nbsp;&nbsp;flow_light
<LI><a href="#[7d]">&gt;&gt;</a>&nbsp;&nbsp;&nbsp;App_Module_Sys_Write_NVM
<LI><a href="#[5f]">&gt;&gt;</a>&nbsp;&nbsp;&nbsp;f_setworkmode
<LI><a href="#[59]">&gt;&gt;</a>&nbsp;&nbsp;&nbsp;f_restore
<LI><a href="#[57]">&gt;&gt;</a>&nbsp;&nbsp;&nbsp;f_save
<LI><a href="#[1ec]">&gt;&gt;</a>&nbsp;&nbsp;&nbsp;I2C_WriteOneByte
</UL>

<P><STRONG><a name="[211]"></a>HalDelayTime_Counter</STRONG> (Thumb, 16 bytes, Stack size 0 bytes, hal_timer.o(.text))
<BR><BR>[Called By]<UL><LI><a href="#[22]">&gt;&gt;</a>&nbsp;&nbsp;&nbsp;SysTick_Handler
</UL>

<P><STRONG><a name="[ea]"></a>HalTimer2_NVIC_Config</STRONG> (Thumb, 34 bytes, Stack size 8 bytes, hal_timer.o(.text))
<BR><BR>[Stack]<UL><LI>Max Depth = 24<LI>Call Chain = HalTimer2_NVIC_Config &rArr; NVIC_Init
</UL>
<BR>[Calls]<UL><LI><a href="#[e1]">&gt;&gt;</a>&nbsp;&nbsp;&nbsp;NVIC_Init
</UL>
<BR>[Called By]<UL><LI><a href="#[c0]">&gt;&gt;</a>&nbsp;&nbsp;&nbsp;HalTimerInit
</UL>

<P><STRONG><a name="[c0]"></a>HalTimerInit</STRONG> (Thumb, 158 bytes, Stack size 32 bytes, hal_timer.o(.text))
<BR><BR>[Stack]<UL><LI>Max Depth = 56<LI>Call Chain = HalTimerInit &rArr; HalTimer2_NVIC_Config &rArr; NVIC_Init
</UL>
<BR>[Calls]<UL><LI><a href="#[ec]">&gt;&gt;</a>&nbsp;&nbsp;&nbsp;TIM_TimeBaseInit
<LI><a href="#[ed]">&gt;&gt;</a>&nbsp;&nbsp;&nbsp;TIM_ITConfig
<LI><a href="#[ee]">&gt;&gt;</a>&nbsp;&nbsp;&nbsp;TIM_Cmd
<LI><a href="#[ef]">&gt;&gt;</a>&nbsp;&nbsp;&nbsp;IWDG_WriteAccessCmd
<LI><a href="#[f1]">&gt;&gt;</a>&nbsp;&nbsp;&nbsp;IWDG_SetReload
<LI><a href="#[f0]">&gt;&gt;</a>&nbsp;&nbsp;&nbsp;IWDG_SetPrescaler
<LI><a href="#[f2]">&gt;&gt;</a>&nbsp;&nbsp;&nbsp;IWDG_ReloadCounter
<LI><a href="#[f3]">&gt;&gt;</a>&nbsp;&nbsp;&nbsp;IWDG_Enable
<LI><a href="#[ea]">&gt;&gt;</a>&nbsp;&nbsp;&nbsp;HalTimer2_NVIC_Config
<LI><a href="#[eb]">&gt;&gt;</a>&nbsp;&nbsp;&nbsp;__NVIC_SetPriority
<LI><a href="#[ce]">&gt;&gt;</a>&nbsp;&nbsp;&nbsp;RCC_APB1PeriphClockCmd
</UL>
<BR>[Called By]<UL><LI><a href="#[be]">&gt;&gt;</a>&nbsp;&nbsp;&nbsp;Hal_Driver_Init
</UL>

<P><STRONG><a name="[f4]"></a>HalIWDG_Feed</STRONG> (Thumb, 4 bytes, Stack size 0 bytes, hal_timer.o(.text))
<BR><BR>[Calls]<UL><LI><a href="#[f2]">&gt;&gt;</a>&nbsp;&nbsp;&nbsp;IWDG_ReloadCounter
</UL>
<BR>[Called By]<UL><LI><a href="#[3f]">&gt;&gt;</a>&nbsp;&nbsp;&nbsp;TIM2_IRQHandler
</UL>

<P><STRONG><a name="[ac]"></a>USART1_SendBuffer</STRONG> (Thumb, 80 bytes, Stack size 24 bytes, hal_usart.o(.text))
<BR><BR>[Stack]<UL><LI>Max Depth = 24<LI>Call Chain = USART1_SendBuffer
</UL>
<BR>[Calls]<UL><LI><a href="#[f6]">&gt;&gt;</a>&nbsp;&nbsp;&nbsp;USART_SendData
<LI><a href="#[f7]">&gt;&gt;</a>&nbsp;&nbsp;&nbsp;USART_GetFlagStatus
<LI><a href="#[f5]">&gt;&gt;</a>&nbsp;&nbsp;&nbsp;DMA_Cmd
</UL>
<BR>[Called By]<UL><LI><a href="#[aa]">&gt;&gt;</a>&nbsp;&nbsp;&nbsp;App_Module_Uart_Send
<LI><a href="#[7a]">&gt;&gt;</a>&nbsp;&nbsp;&nbsp;_dbg_printf
<LI><a href="#[215]">&gt;&gt;</a>&nbsp;&nbsp;&nbsp;ds_twr_sts_sdc_resp
</UL>

<P><STRONG><a name="[7a]"></a>_dbg_printf</STRONG> (Thumb, 34 bytes, Stack size 24 bytes, hal_usart.o(.text))
<BR><BR>[Stack]<UL><LI>Max Depth = 48<LI>Call Chain = _dbg_printf &rArr; USART1_SendBuffer
</UL>
<BR>[Calls]<UL><LI><a href="#[ac]">&gt;&gt;</a>&nbsp;&nbsp;&nbsp;USART1_SendBuffer
<LI><a href="#[f8]">&gt;&gt;</a>&nbsp;&nbsp;&nbsp;vsnprintf
</UL>
<BR>[Called By]<UL><LI><a href="#[bd]">&gt;&gt;</a>&nbsp;&nbsp;&nbsp;tag_pdoa_output_user
<LI><a href="#[bc]">&gt;&gt;</a>&nbsp;&nbsp;&nbsp;node_pdoa_output_user
<LI><a href="#[bb]">&gt;&gt;</a>&nbsp;&nbsp;&nbsp;tag_twr_output_user
<LI><a href="#[b8]">&gt;&gt;</a>&nbsp;&nbsp;&nbsp;node_twr_output_user
<LI><a href="#[a8]">&gt;&gt;</a>&nbsp;&nbsp;&nbsp;osal_Dequeue
<LI><a href="#[a9]">&gt;&gt;</a>&nbsp;&nbsp;&nbsp;at_cmd_recv
<LI><a href="#[99]">&gt;&gt;</a>&nbsp;&nbsp;&nbsp;App_Module_sys_para_debug
<LI><a href="#[88]">&gt;&gt;</a>&nbsp;&nbsp;&nbsp;drv_lis2dh12_get_angle
<LI><a href="#[5f]">&gt;&gt;</a>&nbsp;&nbsp;&nbsp;f_setworkmode
<LI><a href="#[5b]">&gt;&gt;</a>&nbsp;&nbsp;&nbsp;f_setcfg
<LI><a href="#[58]">&gt;&gt;</a>&nbsp;&nbsp;&nbsp;f_restart
<LI><a href="#[59]">&gt;&gt;</a>&nbsp;&nbsp;&nbsp;f_restore
<LI><a href="#[57]">&gt;&gt;</a>&nbsp;&nbsp;&nbsp;f_save
<LI><a href="#[75]">&gt;&gt;</a>&nbsp;&nbsp;&nbsp;command_parser
<LI><a href="#[19d]">&gt;&gt;</a>&nbsp;&nbsp;&nbsp;I2C_WriteByte
<LI><a href="#[111]">&gt;&gt;</a>&nbsp;&nbsp;&nbsp;dwt_xfer3000
<LI><a href="#[215]">&gt;&gt;</a>&nbsp;&nbsp;&nbsp;ds_twr_sts_sdc_resp
<LI><a href="#[1e]">&gt;&gt;</a>&nbsp;&nbsp;&nbsp;UsageFault_Handler
<LI><a href="#[1d]">&gt;&gt;</a>&nbsp;&nbsp;&nbsp;BusFault_Handler
<LI><a href="#[1c]">&gt;&gt;</a>&nbsp;&nbsp;&nbsp;MemManage_Handler
<LI><a href="#[1b]">&gt;&gt;</a>&nbsp;&nbsp;&nbsp;HardFault_Handler
<LI><a href="#[20c]">&gt;&gt;</a>&nbsp;&nbsp;&nbsp;load_bssConfig
<LI><a href="#[20d]">&gt;&gt;</a>&nbsp;&nbsp;&nbsp;ds_twr_sts_sdc_responder
<LI><a href="#[20e]">&gt;&gt;</a>&nbsp;&nbsp;&nbsp;ds_twr_sts_sdc_initiator
<LI><a href="#[24a]">&gt;&gt;</a>&nbsp;&nbsp;&nbsp;handle_gpio_test_cmd
<LI><a href="#[2a9]">&gt;&gt;</a>&nbsp;&nbsp;&nbsp;tag_process_init
<LI><a href="#[2a4]">&gt;&gt;</a>&nbsp;&nbsp;&nbsp;tagtestapprun
<LI><a href="#[28f]">&gt;&gt;</a>&nbsp;&nbsp;&nbsp;node_process_init
<LI><a href="#[289]">&gt;&gt;</a>&nbsp;&nbsp;&nbsp;twr_rx_node_cb
<LI><a href="#[26c]">&gt;&gt;</a>&nbsp;&nbsp;&nbsp;discovery_process
<LI><a href="#[25d]">&gt;&gt;</a>&nbsp;&nbsp;&nbsp;discovery_process_t
<LI><a href="#[255]">&gt;&gt;</a>&nbsp;&nbsp;&nbsp;osal_TraverseQueue
<LI><a href="#[254]">&gt;&gt;</a>&nbsp;&nbsp;&nbsp;at_cmd_parse
<LI><a href="#[15]">&gt;&gt;</a>&nbsp;&nbsp;&nbsp;AT_CmdFunc_UwbMac
<LI><a href="#[252]">&gt;&gt;</a>&nbsp;&nbsp;&nbsp;AIT_eui64_wr
<LI><a href="#[250]">&gt;&gt;</a>&nbsp;&nbsp;&nbsp;rx_diagnostics
<LI><a href="#[24c]">&gt;&gt;</a>&nbsp;&nbsp;&nbsp;rx_with_xtal_trim
<LI><a href="#[11]">&gt;&gt;</a>&nbsp;&nbsp;&nbsp;AT_CmdFunc_RST
<LI><a href="#[10]">&gt;&gt;</a>&nbsp;&nbsp;&nbsp;AT_CmdFunc_version
</UL>

<P><STRONG><a name="[f9]"></a>HalUASRT1_DMA_Config</STRONG> (Thumb, 170 bytes, Stack size 72 bytes, hal_usart.o(.text))
<BR><BR>[Stack]<UL><LI>Max Depth = 84<LI>Call Chain = HalUASRT1_DMA_Config &rArr; DMA_Init
</UL>
<BR>[Calls]<UL><LI><a href="#[fe]">&gt;&gt;</a>&nbsp;&nbsp;&nbsp;USART_DMACmd
<LI><a href="#[fa]">&gt;&gt;</a>&nbsp;&nbsp;&nbsp;RCC_AHBPeriphClockCmd
<LI><a href="#[fc]">&gt;&gt;</a>&nbsp;&nbsp;&nbsp;DMA_Init
<LI><a href="#[fd]">&gt;&gt;</a>&nbsp;&nbsp;&nbsp;DMA_ITConfig
<LI><a href="#[fb]">&gt;&gt;</a>&nbsp;&nbsp;&nbsp;DMA_DeInit
<LI><a href="#[f5]">&gt;&gt;</a>&nbsp;&nbsp;&nbsp;DMA_Cmd
</UL>
<BR>[Called By]<UL><LI><a href="#[c3]">&gt;&gt;</a>&nbsp;&nbsp;&nbsp;HalUARTInit
</UL>

<P><STRONG><a name="[ff]"></a>HalUSART1_DMA_TX_NVIC_Config</STRONG> (Thumb, 34 bytes, Stack size 8 bytes, hal_usart.o(.text))
<BR><BR>[Stack]<UL><LI>Max Depth = 24<LI>Call Chain = HalUSART1_DMA_TX_NVIC_Config &rArr; NVIC_Init
</UL>
<BR>[Calls]<UL><LI><a href="#[e1]">&gt;&gt;</a>&nbsp;&nbsp;&nbsp;NVIC_Init
</UL>
<BR>[Called By]<UL><LI><a href="#[c3]">&gt;&gt;</a>&nbsp;&nbsp;&nbsp;HalUARTInit
</UL>

<P><STRONG><a name="[100]"></a>HalUSART1_DMA_RX_NVIC_Config</STRONG> (Thumb, 34 bytes, Stack size 8 bytes, hal_usart.o(.text))
<BR><BR>[Stack]<UL><LI>Max Depth = 24<LI>Call Chain = HalUSART1_DMA_RX_NVIC_Config &rArr; NVIC_Init
</UL>
<BR>[Calls]<UL><LI><a href="#[e1]">&gt;&gt;</a>&nbsp;&nbsp;&nbsp;NVIC_Init
</UL>
<BR>[Called By]<UL><LI><a href="#[c3]">&gt;&gt;</a>&nbsp;&nbsp;&nbsp;HalUARTInit
</UL>

<P><STRONG><a name="[101]"></a>USART2SendByteData</STRONG> (Thumb, 26 bytes, Stack size 8 bytes, hal_usart.o(.text))
<BR><BR>[Stack]<UL><LI>Max Depth = 8<LI>Call Chain = USART2SendByteData
</UL>
<BR>[Calls]<UL><LI><a href="#[f6]">&gt;&gt;</a>&nbsp;&nbsp;&nbsp;USART_SendData
<LI><a href="#[f7]">&gt;&gt;</a>&nbsp;&nbsp;&nbsp;USART_GetFlagStatus
</UL>
<BR>[Called By]<UL><LI><a href="#[49]">&gt;&gt;</a>&nbsp;&nbsp;&nbsp;USART2_IRQHandler
</UL>

<P><STRONG><a name="[b0]"></a>USART2SendDatas</STRONG> (Thumb, 44 bytes, Stack size 24 bytes, hal_usart.o(.text))
<BR><BR>[Stack]<UL><LI>Max Depth = 24<LI>Call Chain = USART2SendDatas
</UL>
<BR>[Calls]<UL><LI><a href="#[f6]">&gt;&gt;</a>&nbsp;&nbsp;&nbsp;USART_SendData
<LI><a href="#[f7]">&gt;&gt;</a>&nbsp;&nbsp;&nbsp;USART_GetFlagStatus
</UL>
<BR>[Called By]<UL><LI><a href="#[af]">&gt;&gt;</a>&nbsp;&nbsp;&nbsp;wifi_tx_msg
</UL>

<P><STRONG><a name="[49]"></a>USART2_IRQHandler</STRONG> (Thumb, 46 bytes, Stack size 16 bytes, hal_usart.o(.text))
<BR><BR>[Stack]<UL><LI>Max Depth = 28<LI>Call Chain = USART2_IRQHandler &rArr; USART_GetITStatus
</UL>
<BR>[Calls]<UL><LI><a href="#[103]">&gt;&gt;</a>&nbsp;&nbsp;&nbsp;USART_ReceiveData
<LI><a href="#[102]">&gt;&gt;</a>&nbsp;&nbsp;&nbsp;USART_GetITStatus
<LI><a href="#[104]">&gt;&gt;</a>&nbsp;&nbsp;&nbsp;USART_ClearITPendingBit
<LI><a href="#[101]">&gt;&gt;</a>&nbsp;&nbsp;&nbsp;USART2SendByteData
</UL>
<BR>[Address Reference Count : 1]<UL><LI> startup_stm32f10x_md.o(RESET)
</UL>
<P><STRONG><a name="[c3]"></a>HalUARTInit</STRONG> (Thumb, 142 bytes, Stack size 24 bytes, hal_usart.o(.text))
<BR><BR>[Stack]<UL><LI>Max Depth = 108<LI>Call Chain = HalUARTInit &rArr; HalUASRT1_DMA_Config &rArr; DMA_Init
</UL>
<BR>[Calls]<UL><LI><a href="#[105]">&gt;&gt;</a>&nbsp;&nbsp;&nbsp;USART_Init
<LI><a href="#[106]">&gt;&gt;</a>&nbsp;&nbsp;&nbsp;USART_ITConfig
<LI><a href="#[107]">&gt;&gt;</a>&nbsp;&nbsp;&nbsp;USART_Cmd
<LI><a href="#[100]">&gt;&gt;</a>&nbsp;&nbsp;&nbsp;HalUSART1_DMA_RX_NVIC_Config
<LI><a href="#[ff]">&gt;&gt;</a>&nbsp;&nbsp;&nbsp;HalUSART1_DMA_TX_NVIC_Config
<LI><a href="#[f9]">&gt;&gt;</a>&nbsp;&nbsp;&nbsp;HalUASRT1_DMA_Config
<LI><a href="#[cf]">&gt;&gt;</a>&nbsp;&nbsp;&nbsp;RCC_APB2PeriphClockCmd
<LI><a href="#[d0]">&gt;&gt;</a>&nbsp;&nbsp;&nbsp;GPIO_Init
</UL>
<BR>[Called By]<UL><LI><a href="#[be]">&gt;&gt;</a>&nbsp;&nbsp;&nbsp;Hal_Driver_Init
</UL>

<P><STRONG><a name="[c5]"></a>HalUsbInit</STRONG> (Thumb, 22 bytes, Stack size 8 bytes, hal_usb.o(.text))
<BR><BR>[Stack]<UL><LI>Max Depth = 44<LI>Call Chain = HalUsbInit &rArr; Set_System &rArr; GPIO_Init
</UL>
<BR>[Calls]<UL><LI><a href="#[10c]">&gt;&gt;</a>&nbsp;&nbsp;&nbsp;USB_Interrupts_Config
<LI><a href="#[10d]">&gt;&gt;</a>&nbsp;&nbsp;&nbsp;USB_Init
<LI><a href="#[10b]">&gt;&gt;</a>&nbsp;&nbsp;&nbsp;Set_USBClock
<LI><a href="#[10a]">&gt;&gt;</a>&nbsp;&nbsp;&nbsp;Set_System
</UL>
<BR>[Called By]<UL><LI><a href="#[be]">&gt;&gt;</a>&nbsp;&nbsp;&nbsp;Hal_Driver_Init
</UL>

<P><STRONG><a name="[a6]"></a>HalUsbRead</STRONG> (Thumb, 4 bytes, Stack size 0 bytes, hal_usb.o(.text))
<BR><BR>[Stack]<UL><LI>Max Depth = 12<LI>Call Chain = HalUsbRead &rArr; USB_RxRead &rArr; QUEUE_PacketOut
</UL>
<BR>[Calls]<UL><LI><a href="#[10e]">&gt;&gt;</a>&nbsp;&nbsp;&nbsp;USB_RxRead
</UL>
<BR>[Called By]<UL><LI><a href="#[a3]">&gt;&gt;</a>&nbsp;&nbsp;&nbsp;App_Module_Process_USB_CMD
</UL>

<P><STRONG><a name="[ad]"></a>HalUsbWrite</STRONG> (Thumb, 4 bytes, Stack size 0 bytes, hal_usb.o(.text))
<BR><BR>[Stack]<UL><LI>Max Depth = 16<LI>Call Chain = HalUsbWrite &rArr; USB_TxWrite &rArr; QUEUE_PacketIn
</UL>
<BR>[Calls]<UL><LI><a href="#[10f]">&gt;&gt;</a>&nbsp;&nbsp;&nbsp;USB_TxWrite
</UL>
<BR>[Called By]<UL><LI><a href="#[ae]">&gt;&gt;</a>&nbsp;&nbsp;&nbsp;data_tx_msg
<LI><a href="#[7c]">&gt;&gt;</a>&nbsp;&nbsp;&nbsp;port_tx_msg
</UL>

<P><STRONG><a name="[2ea]"></a>dwt_apiversion</STRONG> (Thumb, 6 bytes, Stack size 0 bytes, deca_device.o(.text), UNUSED)

<P><STRONG><a name="[2eb]"></a>dwt_setlocaldataptr</STRONG> (Thumb, 18 bytes, Stack size 0 bytes, deca_device.o(.text), UNUSED)

<P><STRONG><a name="[110]"></a>dwt_readfromdevice</STRONG> (Thumb, 12 bytes, Stack size 16 bytes, deca_device.o(.text))
<BR><BR>[Stack]<UL><LI>Max Depth = 16 + In Cycle
<LI>Call Chain = dwt_readfromdevice &rArr;  dwt_xfer3000 (Cycle)
</UL>
<BR>[Calls]<UL><LI><a href="#[111]">&gt;&gt;</a>&nbsp;&nbsp;&nbsp;dwt_xfer3000
</UL>
<BR>[Called By]<UL><LI><a href="#[198]">&gt;&gt;</a>&nbsp;&nbsp;&nbsp;dwt_do_aes
<LI><a href="#[169]">&gt;&gt;</a>&nbsp;&nbsp;&nbsp;dwt_geteui
<LI><a href="#[164]">&gt;&gt;</a>&nbsp;&nbsp;&nbsp;dwt_readsystime
<LI><a href="#[160]">&gt;&gt;</a>&nbsp;&nbsp;&nbsp;dwt_readrxtimestamp_sts
<LI><a href="#[15f]">&gt;&gt;</a>&nbsp;&nbsp;&nbsp;dwt_readrxtimestamp_ipatov
<LI><a href="#[15e]">&gt;&gt;</a>&nbsp;&nbsp;&nbsp;dwt_readrxtimestampunadj
<LI><a href="#[15d]">&gt;&gt;</a>&nbsp;&nbsp;&nbsp;dwt_readrxtimestamp
<LI><a href="#[15c]">&gt;&gt;</a>&nbsp;&nbsp;&nbsp;dwt_readtdoa
<LI><a href="#[156]">&gt;&gt;</a>&nbsp;&nbsp;&nbsp;dwt_readtxtimestamp
<LI><a href="#[155]">&gt;&gt;</a>&nbsp;&nbsp;&nbsp;dwt_readdiagnostics
<LI><a href="#[152]">&gt;&gt;</a>&nbsp;&nbsp;&nbsp;dwt_readcarrierintegrator
<LI><a href="#[150]">&gt;&gt;</a>&nbsp;&nbsp;&nbsp;dwt_readaccdata
<LI><a href="#[14f]">&gt;&gt;</a>&nbsp;&nbsp;&nbsp;dwt_readrxdata
<LI><a href="#[14e]">&gt;&gt;</a>&nbsp;&nbsp;&nbsp;dwt_read_rx_scratch_data
<LI><a href="#[11a]">&gt;&gt;</a>&nbsp;&nbsp;&nbsp;dwt_read16bitoffsetreg
<LI><a href="#[119]">&gt;&gt;</a>&nbsp;&nbsp;&nbsp;dwt_read32bitoffsetreg
<LI><a href="#[112]">&gt;&gt;</a>&nbsp;&nbsp;&nbsp;dwt_read8bitoffsetreg
</UL>

<P><STRONG><a name="[112]"></a>dwt_read8bitoffsetreg</STRONG> (Thumb, 18 bytes, Stack size 8 bytes, deca_device.o(.text))
<BR><BR>[Stack]<UL><LI>Max Depth = 24<LI>Call Chain = dwt_read8bitoffsetreg &rArr; dwt_readfromdevice &rArr;  dwt_xfer3000 (Cycle)
</UL>
<BR>[Calls]<UL><LI><a href="#[110]">&gt;&gt;</a>&nbsp;&nbsp;&nbsp;dwt_readfromdevice
</UL>
<BR>[Called By]<UL><LI><a href="#[198]">&gt;&gt;</a>&nbsp;&nbsp;&nbsp;dwt_do_aes
<LI><a href="#[195]">&gt;&gt;</a>&nbsp;&nbsp;&nbsp;dwt_calcpgcount
<LI><a href="#[194]">&gt;&gt;</a>&nbsp;&nbsp;&nbsp;dwt_readwakeupvbat
<LI><a href="#[193]">&gt;&gt;</a>&nbsp;&nbsp;&nbsp;dwt_readwakeuptemp
<LI><a href="#[18f]">&gt;&gt;</a>&nbsp;&nbsp;&nbsp;dwt_readtempvbat
<LI><a href="#[183]">&gt;&gt;</a>&nbsp;&nbsp;&nbsp;dwt_rxenable
<LI><a href="#[17e]">&gt;&gt;</a>&nbsp;&nbsp;&nbsp;dwt_starttx
<LI><a href="#[17a]">&gt;&gt;</a>&nbsp;&nbsp;&nbsp;dwt_isr
<LI><a href="#[178]">&gt;&gt;</a>&nbsp;&nbsp;&nbsp;dwt_checkirq
<LI><a href="#[16a]">&gt;&gt;</a>&nbsp;&nbsp;&nbsp;dwt_aon_read
<LI><a href="#[14d]">&gt;&gt;</a>&nbsp;&nbsp;&nbsp;dwt_writetxfctrl
<LI><a href="#[144]">&gt;&gt;</a>&nbsp;&nbsp;&nbsp;dwt_configure
<LI><a href="#[140]">&gt;&gt;</a>&nbsp;&nbsp;&nbsp;dwt_run_pgfcal
<LI><a href="#[138]">&gt;&gt;</a>&nbsp;&nbsp;&nbsp;dwt_configuretxrf
<LI><a href="#[134]">&gt;&gt;</a>&nbsp;&nbsp;&nbsp;dwt_calcbandwidthadj
<LI><a href="#[132]">&gt;&gt;</a>&nbsp;&nbsp;&nbsp;dwt_readpgdelay
<LI><a href="#[111]">&gt;&gt;</a>&nbsp;&nbsp;&nbsp;dwt_xfer3000
</UL>

<P><STRONG><a name="[113]"></a>dwt_generatecrc8</STRONG> (Thumb, 28 bytes, Stack size 12 bytes, deca_device.o(.text))
<BR><BR>[Stack]<UL><LI>Max Depth = 12<LI>Call Chain = dwt_generatecrc8
</UL>
<BR>[Called By]<UL><LI><a href="#[111]">&gt;&gt;</a>&nbsp;&nbsp;&nbsp;dwt_xfer3000
</UL>

<P><STRONG><a name="[116]"></a>dwt_writetodevice</STRONG> (Thumb, 14 bytes, Stack size 16 bytes, deca_device.o(.text))
<BR><BR>[Stack]<UL><LI>Max Depth = 96<LI>Call Chain = dwt_writetodevice &rArr; dwt_xfer3000 &rArr; _dbg_printf &rArr; USART1_SendBuffer
</UL>
<BR>[Calls]<UL><LI><a href="#[111]">&gt;&gt;</a>&nbsp;&nbsp;&nbsp;dwt_xfer3000
</UL>
<BR>[Called By]<UL><LI><a href="#[de]">&gt;&gt;</a>&nbsp;&nbsp;&nbsp;dwt_write32bitoffsetreg
<LI><a href="#[198]">&gt;&gt;</a>&nbsp;&nbsp;&nbsp;dwt_do_aes
<LI><a href="#[183]">&gt;&gt;</a>&nbsp;&nbsp;&nbsp;dwt_rxenable
<LI><a href="#[17f]">&gt;&gt;</a>&nbsp;&nbsp;&nbsp;dwt_forcetrxoff
<LI><a href="#[17e]">&gt;&gt;</a>&nbsp;&nbsp;&nbsp;dwt_starttx
<LI><a href="#[175]">&gt;&gt;</a>&nbsp;&nbsp;&nbsp;dwt_signal_rx_buff_free
<LI><a href="#[168]">&gt;&gt;</a>&nbsp;&nbsp;&nbsp;dwt_seteui
<LI><a href="#[14c]">&gt;&gt;</a>&nbsp;&nbsp;&nbsp;dwt_writetxdata
<LI><a href="#[11c]">&gt;&gt;</a>&nbsp;&nbsp;&nbsp;dwt_write8bitoffsetreg
<LI><a href="#[11b]">&gt;&gt;</a>&nbsp;&nbsp;&nbsp;dwt_write16bitoffsetreg
</UL>

<P><STRONG><a name="[117]"></a>dwt_wakeup_ic</STRONG> (Thumb, 4 bytes, Stack size 0 bytes, deca_device.o(.text), UNUSED)
<BR><BR>[Calls]<UL><LI><a href="#[118]">&gt;&gt;</a>&nbsp;&nbsp;&nbsp;wakeup_device_with_io
</UL>

<P><STRONG><a name="[119]"></a>dwt_read32bitoffsetreg</STRONG> (Thumb, 32 bytes, Stack size 16 bytes, deca_device.o(.text))
<BR><BR>[Stack]<UL><LI>Max Depth = 32<LI>Call Chain = dwt_read32bitoffsetreg &rArr; dwt_readfromdevice &rArr;  dwt_xfer3000 (Cycle)
</UL>
<BR>[Calls]<UL><LI><a href="#[110]">&gt;&gt;</a>&nbsp;&nbsp;&nbsp;dwt_readfromdevice
</UL>
<BR>[Called By]<UL><LI><a href="#[188]">&gt;&gt;</a>&nbsp;&nbsp;&nbsp;dwt_readeventcounters
<LI><a href="#[17e]">&gt;&gt;</a>&nbsp;&nbsp;&nbsp;dwt_starttx
<LI><a href="#[17a]">&gt;&gt;</a>&nbsp;&nbsp;&nbsp;dwt_isr
<LI><a href="#[177]">&gt;&gt;</a>&nbsp;&nbsp;&nbsp;dwt_setrxaftertxdelay
<LI><a href="#[163]">&gt;&gt;</a>&nbsp;&nbsp;&nbsp;dwt_readsystimestamphi32
<LI><a href="#[162]">&gt;&gt;</a>&nbsp;&nbsp;&nbsp;dwt_readrxtimestamplo32
<LI><a href="#[161]">&gt;&gt;</a>&nbsp;&nbsp;&nbsp;dwt_readrxtimestamphi32
<LI><a href="#[158]">&gt;&gt;</a>&nbsp;&nbsp;&nbsp;dwt_readtxtimestamplo32
<LI><a href="#[157]">&gt;&gt;</a>&nbsp;&nbsp;&nbsp;dwt_readtxtimestamphi32
<LI><a href="#[144]">&gt;&gt;</a>&nbsp;&nbsp;&nbsp;dwt_configure
<LI><a href="#[140]">&gt;&gt;</a>&nbsp;&nbsp;&nbsp;dwt_run_pgfcal
<LI><a href="#[131]">&gt;&gt;</a>&nbsp;&nbsp;&nbsp;dwt_setlnapamode
<LI><a href="#[122]">&gt;&gt;</a>&nbsp;&nbsp;&nbsp;dwt_readdevid
<LI><a href="#[129]">&gt;&gt;</a>&nbsp;&nbsp;&nbsp;_dwt_otpprogword32
<LI><a href="#[121]">&gt;&gt;</a>&nbsp;&nbsp;&nbsp;_dwt_otpread
<LI><a href="#[215]">&gt;&gt;</a>&nbsp;&nbsp;&nbsp;ds_twr_sts_sdc_resp
[...]
<LI><a href="#[128]">&gt;&gt;</a>&nbsp;&nbsp;&nbsp;__dwt_otp_write_wdata_id_reg
<LI><a href="#[11d]">&gt;&gt;</a>&nbsp;&nbsp;&nbsp;dwt_modify32bitoffsetreg
<LI><a href="#[11b]">&gt;&gt;</a>&nbsp;&nbsp;&nbsp;dwt_write16bitoffsetreg
<LI><a href="#[119]">&gt;&gt;</a>&nbsp;&nbsp;&nbsp;dwt_read32bitoffsetreg
</UL>
<BR>[Called By]<UL><LI><a href="#[12b]">&gt;&gt;</a>&nbsp;&nbsp;&nbsp;dwt_otpwriteandverify
</UL>

<P><STRONG><a name="[133]"></a>dwt_enable_rf_tx</STRONG> (Thumb, 86 bytes, Stack size 24 bytes, deca_device.o(.text))
<BR><BR>[Stack]<UL><LI>Max Depth = 136<LI>Call Chain = dwt_enable_rf_tx &rArr; dwt_write32bitoffsetreg &rArr; dwt_writetodevice &rArr; dwt_xfer3000 &rArr; _dbg_printf &rArr; USART1_SendBuffer
</UL>
<BR>[Calls]<UL><LI><a href="#[de]">&gt;&gt;</a>&nbsp;&nbsp;&nbsp;dwt_write32bitoffsetreg
<LI><a href="#[11d]">&gt;&gt;</a>&nbsp;&nbsp;&nbsp;dwt_modify32bitoffsetreg
</UL>
<BR>[Called By]<UL><LI><a href="#[195]">&gt;&gt;</a>&nbsp;&nbsp;&nbsp;dwt_calcpgcount
<LI><a href="#[18e]">&gt;&gt;</a>&nbsp;&nbsp;&nbsp;dwt_configcontinuousframemode
<LI><a href="#[18d]">&gt;&gt;</a>&nbsp;&nbsp;&nbsp;dwt_configcwmode
<LI><a href="#[134]">&gt;&gt;</a>&nbsp;&nbsp;&nbsp;dwt_calcbandwidthadj
</UL>

<P><STRONG><a name="[125]"></a>_dwt_prog_ldo_and_bias_tune</STRONG> (Thumb, 40 bytes, Stack size 8 bytes, deca_device.o(.text))
<BR><BR>[Stack]<UL><LI>Max Depth = 104<LI>Call Chain = _dwt_prog_ldo_and_bias_tune &rArr; dwt_modify16bitoffsetreg &rArr; dwt_xfer3000 &rArr; _dbg_printf &rArr; USART1_SendBuffer
</UL>
<BR>[Calls]<UL><LI><a href="#[11e]">&gt;&gt;</a>&nbsp;&nbsp;&nbsp;dwt_modify16bitoffsetreg
</UL>
<BR>[Called By]<UL><LI><a href="#[13d]">&gt;&gt;</a>&nbsp;&nbsp;&nbsp;dwt_restoreconfig
<LI><a href="#[124]">&gt;&gt;</a>&nbsp;&nbsp;&nbsp;dwt_initialise
</UL>

<P><STRONG><a name="[13e]"></a>_dwt_kick_dgc_on_wakeup</STRONG> (Thumb, 38 bytes, Stack size 8 bytes, deca_device.o(.text))
<BR><BR>[Stack]<UL><LI>Max Depth = 112<LI>Call Chain = _dwt_kick_dgc_on_wakeup &rArr; dwt_modify32bitoffsetreg &rArr; dwt_xfer3000 &rArr; _dbg_printf &rArr; USART1_SendBuffer
</UL>
<BR>[Calls]<UL><LI><a href="#[11d]">&gt;&gt;</a>&nbsp;&nbsp;&nbsp;dwt_modify32bitoffsetreg
</UL>
<BR>[Called By]<UL><LI><a href="#[144]">&gt;&gt;</a>&nbsp;&nbsp;&nbsp;dwt_configure
<LI><a href="#[13d]">&gt;&gt;</a>&nbsp;&nbsp;&nbsp;dwt_restoreconfig
</UL>

<P><STRONG><a name="[12e]"></a>dwt_force_clocks</STRONG> (Thumb, 32 bytes, Stack size 0 bytes, deca_device.o(.text))
<BR><BR>[Stack]<UL><LI>Max Depth = 104<LI>Call Chain = dwt_force_clocks &rArr; dwt_write16bitoffsetreg &rArr; dwt_writetodevice &rArr; dwt_xfer3000 &rArr; _dbg_printf &rArr; USART1_SendBuffer
</UL>
<BR>[Calls]<UL><LI><a href="#[11b]">&gt;&gt;</a>&nbsp;&nbsp;&nbsp;dwt_write16bitoffsetreg
</UL>
<BR>[Called By]<UL><LI><a href="#[195]">&gt;&gt;</a>&nbsp;&nbsp;&nbsp;dwt_calcpgcount
<LI><a href="#[18e]">&gt;&gt;</a>&nbsp;&nbsp;&nbsp;dwt_configcontinuousframemode
<LI><a href="#[18d]">&gt;&gt;</a>&nbsp;&nbsp;&nbsp;dwt_configcwmode
<LI><a href="#[134]">&gt;&gt;</a>&nbsp;&nbsp;&nbsp;dwt_calcbandwidthadj
<LI><a href="#[12d]">&gt;&gt;</a>&nbsp;&nbsp;&nbsp;dwt_setdwstate
</UL>

<P><STRONG><a name="[137]"></a>dwt_disable_rf_tx</STRONG> (Thumb, 50 bytes, Stack size 8 bytes, deca_device.o(.text))
<BR><BR>[Stack]<UL><LI>Max Depth = 120<LI>Call Chain = dwt_disable_rf_tx &rArr; dwt_write32bitoffsetreg &rArr; dwt_writetodevice &rArr; dwt_xfer3000 &rArr; _dbg_printf &rArr; USART1_SendBuffer
</UL>
<BR>[Calls]<UL><LI><a href="#[de]">&gt;&gt;</a>&nbsp;&nbsp;&nbsp;dwt_write32bitoffsetreg
</UL>
<BR>[Called By]<UL><LI><a href="#[195]">&gt;&gt;</a>&nbsp;&nbsp;&nbsp;dwt_calcpgcount
<LI><a href="#[134]">&gt;&gt;</a>&nbsp;&nbsp;&nbsp;dwt_calcbandwidthadj
</UL>

<P><STRONG><a name="[136]"></a>dwt_disable_rftx_blocks</STRONG> (Thumb, 12 bytes, Stack size 0 bytes, deca_device.o(.text))
<BR><BR>[Stack]<UL><LI>Max Depth = 112<LI>Call Chain = dwt_disable_rftx_blocks &rArr; dwt_write32bitoffsetreg &rArr; dwt_writetodevice &rArr; dwt_xfer3000 &rArr; _dbg_printf &rArr; USART1_SendBuffer
</UL>
<BR>[Calls]<UL><LI><a href="#[de]">&gt;&gt;</a>&nbsp;&nbsp;&nbsp;dwt_write32bitoffsetreg
</UL>
<BR>[Called By]<UL><LI><a href="#[195]">&gt;&gt;</a>&nbsp;&nbsp;&nbsp;dwt_calcpgcount
<LI><a href="#[134]">&gt;&gt;</a>&nbsp;&nbsp;&nbsp;dwt_calcbandwidthadj
</UL>

<P><STRONG><a name="[135]"></a>dwt_enable_rftx_blocks</STRONG> (Thumb, 36 bytes, Stack size 8 bytes, deca_device.o(.text))
<BR><BR>[Stack]<UL><LI>Max Depth = 112<LI>Call Chain = dwt_enable_rftx_blocks &rArr; dwt_modify32bitoffsetreg &rArr; dwt_xfer3000 &rArr; _dbg_printf &rArr; USART1_SendBuffer
</UL>
<BR>[Calls]<UL><LI><a href="#[11d]">&gt;&gt;</a>&nbsp;&nbsp;&nbsp;dwt_modify32bitoffsetreg
</UL>
<BR>[Called By]<UL><LI><a href="#[195]">&gt;&gt;</a>&nbsp;&nbsp;&nbsp;dwt_calcpgcount
<LI><a href="#[18e]">&gt;&gt;</a>&nbsp;&nbsp;&nbsp;dwt_configcontinuousframemode
<LI><a href="#[18d]">&gt;&gt;</a>&nbsp;&nbsp;&nbsp;dwt_configcwmode
<LI><a href="#[134]">&gt;&gt;</a>&nbsp;&nbsp;&nbsp;dwt_calcbandwidthadj
</UL>

<P><STRONG><a name="[148]"></a>get_sts_mnth</STRONG> (Thumb, 32 bytes, Stack size 0 bytes, deca_device.o(.text))
<BR><BR>[Called By]<UL><LI><a href="#[144]">&gt;&gt;</a>&nbsp;&nbsp;&nbsp;dwt_configure
</UL>

<P><STRONG><a name="[1b4]"></a>IntToUnicode</STRONG> (Thumb, 56 bytes, Stack size 20 bytes, hw_config.o(.text))
<BR><BR>[Stack]<UL><LI>Max Depth = 20<LI>Call Chain = IntToUnicode
</UL>
<BR>[Called By]<UL><LI><a href="#[1b3]">&gt;&gt;</a>&nbsp;&nbsp;&nbsp;Get_SerialNum
</UL>

<P><STRONG><a name="[1d5]"></a>DataStageIn</STRONG> (Thumb, 158 bytes, Stack size 32 bytes, usb_core.o(.text))
<BR><BR>[Stack]<UL><LI>Max Depth = 40<LI>Call Chain = DataStageIn &rArr; UserToPMABufferCopy
</UL>
<BR>[Calls]<UL><LI><a href="#[1d6]">&gt;&gt;</a>&nbsp;&nbsp;&nbsp;GetEPTxAddr
<LI><a href="#[1b7]">&gt;&gt;</a>&nbsp;&nbsp;&nbsp;UserToPMABufferCopy
<LI><a href="#[1b8]">&gt;&gt;</a>&nbsp;&nbsp;&nbsp;SetEPTxCount
</UL>
<BR>[Called By]<UL><LI><a href="#[1e3]">&gt;&gt;</a>&nbsp;&nbsp;&nbsp;In0_Process
<LI><a href="#[1df]">&gt;&gt;</a>&nbsp;&nbsp;&nbsp;Data_Setup0
</UL>

<P><STRONG><a name="[1d7]"></a>NoData_Setup0</STRONG> (Thumb, 236 bytes, Stack size 16 bytes, usb_core.o(.text))
<BR><BR>[Stack]<UL><LI>Max Depth = 40<LI>Call Chain = NoData_Setup0 &rArr; Standard_ClearFeature
</UL>
<BR>[Calls]<UL><LI><a href="#[1d9]">&gt;&gt;</a>&nbsp;&nbsp;&nbsp;Standard_SetDeviceFeature
<LI><a href="#[1db]">&gt;&gt;</a>&nbsp;&nbsp;&nbsp;Standard_SetEndPointFeature
<LI><a href="#[1d2]">&gt;&gt;</a>&nbsp;&nbsp;&nbsp;Standard_ClearFeature
<LI><a href="#[1da]">&gt;&gt;</a>&nbsp;&nbsp;&nbsp;Standard_SetInterface
<LI><a href="#[1d8]">&gt;&gt;</a>&nbsp;&nbsp;&nbsp;Standard_SetConfiguration
</UL>
<BR>[Called By]<UL><LI><a href="#[1e1]">&gt;&gt;</a>&nbsp;&nbsp;&nbsp;Setup0_Process
</UL>

<P><STRONG><a name="[1df]"></a>Data_Setup0</STRONG> (Thumb, 380 bytes, Stack size 24 bytes, usb_core.o(.text))
<BR><BR>[Stack]<UL><LI>Max Depth = 64<LI>Call Chain = Data_Setup0 &rArr; DataStageIn &rArr; UserToPMABufferCopy
</UL>
<BR>[Calls]<UL><LI><a href="#[1d5]">&gt;&gt;</a>&nbsp;&nbsp;&nbsp;DataStageIn
</UL>
<BR>[Called By]<UL><LI><a href="#[1e1]">&gt;&gt;</a>&nbsp;&nbsp;&nbsp;Setup0_Process
</UL>

<P><STRONG><a name="[1e5]"></a>DataStageOut</STRONG> (Thumb, 140 bytes, Stack size 32 bytes, usb_core.o(.text))
<BR><BR>[Stack]<UL><LI>Max Depth = 32<LI>Call Chain = DataStageOut
</UL>
<BR>[Calls]<UL><LI><a href="#[1e7]">&gt;&gt;</a>&nbsp;&nbsp;&nbsp;PMAToUserBufferCopy
<LI><a href="#[1e6]">&gt;&gt;</a>&nbsp;&nbsp;&nbsp;GetEPRxAddr
<LI><a href="#[1b8]">&gt;&gt;</a>&nbsp;&nbsp;&nbsp;SetEPTxCount
</UL>
<BR>[Called By]<UL><LI><a href="#[1e4]">&gt;&gt;</a>&nbsp;&nbsp;&nbsp;Out0_Process
</UL>

<P><STRONG><a name="[210]"></a>__NVIC_SystemReset</STRONG> (Thumb, 26 bytes, Stack size 0 bytes, stm32f10x_it.o(.text))
<BR><BR>[Called By]<UL><LI><a href="#[1e]">&gt;&gt;</a>&nbsp;&nbsp;&nbsp;UsageFault_Handler
<LI><a href="#[1d]">&gt;&gt;</a>&nbsp;&nbsp;&nbsp;BusFault_Handler
<LI><a href="#[1c]">&gt;&gt;</a>&nbsp;&nbsp;&nbsp;MemManage_Handler
<LI><a href="#[1b]">&gt;&gt;</a>&nbsp;&nbsp;&nbsp;HardFault_Handler
</UL>

<P><STRONG><a name="[23a]"></a>TI2_Config</STRONG> (Thumb, 166 bytes, Stack size 20 bytes, stm32f10x_tim.o(.text), UNUSED)
<BR><BR>[Called By]<UL><LI><a href="#[241]">&gt;&gt;</a>&nbsp;&nbsp;&nbsp;TIM_TIxExternalClockConfig
<LI><a href="#[23e]">&gt;&gt;</a>&nbsp;&nbsp;&nbsp;TIM_PWMIConfig
<LI><a href="#[237]">&gt;&gt;</a>&nbsp;&nbsp;&nbsp;TIM_ICInit
</UL>

<P><STRONG><a name="[238]"></a>TI1_Config</STRONG> (Thumb, 88 bytes, Stack size 16 bytes, stm32f10x_tim.o(.text), UNUSED)
<BR><BR>[Called By]<UL><LI><a href="#[241]">&gt;&gt;</a>&nbsp;&nbsp;&nbsp;TIM_TIxExternalClockConfig
<LI><a href="#[23e]">&gt;&gt;</a>&nbsp;&nbsp;&nbsp;TIM_PWMIConfig
<LI><a href="#[237]">&gt;&gt;</a>&nbsp;&nbsp;&nbsp;TIM_ICInit
</UL>

<P><STRONG><a name="[246]"></a>SetSysClockTo72</STRONG> (Thumb, 160 bytes, Stack size 12 bytes, system_stm32f10x.o(.text))
<BR><BR>[Stack]<UL><LI>Max Depth = 12<LI>Call Chain = SetSysClockTo72
</UL>
<BR>[Called By]<UL><LI><a href="#[4f]">&gt;&gt;</a>&nbsp;&nbsp;&nbsp;SystemInit
</UL>

<P><STRONG><a name="[248]"></a>Lzero</STRONG> (Thumb, 86 bytes, Stack size 1048 bytes, ait_cmd.o(.text))
<BR><BR>[Stack]<UL><LI>Max Depth = 1048<LI>Call Chain = Lzero
</UL>
<BR>[Calls]<UL><LI><a href="#[78]">&gt;&gt;</a>&nbsp;&nbsp;&nbsp;strlen
<LI><a href="#[76]">&gt;&gt;</a>&nbsp;&nbsp;&nbsp;__aeabi_memclr4
<LI><a href="#[ab]">&gt;&gt;</a>&nbsp;&nbsp;&nbsp;__aeabi_memcpy
</UL>
<BR>[Called By]<UL><LI><a href="#[24a]">&gt;&gt;</a>&nbsp;&nbsp;&nbsp;handle_gpio_test_cmd
</UL>

<P><STRONG><a name="[249]"></a>gpio_state_set</STRONG> (Thumb, 330 bytes, Stack size 40 bytes, ait_cmd.o(.text))
<BR><BR>[Stack]<UL><LI>Max Depth = 152<LI>Call Chain = gpio_state_set &rArr; dwt_write32bitoffsetreg &rArr; dwt_writetodevice &rArr; dwt_xfer3000 &rArr; _dbg_printf &rArr; USART1_SendBuffer
</UL>
<BR>[Calls]<UL><LI><a href="#[de]">&gt;&gt;</a>&nbsp;&nbsp;&nbsp;dwt_write32bitoffsetreg
<LI><a href="#[dd]">&gt;&gt;</a>&nbsp;&nbsp;&nbsp;GPIO_SetBits
<LI><a href="#[dc]">&gt;&gt;</a>&nbsp;&nbsp;&nbsp;GPIO_ResetBits
<LI><a href="#[d0]">&gt;&gt;</a>&nbsp;&nbsp;&nbsp;GPIO_Init
<LI><a href="#[119]">&gt;&gt;</a>&nbsp;&nbsp;&nbsp;dwt_read32bitoffsetreg
</UL>
<BR>[Called By]<UL><LI><a href="#[24a]">&gt;&gt;</a>&nbsp;&nbsp;&nbsp;handle_gpio_test_cmd
</UL>

<P><STRONG><a name="[24a]"></a>handle_gpio_test_cmd</STRONG> (Thumb, 678 bytes, Stack size 40 bytes, ait_cmd.o(.text))
<BR><BR>[Stack]<UL><LI>Max Depth = 1088<LI>Call Chain = handle_gpio_test_cmd &rArr; Lzero
</UL>
<BR>[Calls]<UL><LI><a href="#[7a]">&gt;&gt;</a>&nbsp;&nbsp;&nbsp;_dbg_printf
<LI><a href="#[249]">&gt;&gt;</a>&nbsp;&nbsp;&nbsp;gpio_state_set
<LI><a href="#[248]">&gt;&gt;</a>&nbsp;&nbsp;&nbsp;Lzero
<LI><a href="#[24b]">&gt;&gt;</a>&nbsp;&nbsp;&nbsp;StringToHex
<LI><a href="#[78]">&gt;&gt;</a>&nbsp;&nbsp;&nbsp;strlen
</UL>
<BR>[Called By]<UL><LI><a href="#[12]">&gt;&gt;</a>&nbsp;&nbsp;&nbsp;AT_CmdFunc_ANCHOR_GPIOTEST
</UL>

<P><STRONG><a name="[282]"></a>prepare_twr_resp_msg</STRONG> (Thumb, 302 bytes, Stack size 40 bytes, node.o(.text))
<BR><BR>[Stack]<UL><LI>Max Depth = 96<LI>Call Chain = prepare_twr_resp_msg &rArr; __aeabi_ui2d &rArr; _double_epilogue &rArr; _double_round
</UL>
<BR>[Calls]<UL><LI><a href="#[b9]">&gt;&gt;</a>&nbsp;&nbsp;&nbsp;__aeabi_ui2d
<LI><a href="#[284]">&gt;&gt;</a>&nbsp;&nbsp;&nbsp;App_Module_Get_SysState_Usercmd
<LI><a href="#[146]">&gt;&gt;</a>&nbsp;&nbsp;&nbsp;__aeabi_fmul
<LI><a href="#[283]">&gt;&gt;</a>&nbsp;&nbsp;&nbsp;util_us_to_dev_time
<LI><a href="#[285]">&gt;&gt;</a>&nbsp;&nbsp;&nbsp;__aeabi_f2uiz
</UL>
<BR>[Called By]<UL><LI><a href="#[286]">&gt;&gt;</a>&nbsp;&nbsp;&nbsp;twr_uwb_process
</UL>

<P><STRONG><a name="[286]"></a>twr_uwb_process</STRONG> (Thumb, 804 bytes, Stack size 96 bytes, node.o(.text))
<BR><BR>[Stack]<UL><LI>Max Depth = 264<LI>Call Chain = twr_uwb_process &rArr; OLED_Display &rArr; OLED_ShowStr &rArr; OLED_SetPos &rArr; WriteCmd &rArr; I2C_WriteByte &rArr; _dbg_printf &rArr; USART1_SendBuffer
</UL>
<BR>[Calls]<UL><LI><a href="#[da]">&gt;&gt;</a>&nbsp;&nbsp;&nbsp;__aeabi_fdiv
<LI><a href="#[d9]">&gt;&gt;</a>&nbsp;&nbsp;&nbsp;OLED_Display
<LI><a href="#[b8]">&gt;&gt;</a>&nbsp;&nbsp;&nbsp;node_twr_output_user
<LI><a href="#[260]">&gt;&gt;</a>&nbsp;&nbsp;&nbsp;get_aiio_output_state
<LI><a href="#[7c]">&gt;&gt;</a>&nbsp;&nbsp;&nbsp;port_tx_msg
<LI><a href="#[87]">&gt;&gt;</a>&nbsp;&nbsp;&nbsp;__aeabi_f2d
<LI><a href="#[86]">&gt;&gt;</a>&nbsp;&nbsp;&nbsp;__aeabi_d2f
<LI><a href="#[15a]">&gt;&gt;</a>&nbsp;&nbsp;&nbsp;__aeabi_i2f
<LI><a href="#[146]">&gt;&gt;</a>&nbsp;&nbsp;&nbsp;__aeabi_fmul
<LI><a href="#[191]">&gt;&gt;</a>&nbsp;&nbsp;&nbsp;__aeabi_fadd
<LI><a href="#[147]">&gt;&gt;</a>&nbsp;&nbsp;&nbsp;__aeabi_f2iz
<LI><a href="#[184]">&gt;&gt;</a>&nbsp;&nbsp;&nbsp;dwt_setrxtimeout
<LI><a href="#[17f]">&gt;&gt;</a>&nbsp;&nbsp;&nbsp;dwt_forcetrxoff
<LI><a href="#[17e]">&gt;&gt;</a>&nbsp;&nbsp;&nbsp;dwt_starttx
<LI><a href="#[17d]">&gt;&gt;</a>&nbsp;&nbsp;&nbsp;dwt_setdelayedtrxtime
<LI><a href="#[177]">&gt;&gt;</a>&nbsp;&nbsp;&nbsp;dwt_setrxaftertxdelay
<LI><a href="#[14d]">&gt;&gt;</a>&nbsp;&nbsp;&nbsp;dwt_writetxfctrl
<LI><a href="#[14c]">&gt;&gt;</a>&nbsp;&nbsp;&nbsp;dwt_writetxdata
<LI><a href="#[1f9]">&gt;&gt;</a>&nbsp;&nbsp;&nbsp;__aeabi_fsub
<LI><a href="#[1f8]">&gt;&gt;</a>&nbsp;&nbsp;&nbsp;__aeabi_dmul
<LI><a href="#[1f3]">&gt;&gt;</a>&nbsp;&nbsp;&nbsp;__aeabi_dadd
<LI><a href="#[287]">&gt;&gt;</a>&nbsp;&nbsp;&nbsp;__aeabi_l2f
<LI><a href="#[281]">&gt;&gt;</a>&nbsp;&nbsp;&nbsp;node_output_wifi
<LI><a href="#[280]">&gt;&gt;</a>&nbsp;&nbsp;&nbsp;node_output_pc
<LI><a href="#[27f]">&gt;&gt;</a>&nbsp;&nbsp;&nbsp;kalmanFilter_A
<LI><a href="#[282]">&gt;&gt;</a>&nbsp;&nbsp;&nbsp;prepare_twr_resp_msg
<LI><a href="#[272]">&gt;&gt;</a>&nbsp;&nbsp;&nbsp;portGetTickCnt
<LI><a href="#[ab]">&gt;&gt;</a>&nbsp;&nbsp;&nbsp;__aeabi_memcpy
</UL>
<BR>[Called By]<UL><LI><a href="#[28c]">&gt;&gt;</a>&nbsp;&nbsp;&nbsp;testapprun
</UL>

<P><STRONG><a name="[29a]"></a>tag_received_timeout_set</STRONG> (Thumb, 112 bytes, Stack size 24 bytes, tag.o(.text))
<BR><BR>[Stack]<UL><LI>Max Depth = 144<LI>Call Chain = tag_received_timeout_set &rArr; dwt_setrxtimeout &rArr; dwt_write32bitoffsetreg &rArr; dwt_writetodevice &rArr; dwt_xfer3000 &rArr; _dbg_printf &rArr; USART1_SendBuffer
</UL>
<BR>[Calls]<UL><LI><a href="#[b9]">&gt;&gt;</a>&nbsp;&nbsp;&nbsp;__aeabi_ui2d
<LI><a href="#[184]">&gt;&gt;</a>&nbsp;&nbsp;&nbsp;dwt_setrxtimeout
<LI><a href="#[183]">&gt;&gt;</a>&nbsp;&nbsp;&nbsp;dwt_rxenable
<LI><a href="#[17d]">&gt;&gt;</a>&nbsp;&nbsp;&nbsp;dwt_setdelayedtrxtime
<LI><a href="#[29b]">&gt;&gt;</a>&nbsp;&nbsp;&nbsp;util_us_to_sy
<LI><a href="#[29c]">&gt;&gt;</a>&nbsp;&nbsp;&nbsp;__aeabi_d2uiz
<LI><a href="#[283]">&gt;&gt;</a>&nbsp;&nbsp;&nbsp;util_us_to_dev_time
<LI><a href="#[24f]">&gt;&gt;</a>&nbsp;&nbsp;&nbsp;__aeabi_i2d
</UL>
<BR>[Called By]<UL><LI><a href="#[2a0]">&gt;&gt;</a>&nbsp;&nbsp;&nbsp;twr_rx_tag_timeout_cb
<LI><a href="#[29f]">&gt;&gt;</a>&nbsp;&nbsp;&nbsp;twr_rx_tag_cb
<LI><a href="#[29e]">&gt;&gt;</a>&nbsp;&nbsp;&nbsp;twr_tx_tag_cb
</UL>

<P><STRONG><a name="[29d]"></a>tx_start</STRONG> (Thumb, 90 bytes, Stack size 16 bytes, tag.o(.text))
<BR><BR>[Stack]<UL><LI>Max Depth = 144<LI>Call Chain = tx_start &rArr; dwt_setrxaftertxdelay &rArr; dwt_write32bitoffsetreg &rArr; dwt_writetodevice &rArr; dwt_xfer3000 &rArr; _dbg_printf &rArr; USART1_SendBuffer
</UL>
<BR>[Calls]<UL><LI><a href="#[184]">&gt;&gt;</a>&nbsp;&nbsp;&nbsp;dwt_setrxtimeout
<LI><a href="#[17f]">&gt;&gt;</a>&nbsp;&nbsp;&nbsp;dwt_forcetrxoff
<LI><a href="#[17e]">&gt;&gt;</a>&nbsp;&nbsp;&nbsp;dwt_starttx
<LI><a href="#[17d]">&gt;&gt;</a>&nbsp;&nbsp;&nbsp;dwt_setdelayedtrxtime
<LI><a href="#[177]">&gt;&gt;</a>&nbsp;&nbsp;&nbsp;dwt_setrxaftertxdelay
<LI><a href="#[14d]">&gt;&gt;</a>&nbsp;&nbsp;&nbsp;dwt_writetxfctrl
<LI><a href="#[14c]">&gt;&gt;</a>&nbsp;&nbsp;&nbsp;dwt_writetxdata
</UL>
<BR>[Called By]<UL><LI><a href="#[2a4]">&gt;&gt;</a>&nbsp;&nbsp;&nbsp;tagtestapprun
</UL>

<P><STRONG><a name="[2a5]"></a>prepare_twr_final_msg</STRONG> (Thumb, 172 bytes, Stack size 24 bytes, tag.o(.text))
<BR><BR>[Stack]<UL><LI>Max Depth = 80<LI>Call Chain = prepare_twr_final_msg &rArr; __aeabi_ui2d &rArr; _double_epilogue &rArr; _double_round
</UL>
<BR>[Calls]<UL><LI><a href="#[b9]">&gt;&gt;</a>&nbsp;&nbsp;&nbsp;__aeabi_ui2d
<LI><a href="#[283]">&gt;&gt;</a>&nbsp;&nbsp;&nbsp;util_us_to_dev_time
</UL>
<BR>[Called By]<UL><LI><a href="#[2a4]">&gt;&gt;</a>&nbsp;&nbsp;&nbsp;tagtestapprun
</UL>

<P><STRONG><a name="[2a6]"></a>twr_uwb_process</STRONG> (Thumb, 306 bytes, Stack size 20 bytes, tag.o(.text))
<BR><BR>[Stack]<UL><LI>Max Depth = 20<LI>Call Chain = twr_uwb_process
</UL>
<BR>[Called By]<UL><LI><a href="#[2a4]">&gt;&gt;</a>&nbsp;&nbsp;&nbsp;tagtestapprun
</UL>

<P><STRONG><a name="[2da]"></a>_fp_digits</STRONG> (Thumb, 366 bytes, Stack size 64 bytes, printfa.o(i._fp_digits), UNUSED)
<BR><BR>[Calls]<UL><LI><a href="#[ba]">&gt;&gt;</a>&nbsp;&nbsp;&nbsp;__aeabi_ddiv
<LI><a href="#[1f8]">&gt;&gt;</a>&nbsp;&nbsp;&nbsp;__aeabi_dmul
<LI><a href="#[1f3]">&gt;&gt;</a>&nbsp;&nbsp;&nbsp;__aeabi_dadd
<LI><a href="#[2ae]">&gt;&gt;</a>&nbsp;&nbsp;&nbsp;__aeabi_d2ulz
<LI><a href="#[268]">&gt;&gt;</a>&nbsp;&nbsp;&nbsp;__aeabi_cdrcmple
<LI><a href="#[2c0]">&gt;&gt;</a>&nbsp;&nbsp;&nbsp;__aeabi_uldivmod
</UL>
<BR>[Called By]<UL><LI><a href="#[2cd]">&gt;&gt;</a>&nbsp;&nbsp;&nbsp;_printf_core
</UL>

<P><STRONG><a name="[2cd]"></a>_printf_core</STRONG> (Thumb, 1744 bytes, Stack size 136 bytes, printfa.o(i._printf_core), UNUSED)
<BR><BR>[Calls]<UL><LI><a href="#[2db]">&gt;&gt;</a>&nbsp;&nbsp;&nbsp;_printf_pre_padding
<LI><a href="#[2dc]">&gt;&gt;</a>&nbsp;&nbsp;&nbsp;_printf_post_padding
<LI><a href="#[2da]">&gt;&gt;</a>&nbsp;&nbsp;&nbsp;_fp_digits
<LI><a href="#[2c0]">&gt;&gt;</a>&nbsp;&nbsp;&nbsp;__aeabi_uldivmod
<LI><a href="#[2dd]">&gt;&gt;</a>&nbsp;&nbsp;&nbsp;__aeabi_uidivmod
</UL>
<BR>[Called By]<UL><LI><a href="#[2cf]">&gt;&gt;</a>&nbsp;&nbsp;&nbsp;__0vsnprintf
<LI><a href="#[2ce]">&gt;&gt;</a>&nbsp;&nbsp;&nbsp;__0sprintf
<LI><a href="#[2cc]">&gt;&gt;</a>&nbsp;&nbsp;&nbsp;__0snprintf
</UL>

<P><STRONG><a name="[2dc]"></a>_printf_post_padding</STRONG> (Thumb, 36 bytes, Stack size 24 bytes, printfa.o(i._printf_post_padding), UNUSED)
<BR><BR>[Called By]<UL><LI><a href="#[2cd]">&gt;&gt;</a>&nbsp;&nbsp;&nbsp;_printf_core
</UL>

<P><STRONG><a name="[2db]"></a>_printf_pre_padding</STRONG> (Thumb, 46 bytes, Stack size 24 bytes, printfa.o(i._printf_pre_padding), UNUSED)
<BR><BR>[Called By]<UL><LI><a href="#[2cd]">&gt;&gt;</a>&nbsp;&nbsp;&nbsp;_printf_core
</UL>

<P><STRONG><a name="[54]"></a>_snputc</STRONG> (Thumb, 22 bytes, Stack size 0 bytes, printfa.o(i._snputc))
<BR>[Address Reference Count : 2]<UL><LI> printfa.o(i.__0snprintf)
<LI> printfa.o(i.__0vsnprintf)
</UL>
<P><STRONG><a name="[55]"></a>_sputc</STRONG> (Thumb, 10 bytes, Stack size 0 bytes, printfa.o(i._sputc))
<BR><BR>[Called By]<UL><LI><a href="#[2ce]">&gt;&gt;</a>&nbsp;&nbsp;&nbsp;__0sprintf
</UL>
<BR>[Address Reference Count : 1]<UL><LI> printfa.o(i.__0sprintf)
</UL>
<P><STRONG><a name="[2c2]"></a>_local_sscanf</STRONG> (Thumb, 54 bytes, Stack size 56 bytes, strtod.o(.text))
<BR><BR>[Stack]<UL><LI>Max Depth = 160<LI>Call Chain = _local_sscanf &rArr; _scanf_real
</UL>
<BR>[Calls]<UL><LI><a href="#[2c3]">&gt;&gt;</a>&nbsp;&nbsp;&nbsp;_scanf_real
</UL>
<BR>[Called By]<UL><LI><a href="#[2c4]">&gt;&gt;</a>&nbsp;&nbsp;&nbsp;__strtod_int
</UL>

<P><STRONG><a name="[2c9]"></a>_fp_value</STRONG> (Thumb, 296 bytes, Stack size 64 bytes, scanf_fp.o(.text), UNUSED)
<BR><BR>[Calls]<UL><LI><a href="#[ba]">&gt;&gt;</a>&nbsp;&nbsp;&nbsp;__aeabi_ddiv
<LI><a href="#[1f8]">&gt;&gt;</a>&nbsp;&nbsp;&nbsp;__aeabi_dmul
<LI><a href="#[2b0]">&gt;&gt;</a>&nbsp;&nbsp;&nbsp;__aeabi_ul2d
</UL>
<BR>[Called By]<UL><LI><a href="#[2ca]">&gt;&gt;</a>&nbsp;&nbsp;&nbsp;_scanf_really_real
</UL>
<P>
<H3>
Undefined Global Symbols
</H3><HR></body></html>
