<html>
<body>
<pre>
<h1>µVision Build Log</h1>
<h2>Tool Versions:</h2>
IDE-Version: µVision V5.31.0.0
Copyright (C) 2020 ARM Ltd and ARM Germany GmbH. All rights reserved.
License Information: bao han, baohan, LIC=D0D7S-LBYZW-30ZNC-7TC9J-WTZ55-3P3T0
 
Tool Versions:
Toolchain:       MDK-ARM Plus  Version: 5.31.0.0
Toolchain Path:  D:\keilc\keil_c\ARM\ARMCC\Bin
C Compiler:      Armcc.exe V5.06 update 6 (build 750)
Assembler:       Armasm.exe V5.06 update 6 (build 750)
Linker/Locator:  ArmLink.exe V5.06 update 6 (build 750)
Library Manager: ArmAr.exe V5.06 update 6 (build 750)
Hex Converter:   FromElf.exe V5.06 update 6 (build 750)
CPU DLL:         SARMCM3.DLL V5.31.0.0
Dialog DLL:      DCM.DLL V1.17.3.0
Target DLL:      STLink\ST-LINKIII-KEIL_SWO.dll V3.0.7.0
Dialog DLL:      TCM.DLL V1.46.0.0
 
<h2>Project:</h2>
C:\AI_folder\robocon\robot_shot\V_FLAME_MR 21\V_FLAME_MR 21\V_FLAME_MR1\V_FLAME_MR1\ROBOT_MR1\MDK-ARM\Project.uvprojx
Project File Date:  01/04/2025

<h2>Output:</h2>
*** Using Compiler 'V5.06 update 6 (build 750)', folder: 'D:\keilc\keil_c\ARM\ARMCC\Bin'
Build target 'Project'
compiling main.c...
..\LID_HMI.h(16): warning:  #223-D: function "strlen" declared implicitly
      int len = strlen(_buf1);
..\LID_HMI.h(17): warning:  #223-D: function "strcmp" declared implicitly
      if (strcmp(Buffer_HMI, _buf1) != 0) {	
..\LID_HMI.h(18): warning:  #223-D: function "strncpy" declared implicitly
          strncpy(Buffer_HMI, _buf1, sizeof(Buffer_HMI) - 1);  // Sao chép n?i dung m?i vào Buffer_HMI v?i gi?i h?n kích thu?c
..\LID_HMI.h(114): warning:  #223-D: function "strcat" declared implicitly
  strcat (ky_tu,ky_tu_1);
..\LID_HMI.h(97): warning:  #177-D: variable "k"  was declared but never referenced
  	char k=0xff,i;
..\LID_HMI.h(147): warning:  #223-D: function "strcat" declared implicitly
  strcat (ky_tu,ky_tu_1);
..\LID_HMI.h(132): warning:  #177-D: variable "k"  was declared but never referenced
  	char k=0xff,i;
..\LID_HMI.h(188): warning:  #223-D: function "strcat" declared implicitly
  strcat (ky_tu,ky_tu_1);
..\LID_HMI.h(171): warning:  #177-D: variable "k"  was declared but never referenced
  	char k=0xff,i;
..\doc_tay_game.h(350): warning:  #177-D: variable "CANH_A"  was declared but never referenced
  	   float CANH_A,CANH_B;
..\doc_tay_game.h(350): warning:  #177-D: variable "CANH_B"  was declared but never referenced
  	   float CANH_A,CANH_B;
..\config.h(313): warning:  #940-D: missing return statement at end of non-void function "ENCODER_TONG" 
  }
..\config.h(603): warning:  #177-D: variable "NVIC_InitStructure"  was declared but never referenced
  	NVIC_InitTypeDef NVIC_InitStructure;
..\config.h(1530): warning:  #188-D: enumerated type mixed with another type
  											GPIO_WriteBit(GPIOC,GPIO_Pin_15,0);
..\config.h(1534): warning:  #188-D: enumerated type mixed with another type
  											GPIO_WriteBit(GPIOC,GPIO_Pin_15,1);
..\config.h(1572): warning:  #111-D: statement is unreachable
  										break;
..\config.h(1521): warning:  #177-D: variable "camera"  was declared but never referenced
  		char*camera="11111111111111111111110111111111";
..\config.h(1524): warning:  #550-D: variable "_chu_cac_bit"  was set but never used
  									char _chu_cac_bit[40];
..\config.h(1652): warning:  #177-D: variable "_k"  was declared but never referenced
  	{int _k,_i;
..\config.h(1652): warning:  #177-D: variable "_i"  was declared but never referenced
  	{int _k,_i;
..\config.h(1664): warning:  #1-D: last line of file ends without a newline
  }
..\4OmniControler.h(431): warning:  #1035-D: single-precision operand implicitly converted to double-precision
  			robotRotate(robotAngle, (abs(robotAngle - _robotIMUAngle) > 100? (robotAngle > _robotIMUAngle ? rotate: -rotate):(robotAngle - _robotIMUAngle)*0.005), 0);
..\DieuKhienCoCau.h(50): warning:  #177-D: variable "td_x"  was declared but never referenced
  	int tocdo = 15 , td_x = 5;
..\DieuKhienCoCau.h(279): warning:  #188-D: enumerated type mixed with another type
  			XI_LANH_RE_RA;
..\DieuKhienCoCau.h(280): warning:  #188-D: enumerated type mixed with another type
  			if(!CB_XI_LANH_TRUOT_DAY_RA)	XI_LANH_KEPBONG_MO;
..\DieuKhienCoCau.h(285): warning:  #188-D: enumerated type mixed with another type
  			XI_LANH_KEPBONG_DONG;
..\DieuKhienCoCau.h(287): warning:  #188-D: enumerated type mixed with another type
  			XI_LANH_RE_VAO;
..\DieuKhienCoCau.h(298): warning:  #188-D: enumerated type mixed with another type
  			XI_LANH_RE_RA;
..\DieuKhienCoCau.h(302): warning:  #188-D: enumerated type mixed with another type
  			XI_LANH_DAYBONG_XUONG;
..\DieuKhienCoCau.h(305): warning:  #188-D: enumerated type mixed with another type
  			XI_LANH_KEPBONG_MO;
..\DieuKhienCoCau.h(312): warning:  #188-D: enumerated type mixed with another type
  			XI_LANH_DAYBONG_LEN;
..\DieuKhienCoCau.h(317): warning:  #188-D: enumerated type mixed with another type
  			XI_LANH_KEPBONG_DONG;
..\DieuKhienCoCau.h(321): warning:  #188-D: enumerated type mixed with another type
  			XI_LANH_RE_VAO;
..\DieuKhienCoCau.h(334): warning:  #188-D: enumerated type mixed with another type
  		XI_LANH_KEPBONG_MO;
..\DieuKhienCoCau.h(340): warning:  #188-D: enumerated type mixed with another type
  		XI_LANH_KEPBONG_DONG;
..\DieuKhienCoCau.h(351): warning:  #188-D: enumerated type mixed with another type
  			XI_LANH_RE_RA;
..\DieuKhienCoCau.h(356): warning:  #188-D: enumerated type mixed with another type
  			XI_LANH_RE_VAO;
..\DieuKhienCoCau.h(369): warning:  #188-D: enumerated type mixed with another type
  										XI_LANH_DAY_BONG_RA;
..\DieuKhienCoCau.h(372): warning:  #188-D: enumerated type mixed with another type
  										XI_LANH_DAY_BONG_VAO;
..\DieuKhienCoCau.h(399): warning:  #188-D: enumerated type mixed with another type
  										XI_LANH_DAY_BONG_RA;
..\DieuKhienCoCau.h(403): warning:  #188-D: enumerated type mixed with another type
  										XI_LANH_DAY_BONG_VAO;
..\DieuKhienCoCau.h(573): warning:  #188-D: enumerated type mixed with another type
              XI_LANH_DAY_BONG_RA;
..\DieuKhienCoCau.h(576): warning:  #188-D: enumerated type mixed with another type
              XI_LANH_DAY_BONG_VAO;
..\DieuKhienCoCau.h(590): warning:  #188-D: enumerated type mixed with another type
              XI_LANH_DAY_BONG_RA;
..\DieuKhienCoCau.h(593): warning:  #188-D: enumerated type mixed with another type
              XI_LANH_DAY_BONG_VAO;
..\DieuKhienCoCau.h(636): warning:  #188-D: enumerated type mixed with another type
  						LED_TAM_LECH;
..\DieuKhienCoCau.h(638): warning:  #188-D: enumerated type mixed with another type
  						LED_TAM_LECH;
..\DieuKhienCoCau.h(640): warning:  #188-D: enumerated type mixed with another type
              LED_TAM_CHUAN;	
..\DieuKhienCoCau.h(743): warning:  #1035-D: single-precision operand implicitly converted to double-precision
      gocBanlidar = GOC_MOC + ((received_distance - MOCCHUAN) / MOCCHUAN) * (GOC_MAX1 - GOC_MIN1) * GOC_ALPHA;
..\BasicFunction.h(593): warning:  #1-D: last line of file ends without a newline
  //}
..\San_Xanh.h(700): warning:  #1-D: last line of file ends without a newline
  //}
..\San_Do.h(702): warning:  #1-D: last line of file ends without a newline
  //}
..\main.c: 52 warnings, 0 errors
linking...
Program Size: Code=47736 RO-data=944 RW-data=812 ZI-data=12172  
FromELF: creating hex file...
".\Project\Project.axf" - 0 Error(s), 52 Warning(s).

<h2>Software Packages used:</h2>

Package Vendor: ARM
                http://www.keil.com/pack/ARM.CMSIS.5.7.0.pack
                ARM.CMSIS.5.7.0
                CMSIS (Cortex Microcontroller Software Interface Standard)
   * Component: CORE Version: 5.4.0

Package Vendor: Keil
                https://www.keil.com/pack/Keil.STM32F4xx_DFP.3.0.0.pack
                Keil.STM32F4xx_DFP.3.0.0
                STMicroelectronics STM32F4 Series Device Support

<h2>Collection of Component include folders:</h2>
  .\RTE\_Project
  D:\keilc\pack\ARM\CMSIS\5.7.0\CMSIS\Core\Include

<h2>Collection of Component Files used:</h2>

   * Component: ARM::CMSIS:CORE:5.4.0
Build Time Elapsed:  00:00:01
</pre>
</body>
</html>
